Archive member included to satisfy reference by file (symbol)

C:\Users\21404\AppData\Local\Temp\arduino\sketches\8B5082B71819AA0E12527BBEDA18C7A7/..\..\cores\907f208da1f5405b94dae7409b9f731e\core.a(Print.cpp.o)
                              C:\Users\21404\AppData\Local\Temp\arduino\sketches\8B5082B71819AA0E12527BBEDA18C7A7\libraries\Adafruit_Unified_Sensor\Adafruit_Sensor.cpp.o (Print::print(__FlashStringHelper const*))
C:\Users\21404\AppData\Local\Temp\arduino\sketches\8B5082B71819AA0E12527BBEDA18C7A7/..\..\cores\907f208da1f5405b94dae7409b9f731e\core.a(RingBuffer.cpp.o)
                              C:\Users\21404\AppData\Local\Temp\arduino\sketches\8B5082B71819AA0E12527BBEDA18C7A7\libraries\Wire\Wire_nRF52.cpp.o (RingBuffer::RingBuffer())
C:\Users\21404\AppData\Local\Temp\arduino\sketches\8B5082B71819AA0E12527BBEDA18C7A7/..\..\cores\907f208da1f5405b94dae7409b9f731e\core.a(Uart.cpp.o)
                              C:\Users\21404\AppData\Local\Temp\arduino\sketches\8B5082B71819AA0E12527BBEDA18C7A7\sketch\sensor_sa1.ino.cpp.o (Uart::begin(unsigned long))
C:\Users\21404\AppData\Local\Temp\arduino\sketches\8B5082B71819AA0E12527BBEDA18C7A7/..\..\cores\907f208da1f5405b94dae7409b9f731e\core.a(WMath.cpp.o)
                              C:\Users\21404\AppData\Local\Temp\arduino\sketches\8B5082B71819AA0E12527BBEDA18C7A7\sketch\sensor_sa1.ino.cpp.o (randomSeed(unsigned long))
C:\Users\21404\AppData\Local\Temp\arduino\sketches\8B5082B71819AA0E12527BBEDA18C7A7/..\..\cores\907f208da1f5405b94dae7409b9f731e\core.a(WString.cpp.o)
                              C:\Users\21404\AppData\Local\Temp\arduino\sketches\8B5082B71819AA0E12527BBEDA18C7A7\sketch\sensor_sa1.ino.cpp.o (String::String(char const*))
C:\Users\21404\AppData\Local\Temp\arduino\sketches\8B5082B71819AA0E12527BBEDA18C7A7/..\..\cores\907f208da1f5405b94dae7409b9f731e\core.a(abi.cpp.o)
                              C:\Users\21404\AppData\Local\Temp\arduino\sketches\8B5082B71819AA0E12527BBEDA18C7A7/..\..\cores\907f208da1f5405b94dae7409b9f731e\core.a(Print.cpp.o) (__cxa_pure_virtual)
C:\Users\21404\AppData\Local\Temp\arduino\sketches\8B5082B71819AA0E12527BBEDA18C7A7/..\..\cores\907f208da1f5405b94dae7409b9f731e\core.a(dtostrf.c.o)
                              C:\Users\21404\AppData\Local\Temp\arduino\sketches\8B5082B71819AA0E12527BBEDA18C7A7/..\..\cores\907f208da1f5405b94dae7409b9f731e\core.a(WString.cpp.o) (dtostrf)
C:\Users\21404\AppData\Local\Temp\arduino\sketches\8B5082B71819AA0E12527BBEDA18C7A7/..\..\cores\907f208da1f5405b94dae7409b9f731e\core.a(delay.c.o)
                              C:\Users\21404\AppData\Local\Temp\arduino\sketches\8B5082B71819AA0E12527BBEDA18C7A7\sketch\sensor_sa1.ino.cpp.o (millis)
C:\Users\21404\AppData\Local\Temp\arduino\sketches\8B5082B71819AA0E12527BBEDA18C7A7/..\..\cores\907f208da1f5405b94dae7409b9f731e\core.a(heap_3.c.o)
                              C:\Users\21404\AppData\Local\Temp\arduino\sketches\8B5082B71819AA0E12527BBEDA18C7A7/..\..\cores\907f208da1f5405b94dae7409b9f731e\core.a(WString.cpp.o) (__wrap_malloc)
C:\Users\21404\AppData\Local\Temp\arduino\sketches\8B5082B71819AA0E12527BBEDA18C7A7/..\..\cores\907f208da1f5405b94dae7409b9f731e\core.a(queue.c.o)
                              C:\Users\21404\AppData\Local\Temp\arduino\sketches\8B5082B71819AA0E12527BBEDA18C7A7/..\..\cores\907f208da1f5405b94dae7409b9f731e\core.a(Uart.cpp.o) (xQueueGenericCreate)
C:\Users\21404\AppData\Local\Temp\arduino\sketches\8B5082B71819AA0E12527BBEDA18C7A7/..\..\cores\907f208da1f5405b94dae7409b9f731e\core.a(tasks.c.o)
                              C:\Users\21404\AppData\Local\Temp\arduino\sketches\8B5082B71819AA0E12527BBEDA18C7A7/..\..\cores\907f208da1f5405b94dae7409b9f731e\core.a(heap_3.c.o) (vTaskSuspendAll)
C:\Users\21404\AppData\Local\Temp\arduino\sketches\8B5082B71819AA0E12527BBEDA18C7A7/..\..\cores\907f208da1f5405b94dae7409b9f731e\core.a(timers.c.o)
                              C:\Users\21404\AppData\Local\Temp\arduino\sketches\8B5082B71819AA0E12527BBEDA18C7A7/..\..\cores\907f208da1f5405b94dae7409b9f731e\core.a(tasks.c.o) (xTimerCreateTimerTask)
C:\Users\21404\AppData\Local\Temp\arduino\sketches\8B5082B71819AA0E12527BBEDA18C7A7/..\..\cores\907f208da1f5405b94dae7409b9f731e\core.a(port_cmsis.c.o)
                              C:\Users\21404\AppData\Local\Temp\arduino\sketches\8B5082B71819AA0E12527BBEDA18C7A7/..\..\cores\907f208da1f5405b94dae7409b9f731e\core.a(tasks.c.o) (pxPortInitialiseStack)
C:\Users\21404\AppData\Local\Temp\arduino\sketches\8B5082B71819AA0E12527BBEDA18C7A7/..\..\cores\907f208da1f5405b94dae7409b9f731e\core.a(port_cmsis_systick.c.o)
                              C:\Users\21404\AppData\Local\Temp\arduino\sketches\8B5082B71819AA0E12527BBEDA18C7A7/..\..\cores\907f208da1f5405b94dae7409b9f731e\core.a(port_cmsis.c.o) (vPortSetupTimerInterrupt)
C:\Users\21404\AppData\Local\Temp\arduino\sketches\8B5082B71819AA0E12527BBEDA18C7A7/..\..\cores\907f208da1f5405b94dae7409b9f731e\core.a(port.c.o)
[...]
Memory Configuration

Name             Origin             Length             Attributes
FLASH            0x00026000         0x00047000         xr
RAM              0x20003600         0x0000ca00         xrw
*default*        0x00000000         0xffffffff

Linker script and memory map

                0x00000800                __StackSize = 0x800
                0x20010000                PROVIDE (__StackTop = (ORIGIN (RAM) + LENGTH (RAM)))
                0x2000f800                PROVIDE (__StackLimit = (__StackTop - __StackSize))
                0x20010000                PROVIDE (__stack = __StackTop)
                0x00026000                __flash_arduino_start = ORIGIN (FLASH)
                0x0006d000                __flash_arduino_end = (ORIGIN (FLASH) + LENGTH (FLASH))

.text           0x00026000     0x9914
 *(.isr_vector)
 .isr_vector    0x00026000      0x200 C:\Users\21404\AppData\Local\Temp\arduino\sketches\8B5082B71819AA0E12527BBEDA18C7A7/..\..\cores\907f208da1f5405b94dae7409b9f731e\core.a(gcc_startup_nrf52.S.o)
                0x00026000                __isr_vector
 *(.text*)
 .text.startup  0x00026200       0x10 c:/users/21404/appdata/local/arduino15/packages/adafruit/tools/arm-none-eabi-gcc/9-2019q4/bin/../lib/gcc/arm-none-eabi/9.2.1/thumb/v7e-m+fp/hard/crtfastmath.o
 .text          0x00026210       0x40 c:/users/21404/appdata/local/arduino15/packages/adafruit/tools/arm-none-eabi-gcc/9-2019q4/bin/../lib/gcc/arm-none-eabi/9.2.1/thumb/v7e-m+fp/hard/crtbegin.o
 .text          0x00026250       0x74 c:/users/21404/appdata/local/arduino15/packages/adafruit/tools/arm-none-eabi-gcc/9-2019q4/bin/../lib/gcc/arm-none-eabi/9.2.1/../../../../arm-none-eabi/lib/thumb/v7e-m+fp/hard/crt0.o
                0x00026250                _start
                0x00026250                _mainCRTStartup
 .text._Z18spis_event_handlerPK15nrfx_spis_evt_tPv
                0x000262c4       0x10 C:\Users\21404\AppData\Local\Temp\arduino\sketches\8B5082B71819AA0E12527BBEDA18C7A7\sketch\sensor_sa1.ino.cpp.o
                0x000262c4                spis_event_handler(nrfx_spis_evt_t const*, void*)
 .text._Z17initializeSensorsv
                0x000262d4       0xb8 C:\Users\21404\AppData\Local\Temp\arduino\sketches\8B5082B71819AA0E12527BBEDA18C7A7\sketch\sensor_sa1.ino.cpp.o
                0x000262d4                initializeSensors()
 *fill*         0x0002638c        0x4 
 .text.loop     0x00026390      0x390 C:\Users\21404\AppData\Local\Temp\arduino\sketches\8B5082B71819AA0E12527BBEDA18C7A7\sketch\sensor_sa1.ino.cpp.o
                0x00026390                loop
 .text.startup._GLOBAL__sub_I_particleSensor
                0x00026720       0x30 C:\Users\21404\AppData\Local\Temp\arduino\sketches\8B5082B71819AA0E12527BBEDA18C7A7\sketch\sensor_sa1.ino.cpp.o
 .text.setup    0x00026750       0xc4 C:\Users\21404\AppData\Local\Temp\arduino\sketches\8B5082B71819AA0E12527BBEDA18C7A7\sketch\sensor_sa1.ino.cpp.o
                0x00026750                setup
 .text._ZN5Print17availableForWriteEv
                0x00026814        0x4 C:\Users\21404\AppData\Local\Temp\arduino\sketches\8B5082B71819AA0E12527BBEDA18C7A7\libraries\Wire\Wire_nRF52.cpp.o
                0x00026814                Print::availableForWrite()
 .text._ZN7TwoWire5flushEv
                0x00026818        0x4 C:\Users\21404\AppData\Local\Temp\arduino\sketches\8B5082B71819AA0E12527BBEDA18C7A7\libraries\Wire\Wire_nRF52.cpp.o
                0x00026818                TwoWire::flush()
 .text._ZN7TwoWire9availableEv
                0x0002681c        0x8 C:\Users\21404\AppData\Local\Temp\arduino\sketches\8B5082B71819AA0E12527BBEDA18C7A7\libraries\Wire\Wire_nRF52.cpp.o
                0x0002681c                TwoWire::available()
 .text._ZN7TwoWire5writeEh
                0x00026824       0x28 C:\Users\21404\AppData\Local\Temp\arduino\sketches\8B5082B71819AA0E12527BBEDA18C7A7\libraries\Wire\Wire_nRF52.cpp.o
                0x00026824                TwoWire::write(unsigned char)
 .text._ZN7TwoWire4readEv
                0x0002684c        0x8 C:\Users\21404\AppData\Local\Temp\arduino\sketches\8B5082B71819AA0E12527BBEDA18C7A7\libraries\Wire\Wire_nRF52.cpp.o
                0x0002684c                TwoWire::read()
 .text._ZN7TwoWire4peekEv
                0x00026854        0x8 C:\Users\21404\AppData\Local\Temp\arduino\sketches\8B5082B71819AA0E12527BBEDA18C7A7\libraries\Wire\Wire_nRF52.cpp.o
                0x00026854                TwoWire::peek()
 .text._ZN7TwoWire5writeEPKhj
                0x0002685c       0x70 C:\Users\21404\AppData\Local\Temp\arduino\sketches\8B5082B71819AA0E12527BBEDA18C7A7\libraries\Wire\Wire_nRF52.cpp.o
                0x0002685c                TwoWire::write(unsigned char const*, unsigned int)
 .text._ZN7TwoWire5beginEv
                0x000268cc       0x90 C:\Users\21404\AppData\Local\Temp\arduino\sketches\8B5082B71819AA0E12527BBEDA18C7A7\libraries\Wire\Wire_nRF52.cpp.o
                0x000268cc                TwoWire::begin()
 .text._ZN7TwoWire8setClockEm
                0x0002695c       0x3c C:\Users\21404\AppData\Local\Temp\arduino\sketches\8B5082B71819AA0E12527BBEDA18C7A7\libraries\Wire\Wire_nRF52.cpp.o
                0x0002695c                TwoWire::setClock(unsigned long)
 .text._ZN7TwoWire11requestFromEhjb
                0x00026998       0xa8 C:\Users\21404\AppData\Local\Temp\arduino\sketches\8B5082B71819AA0E12527BBEDA18C7A7\libraries\Wire\Wire_nRF52.cpp.o
                0x00026998                TwoWire::requestFrom(unsigned char, unsigned int, bool)
 .text._ZN7TwoWire11requestFromEhj
                0x00026a40       0x80 C:\Users\21404\AppData\Local\Temp\arduino\sketches\8B5082B71819AA0E12527BBEDA18C7A7\libraries\Wire\Wire_nRF52.cpp.o
                0x00026a40                TwoWire::requestFrom(unsigned char, unsigned int)
 .text._ZN7TwoWire17beginTransmissionEh
                0x00026ac0       0x14 C:\Users\21404\AppData\Local\Temp\arduino\sketches\8B5082B71819AA0E12527BBEDA18C7A7\libraries\Wire\Wire_nRF52.cpp.o
                0x00026ac0                TwoWire::beginTransmission(unsigned char)
 .text._ZN7TwoWire15endTransmissionEb
                0x00026ad4       0xbc C:\Users\21404\AppData\Local\Temp\arduino\sketches\8B5082B71819AA0E12527BBEDA18C7A7\libraries\Wire\Wire_nRF52.cpp.o
                0x00026ad4                TwoWire::endTransmission(bool)
 .text._ZN7TwoWire15endTransmissionEv
                0x00026b90        0x8 C:\Users\21404\AppData\Local\Temp\arduino\sketches\8B5082B71819AA0E12527BBEDA18C7A7\libraries\Wire\Wire_nRF52.cpp.o
                0x00026b90                TwoWire::endTransmission()
 .text.SPIM0_SPIS0_TWIM0_TWIS0_SPI0_TWI0_IRQHandler
                0x00026b98       0xb4 C:\Users\21404\AppData\Local\Temp\arduino\sketches\8B5082B71819AA0E12527BBEDA18C7A7\libraries\Wire\Wire_nRF52.cpp.o
                0x00026b98                SPIM0_SPIS0_TWIM0_TWIS0_SPI0_TWI0_IRQHandler
 .text.startup._GLOBAL__sub_I__ZN7TwoWireC2EP13NRF_TWIM_TypeP13NRF_TWIS_Type9IRQn_Typehh
                0x00026c4c       0x4c C:\Users\21404\AppData\Local\Temp\arduino\sketches\8B5082B71819AA0E12527BBEDA18C7A7\libraries\Wire\Wire_nRF52.cpp.o
 .text._ZN8MAX30105C2Ev
                0x00026c98        0x4 C:\Users\21404\AppData\Local\Temp\arduino\sketches\8B5082B71819AA0E12527BBEDA18C7A7\libraries\SparkFun_MAX3010x_Pulse_and_Proximity_Sensor_Library\MAX30105.cpp.o
                0x00026c98                MAX30105::MAX30105()
                0x00026c98                MAX30105::MAX30105()
 .text._ZN8MAX3010520setPulseAmplitudeRedEh
                0x00026c9c       0x2c C:\Users\21404\AppData\Local\Temp\arduino\sketches\8B5082B71819AA0E12527BBEDA18C7A7\libraries\SparkFun_MAX3010x_Pulse_and_Proximity_Sensor_Library\MAX30105.cpp.o
                0x00026c9c                MAX30105::setPulseAmplitudeRed(unsigned char)
 .text._ZN8MAX3010519setPulseAmplitudeIREh
                0x00026cc8       0x2c C:\Users\21404\AppData\Local\Temp\arduino\sketches\8B5082B71819AA0E12527BBEDA18C7A7\libraries\SparkFun_MAX3010x_Pulse_and_Proximity_Sensor_Library\MAX30105.cpp.o
                0x00026cc8                MAX30105::setPulseAmplitudeIR(unsigned char)
 .text._ZN8MAX3010522setPulseAmplitudeGreenEh
                0x00026cf4       0x2c C:\Users\21404\AppData\Local\Temp\arduino\sketches\8B5082B71819AA0E12527BBEDA18C7A7\libraries\SparkFun_MAX3010x_Pulse_and_Proximity_Sensor_Library\MAX30105.cpp.o
                0x00026cf4                MAX30105::setPulseAmplitudeGreen(unsigned char)
 .text._ZN8MAX301059availableEv
                0x00026d20       0x18 C:\Users\21404\AppData\Local\Temp\arduino\sketches\8B5082B71819AA0E12527BBEDA18C7A7\libraries\SparkFun_MAX3010x_Pulse_and_Proximity_Sensor_Library\MAX30105.cpp.o
                0x00026d20                MAX30105::available()
 .text._ZN8MAX3010510getFIFORedEv
                0x00026d38        0xc C:\Users\21404\AppData\Local\Temp\arduino\sketches\8B5082B71819AA0E12527BBEDA18C7A7\libraries\SparkFun_MAX3010x_Pulse_and_Proximity_Sensor_Library\MAX30105.cpp.o
                0x00026d38                MAX30105::getFIFORed()
 .text._ZN8MAX301059getFIFOIREv
                0x00026d44        0xc C:\Users\21404\AppData\Local\Temp\arduino\sketches\8B5082B71819AA0E12527BBEDA18C7A7\libraries\SparkFun_MAX3010x_Pulse_and_Proximity_Sensor_Library\MAX30105.cpp.o
                0x00026d44                MAX30105::getFIFOIR()
 .text._ZN8MAX3010512getFIFOGreenEv
                0x00026d50        0xc C:\Users\21404\AppData\Local\Temp\arduino\sketches\8B5082B71819AA0E12527BBEDA18C7A7\libraries\SparkFun_MAX3010x_Pulse_and_Proximity_Sensor_Library\MAX30105.cpp.o
                0x00026d50                MAX30105::getFIFOGreen()
 .text._ZN8MAX3010510nextSampleEv
                0x00026d5c       0x24 C:\Users\21404\AppData\Local\Temp\arduino\sketches\8B5082B71819AA0E12527BBEDA18C7A7\libraries\SparkFun_MAX3010x_Pulse_and_Proximity_Sensor_Library\MAX30105.cpp.o
                0x00026d5c                MAX30105::nextSample()
 .text._ZN8MAX3010513readRegister8Ehh
                0x00026d80       0x40 C:\Users\21404\AppData\Local\Temp\arduino\sketches\8B5082B71819AA0E12527BBEDA18C7A7\libraries\SparkFun_MAX3010x_Pulse_and_Proximity_Sensor_Library\MAX30105.cpp.o
                0x00026d80                MAX30105::readRegister8(unsigned char, unsigned char)
 .text._ZN8MAX301055checkEv
                0x00026dc0      0x188 C:\Users\21404\AppData\Local\Temp\arduino\sketches\8B5082B71819AA0E12527BBEDA18C7A7\libraries\SparkFun_MAX3010x_Pulse_and_Proximity_Sensor_Library\MAX30105.cpp.o
                0x00026dc0                MAX30105::check()
 .text._ZN8MAX301055beginER7TwoWiremh
                0x00026f48       0x44 C:\Users\21404\AppData\Local\Temp\arduino\sketches\8B5082B71819AA0E12527BBEDA18C7A7\libraries\SparkFun_MAX3010x_Pulse_and_Proximity_Sensor_Library\MAX30105.cpp.o
                0x00026f48                MAX30105::begin(TwoWire&, unsigned long, unsigned char)
 .text._ZN8MAX301055setupEhhhiii
                0x00026f8c      0x7cc C:\Users\21404\AppData\Local\Temp\arduino\sketches\8B5082B71819AA0E12527BBEDA18C7A7\libraries\SparkFun_MAX3010x_Pulse_and_Proximity_Sensor_Library\MAX30105.cpp.o
                0x00026f8c                MAX30105::setup(unsigned char, unsigned char, unsigned char, int, int, int)
 .text._ZN15Adafruit_TMP117C2Ev
                0x00027758        0xc C:\Users\21404\AppData\Local\Temp\arduino\sketches\8B5082B71819AA0E12527BBEDA18C7A7\libraries\Adafruit_TMP117\Adafruit_TMP117.cpp.o
                0x00027758                Adafruit_TMP117::Adafruit_TMP117()
                0x00027758                Adafruit_TMP117::Adafruit_TMP117()
 .text._ZN15Adafruit_TMP117D2Ev
                0x00027764       0x20 C:\Users\21404\AppData\Local\Temp\arduino\sketches\8B5082B71819AA0E12527BBEDA18C7A7\libraries\Adafruit_TMP117\Adafruit_TMP117.cpp.o
                0x00027764                Adafruit_TMP117::~Adafruit_TMP117()
                0x00027764                Adafruit_TMP117::~Adafruit_TMP117()
 .text._ZN15Adafruit_TMP1175_initEl
                0x00027784       0xb8 C:\Users\21404\AppData\Local\Temp\arduino\sketches\8B5082B71819AA0E12527BBEDA18C7A7\libraries\Adafruit_TMP117\Adafruit_TMP117.cpp.o
                0x00027784                Adafruit_TMP117::_init(long)
 .text._ZN15Adafruit_TMP1175beginEhP7TwoWirel
                0x0002783c       0x3c C:\Users\21404\AppData\Local\Temp\arduino\sketches\8B5082B71819AA0E12527BBEDA18C7A7\libraries\Adafruit_TMP117\Adafruit_TMP117.cpp.o
                0x0002783c                Adafruit_TMP117::begin(unsigned char, TwoWire*, long)
 .text._ZN15Adafruit_TMP1178getEventEP15sensors_event_t
                0x00027878       0x7c C:\Users\21404\AppData\Local\Temp\arduino\sketches\8B5082B71819AA0E12527BBEDA18C7A7\libraries\Adafruit_TMP117\Adafruit_TMP117.cpp.o
                0x00027878                Adafruit_TMP117::getEvent(sensors_event_t*)
 .text._ZN15Adafruit_TMP11722setAveragedSampleCountE22tmp117_average_count_t
                0x000278f4       0x20 C:\Users\21404\AppData\Local\Temp\arduino\sketches\8B5082B71819AA0E12527BBEDA18C7A7\libraries\Adafruit_TMP117\Adafruit_TMP117.cpp.o
                0x000278f4                Adafruit_TMP117::setAveragedSampleCount(tmp117_average_count_t)
 .text._ZN15Adafruit_TMP11712setReadDelayE14tmp117_delay_t
                0x00027914       0x20 C:\Users\21404\AppData\Local\Temp\arduino\sketches\8B5082B71819AA0E12527BBEDA18C7A7\libraries\Adafruit_TMP117\Adafruit_TMP117.cpp.o
                0x00027914                Adafruit_TMP117::setReadDelay(tmp117_delay_t)
 .text._ZN23Adafruit_BusIO_RegisterC2EP18Adafruit_I2CDevicethhh
                0x00027934       0x20 C:\Users\21404\AppData\Local\Temp\arduino\sketches\8B5082B71819AA0E12527BBEDA18C7A7\libraries\Adafruit_BusIO\Adafruit_BusIO_Register.cpp.o
                0x00027934                Adafruit_BusIO_Register::Adafruit_BusIO_Register(Adafruit_I2CDevice*, unsigned short, unsigned char, unsigned char, unsigned char)
                0x00027934                Adafruit_BusIO_Register::Adafruit_BusIO_Register(Adafruit_I2CDevice*, unsigned short, unsigned char, unsigned char, unsigned char)
 .text._ZN23Adafruit_BusIO_Register5writeEPhh
                0x00027954       0x98 C:\Users\21404\AppData\Local\Temp\arduino\sketches\8B5082B71819AA0E12527BBEDA18C7A7\libraries\Adafruit_BusIO\Adafruit_BusIO_Register.cpp.o
                0x00027954                Adafruit_BusIO_Register::write(unsigned char*, unsigned char)
 .text._ZN23Adafruit_BusIO_Register4readEv
                0x000279ec       0xf0 C:\Users\21404\AppData\Local\Temp\arduino\sketches\8B5082B71819AA0E12527BBEDA18C7A7\libraries\Adafruit_BusIO\Adafruit_BusIO_Register.cpp.o
                0x000279ec                Adafruit_BusIO_Register::read()
 .text._ZN23Adafruit_BusIO_Register4readEPhh
                0x00027adc       0x8c C:\Users\21404\AppData\Local\Temp\arduino\sketches\8B5082B71819AA0E12527BBEDA18C7A7\libraries\Adafruit_BusIO\Adafruit_BusIO_Register.cpp.o
                0x00027adc                Adafruit_BusIO_Register::read(unsigned char*, unsigned char)
 .text._ZN27Adafruit_BusIO_RegisterBitsC2EP23Adafruit_BusIO_Registerhh
                0x00027b68       0x10 C:\Users\21404\AppData\Local\Temp\arduino\sketches\8B5082B71819AA0E12527BBEDA18C7A7\libraries\Adafruit_BusIO\Adafruit_BusIO_Register.cpp.o
                0x00027b68                Adafruit_BusIO_RegisterBits::Adafruit_BusIO_RegisterBits(Adafruit_BusIO_Register*, unsigned char, unsigned char)
                0x00027b68                Adafruit_BusIO_RegisterBits::Adafruit_BusIO_RegisterBits(Adafruit_BusIO_Register*, unsigned char, unsigned char)
 .text._ZN27Adafruit_BusIO_RegisterBits4readEv
                0x00027b78       0xfc C:\Users\21404\AppData\Local\Temp\arduino\sketches\8B5082B71819AA0E12527BBEDA18C7A7\libraries\Adafruit_BusIO\Adafruit_BusIO_Register.cpp.o
                0x00027b78                Adafruit_BusIO_RegisterBits::read()
 .text._ZN27Adafruit_BusIO_RegisterBits5writeEm
                0x00027c74       0xfc C:\Users\21404\AppData\Local\Temp\arduino\sketches\8B5082B71819AA0E12527BBEDA18C7A7\libraries\Adafruit_BusIO\Adafruit_BusIO_Register.cpp.o
                0x00027c74                Adafruit_BusIO_RegisterBits::write(unsigned long)
 .text._ZN18Adafruit_I2CDeviceC2EhP7TwoWire
                0x00027d70       0x14 C:\Users\21404\AppData\Local\Temp\arduino\sketches\8B5082B71819AA0E12527BBEDA18C7A7\libraries\Adafruit_BusIO\Adafruit_I2CDevice.cpp.o
                0x00027d70                Adafruit_I2CDevice::Adafruit_I2CDevice(unsigned char, TwoWire*)
                0x00027d70                Adafruit_I2CDevice::Adafruit_I2CDevice(unsigned char, TwoWire*)
 .text._ZN18Adafruit_I2CDevice5beginEb
                0x00027d84       0x2c C:\Users\21404\AppData\Local\Temp\arduino\sketches\8B5082B71819AA0E12527BBEDA18C7A7\libraries\Adafruit_BusIO\Adafruit_I2CDevice.cpp.o
                0x00027d84                Adafruit_I2CDevice::begin(bool)
 .text._ZN18Adafruit_I2CDevice5writeEPKhjbS1_j
                0x00027db0       0x5c C:\Users\21404\AppData\Local\Temp\arduino\sketches\8B5082B71819AA0E12527BBEDA18C7A7\libraries\Adafruit_BusIO\Adafruit_I2CDevice.cpp.o
                0x00027db0                Adafruit_I2CDevice::write(unsigned char const*, unsigned int, bool, unsigned char const*, unsigned int)
 .text._ZN18Adafruit_I2CDevice15write_then_readEPKhjPhjb
                0x00027e0c       0xa0 C:\Users\21404\AppData\Local\Temp\arduino\sketches\8B5082B71819AA0E12527BBEDA18C7A7\libraries\Adafruit_BusIO\Adafruit_I2CDevice.cpp.o
                0x00027e0c                Adafruit_I2CDevice::write_then_read(unsigned char const*, unsigned int, unsigned char*, unsigned int, bool)
 .text._ZN18Adafruit_SPIDevice5writeEPKhjS1_j
                0x00027eac      0x3a4 C:\Users\21404\AppData\Local\Temp\arduino\sketches\8B5082B71819AA0E12527BBEDA18C7A7\libraries\Adafruit_BusIO\Adafruit_SPIDevice.cpp.o
                0x00027eac                Adafruit_SPIDevice::write(unsigned char const*, unsigned int, unsigned char const*, unsigned int)
 .text._ZN18Adafruit_SPIDevice15write_then_readEPKhjPhjh
                0x00028250      0x3b8 C:\Users\21404\AppData\Local\Temp\arduino\sketches\8B5082B71819AA0E12527BBEDA18C7A7\libraries\Adafruit_BusIO\Adafruit_SPIDevice.cpp.o
                0x00028250                Adafruit_SPIDevice::write_then_read(unsigned char const*, unsigned int, unsigned char*, unsigned int, unsigned char)
 .text._ZN8SPIClass16beginTransactionE11SPISettings
                0x00028608       0x90 C:\Users\21404\AppData\Local\Temp\arduino\sketches\8B5082B71819AA0E12527BBEDA18C7A7\libraries\SPI\SPI_nrf52832.cpp.o
                0x00028608                SPIClass::beginTransaction(SPISettings)
 .text._ZN8SPIClass14endTransactionEv
                0x00028698        0xc C:\Users\21404\AppData\Local\Temp\arduino\sketches\8B5082B71819AA0E12527BBEDA18C7A7\libraries\SPI\SPI_nrf52832.cpp.o
                0x00028698                SPIClass::endTransaction()
 .text._ZN8SPIClass8transferEPvj
                0x000286a4       0x34 C:\Users\21404\AppData\Local\Temp\arduino\sketches\8B5082B71819AA0E12527BBEDA18C7A7\libraries\SPI\SPI_nrf52832.cpp.o
                0x000286a4                SPIClass::transfer(void*, unsigned int)
 .text.startup._GLOBAL__sub_I__Z11mode2configh
                0x000286d8       0x40 C:\Users\21404\AppData\Local\Temp\arduino\sketches\8B5082B71819AA0E12527BBEDA18C7A7\libraries\SPI\SPI_nrf52832.cpp.o
 .text._ZN17Adafruit_USBD_CDC22getInterfaceDescriptorEhPht
                0x00028718        0x4 C:\Users\21404\AppData\Local\Temp\arduino\sketches\8B5082B71819AA0E12527BBEDA18C7A7\libraries\Adafruit_TinyUSB_Arduino\arduino\Adafruit_USBD_CDC.cpp.o
                0x00028718                Adafruit_USBD_CDC::getInterfaceDescriptor(unsigned char, unsigned char*, unsigned short)
 .text._ZN17Adafruit_USBD_CDC3endEv
                0x0002871c        0x4 C:\Users\21404\AppData\Local\Temp\arduino\sketches\8B5082B71819AA0E12527BBEDA18C7A7\libraries\Adafruit_TinyUSB_Arduino\arduino\Adafruit_USBD_CDC.cpp.o
                0x0002871c                Adafruit_USBD_CDC::end()
                0x0002871c                Adafruit_USBD_CDC::flush()
 .text._ZN17Adafruit_USBD_CDC3dtrEv
                0x00028720        0x4 C:\Users\21404\AppData\Local\Temp\arduino\sketches\8B5082B71819AA0E12527BBEDA18C7A7\libraries\Adafruit_TinyUSB_Arduino\arduino\Adafruit_USBD_CDC.cpp.o
                0x00028720                Adafruit_USBD_CDC::dtr()
                0x00028720                Adafruit_USBD_CDC::availableForWrite()
                0x00028720                Adafruit_USBD_CDC::available()
 .text._ZN17Adafruit_USBD_CDC4peekEv
                0x00028724        0x8 C:\Users\21404\AppData\Local\Temp\arduino\sketches\8B5082B71819AA0E12527BBEDA18C7A7\libraries\Adafruit_TinyUSB_Arduino\arduino\Adafruit_USBD_CDC.cpp.o
                0x00028724                Adafruit_USBD_CDC::peek()
                0x00028724                Adafruit_USBD_CDC::read()
 .text._ZN17Adafruit_USBD_CDC4readEPhj
                0x0002872c        0x4 C:\Users\21404\AppData\Local\Temp\arduino\sketches\8B5082B71819AA0E12527BBEDA18C7A7\libraries\Adafruit_TinyUSB_Arduino\arduino\Adafruit_USBD_CDC.cpp.o
                0x0002872c                Adafruit_USBD_CDC::read(unsigned char*, unsigned int)
                0x0002872c                Adafruit_USBD_CDC::write(unsigned char const*, unsigned int)
 .text._ZN17Adafruit_USBD_CDC5writeEh
                0x00028730        0x8 C:\Users\21404\AppData\Local\Temp\arduino\sketches\8B5082B71819AA0E12527BBEDA18C7A7\libraries\Adafruit_TinyUSB_Arduino\arduino\Adafruit_USBD_CDC.cpp.o
                0x00028730                Adafruit_USBD_CDC::write(unsigned char)
 .text._ZThn16_N17Adafruit_USBD_CDC22getInterfaceDescriptorEhPht
                0x00028738        0x4 C:\Users\21404\AppData\Local\Temp\arduino\sketches\8B5082B71819AA0E12527BBEDA18C7A7\libraries\Adafruit_TinyUSB_Arduino\arduino\Adafruit_USBD_CDC.cpp.o
                0x00028738                non-virtual thunk to Adafruit_USBD_CDC::getInterfaceDescriptor(unsigned char, unsigned char*, unsigned short)
 .text.startup._GLOBAL__sub_I_SerialTinyUSB
                0x0002873c       0x2c C:\Users\21404\AppData\Local\Temp\arduino\sketches\8B5082B71819AA0E12527BBEDA18C7A7\libraries\Adafruit_TinyUSB_Arduino\arduino\Adafruit_USBD_CDC.cpp.o
 .text._Z11initVariantv
                0x00028768       0x24 C:\Users\21404\AppData\Local\Temp\arduino\sketches\8B5082B71819AA0E12527BBEDA18C7A7\core\variant.cpp.o
                0x00028768                initVariant()
 .text._ZN5Print5writeEPKhj
                0x0002878c       0x2c C:\Users\21404\AppData\Local\Temp\arduino\sketches\8B5082B71819AA0E12527BBEDA18C7A7/..\..\cores\907f208da1f5405b94dae7409b9f731e\core.a(Print.cpp.o)
                0x0002878c                Print::write(unsigned char const*, unsigned int)
 .text._ZN5Print5printEPKc
                0x000287b8       0x5c C:\Users\21404\AppData\Local\Temp\arduino\sketches\8B5082B71819AA0E12527BBEDA18C7A7/..\..\cores\907f208da1f5405b94dae7409b9f731e\core.a(Print.cpp.o)
                0x000287b8                Print::print(char const*)
 .text._ZN5Print5printEdi
                0x00028814       0x60 C:\Users\21404\AppData\Local\Temp\arduino\sketches\8B5082B71819AA0E12527BBEDA18C7A7/..\..\cores\907f208da1f5405b94dae7409b9f731e\core.a(Print.cpp.o)
                0x00028814                Print::print(double, int)
 .text._ZN5Print7printlnERK6String
                0x00028874       0x8c C:\Users\21404\AppData\Local\Temp\arduino\sketches\8B5082B71819AA0E12527BBEDA18C7A7/..\..\cores\907f208da1f5405b94dae7409b9f731e\core.a(Print.cpp.o)
                0x00028874                Print::println(String const&)
 .text._ZN5Print7printlnEPKc
                0x00028900       0xa0 C:\Users\21404\AppData\Local\Temp\arduino\sketches\8B5082B71819AA0E12527BBEDA18C7A7/..\..\cores\907f208da1f5405b94dae7409b9f731e\core.a(Print.cpp.o)
                0x00028900                Print::println(char const*)
 .text._ZN5Print11printNumberEmh
                0x000289a0       0x88 C:\Users\21404\AppData\Local\Temp\arduino\sketches\8B5082B71819AA0E12527BBEDA18C7A7/..\..\cores\907f208da1f5405b94dae7409b9f731e\core.a(Print.cpp.o)
                0x000289a0                Print::printNumber(unsigned long, unsigned char)
 .text._ZN5Print5printEli
                0x00028a28       0x44 C:\Users\21404\AppData\Local\Temp\arduino\sketches\8B5082B71819AA0E12527BBEDA18C7A7/..\..\cores\907f208da1f5405b94dae7409b9f731e\core.a(Print.cpp.o)
                0x00028a28                Print::print(long, int)
 .text._ZN5Print7printlnEii
                0x00028a6c       0x4c C:\Users\21404\AppData\Local\Temp\arduino\sketches\8B5082B71819AA0E12527BBEDA18C7A7/..\..\cores\907f208da1f5405b94dae7409b9f731e\core.a(Print.cpp.o)
                0x00028a6c                Print::println(int, int)
 .text._ZN5Print5printEmi
                0x00028ab8       0x18 C:\Users\21404\AppData\Local\Temp\arduino\sketches\8B5082B71819AA0E12527BBEDA18C7A7/..\..\cores\907f208da1f5405b94dae7409b9f731e\core.a(Print.cpp.o)
                0x00028ab8                Print::print(unsigned long, int)
 .text._ZN10RingBufferC2Ev
                0x00028ad0       0x18 C:\Users\21404\AppData\Local\Temp\arduino\sketches\8B5082B71819AA0E12527BBEDA18C7A7/..\..\cores\907f208da1f5405b94dae7409b9f731e\core.a(RingBuffer.cpp.o)
                0x00028ad0                RingBuffer::RingBuffer()
                0x00028ad0                RingBuffer::RingBuffer()
 .text._ZN10RingBuffer10store_charEh
                0x00028ae8       0x1c C:\Users\21404\AppData\Local\Temp\arduino\sketches\8B5082B71819AA0E12527BBEDA18C7A7/..\..\cores\907f208da1f5405b94dae7409b9f731e\core.a(RingBuffer.cpp.o)
                0x00028ae8                RingBuffer::store_char(unsigned char)
 .text._ZN10RingBuffer5clearEv
                0x00028b04        0x8 C:\Users\21404\AppData\Local\Temp\arduino\sketches\8B5082B71819AA0E12527BBEDA18C7A7/..\..\cores\907f208da1f5405b94dae7409b9f731e\core.a(RingBuffer.cpp.o)
                0x00028b04                RingBuffer::clear()
 .text._ZN10RingBuffer9read_charEv
                0x00028b0c       0x1c C:\Users\21404\AppData\Local\Temp\arduino\sketches\8B5082B71819AA0E12527BBEDA18C7A7/..\..\cores\907f208da1f5405b94dae7409b9f731e\core.a(RingBuffer.cpp.o)
                0x00028b0c                RingBuffer::read_char()
 .text._ZN10RingBuffer9availableEv
                0x00028b28        0xc C:\Users\21404\AppData\Local\Temp\arduino\sketches\8B5082B71819AA0E12527BBEDA18C7A7/..\..\cores\907f208da1f5405b94dae7409b9f731e\core.a(RingBuffer.cpp.o)
                0x00028b28                RingBuffer::available()
 .text._ZN10RingBuffer4peekEv
                0x00028b34       0x10 C:\Users\21404\AppData\Local\Temp\arduino\sketches\8B5082B71819AA0E12527BBEDA18C7A7/..\..\cores\907f208da1f5405b94dae7409b9f731e\core.a(RingBuffer.cpp.o)
                0x00028b34                RingBuffer::peek()
 .text._ZN10RingBuffer6isFullEv
                0x00028b44       0x14 C:\Users\21404\AppData\Local\Temp\arduino\sketches\8B5082B71819AA0E12527BBEDA18C7A7/..\..\cores\907f208da1f5405b94dae7409b9f731e\core.a(RingBuffer.cpp.o)
                0x00028b44                RingBuffer::isFull()
 .text._ZN4UartcvbEv
                0x00028b58        0x8 C:\Users\21404\AppData\Local\Temp\arduino\sketches\8B5082B71819AA0E12527BBEDA18C7A7/..\..\cores\907f208da1f5405b94dae7409b9f731e\core.a(Uart.cpp.o)
                0x00028b58                Uart::operator bool()
 .text._ZN4Uart3endEv
                0x00028b60       0x94 C:\Users\21404\AppData\Local\Temp\arduino\sketches\8B5082B71819AA0E12527BBEDA18C7A7/..\..\cores\907f208da1f5405b94dae7409b9f731e\core.a(Uart.cpp.o)
                0x00028b60                Uart::end()
 .text._ZN4Uart9availableEv
                0x00028bf4        0x8 C:\Users\21404\AppData\Local\Temp\arduino\sketches\8B5082B71819AA0E12527BBEDA18C7A7/..\..\cores\907f208da1f5405b94dae7409b9f731e\core.a(Uart.cpp.o)
                0x00028bf4                Uart::available()
 .text._ZN4Uart4peekEv
                0x00028bfc        0x8 C:\Users\21404\AppData\Local\Temp\arduino\sketches\8B5082B71819AA0E12527BBEDA18C7A7/..\..\cores\907f208da1f5405b94dae7409b9f731e\core.a(Uart.cpp.o)
                0x00028bfc                Uart::peek()
 .text._ZN4Uart4readEv
                0x00028c04        0x8 C:\Users\21404\AppData\Local\Temp\arduino\sketches\8B5082B71819AA0E12527BBEDA18C7A7/..\..\cores\907f208da1f5405b94dae7409b9f731e\core.a(Uart.cpp.o)
                0x00028c04                Uart::read()
 .text._ZN4Uart17availableForWriteEv
                0x00028c0c       0x14 C:\Users\21404\AppData\Local\Temp\arduino\sketches\8B5082B71819AA0E12527BBEDA18C7A7/..\..\cores\907f208da1f5405b94dae7409b9f731e\core.a(Uart.cpp.o)
                0x00028c0c                Uart::availableForWrite()
 .text._ZN4Uart5flushEv
                0x00028c20       0x2c C:\Users\21404\AppData\Local\Temp\arduino\sketches\8B5082B71819AA0E12527BBEDA18C7A7/..\..\cores\907f208da1f5405b94dae7409b9f731e\core.a(Uart.cpp.o)
                0x00028c20                Uart::flush()
 .text._ZN4Uart5writeEh
                0x00028c4c       0x48 C:\Users\21404\AppData\Local\Temp\arduino\sketches\8B5082B71819AA0E12527BBEDA18C7A7/..\..\cores\907f208da1f5405b94dae7409b9f731e\core.a(Uart.cpp.o)
                0x00028c4c                Uart::write(unsigned char)
 .text._ZN4Uart5writeEPKhj
                0x00028c94       0x54 C:\Users\21404\AppData\Local\Temp\arduino\sketches\8B5082B71819AA0E12527BBEDA18C7A7/..\..\cores\907f208da1f5405b94dae7409b9f731e\core.a(Uart.cpp.o)
                0x00028c94                Uart::write(unsigned char const*, unsigned int)
 .text._ZN4Uart5beginEm
                0x00028ce8      0x200 C:\Users\21404\AppData\Local\Temp\arduino\sketches\8B5082B71819AA0E12527BBEDA18C7A7/..\..\cores\907f208da1f5405b94dae7409b9f731e\core.a(Uart.cpp.o)
                0x00028ce8                Uart::begin(unsigned long)
 .text._ZN4Uart5beginEmt
                0x00028ee8      0x1ec C:\Users\21404\AppData\Local\Temp\arduino\sketches\8B5082B71819AA0E12527BBEDA18C7A7/..\..\cores\907f208da1f5405b94dae7409b9f731e\core.a(Uart.cpp.o)
                0x00028ee8                Uart::begin(unsigned long, unsigned short)
 .text._Z14serialEventRunv
                0x000290d4       0x20 C:\Users\21404\AppData\Local\Temp\arduino\sketches\8B5082B71819AA0E12527BBEDA18C7A7/..\..\cores\907f208da1f5405b94dae7409b9f731e\core.a(Uart.cpp.o)
                0x000290d4                serialEventRun()
 .text.UARTE0_UART0_IRQHandler
                0x000290f4       0x4c C:\Users\21404\AppData\Local\Temp\arduino\sketches\8B5082B71819AA0E12527BBEDA18C7A7/..\..\cores\907f208da1f5405b94dae7409b9f731e\core.a(Uart.cpp.o)
                0x000290f4                UARTE0_UART0_IRQHandler
 .text.startup._GLOBAL__sub_I__ZN4UartC2EP14NRF_UARTE_Type9IRQn_Typehh
                0x00029140       0x4c C:\Users\21404\AppData\Local\Temp\arduino\sketches\8B5082B71819AA0E12527BBEDA18C7A7/..\..\cores\907f208da1f5405b94dae7409b9f731e\core.a(Uart.cpp.o)
 .text._Z10randomSeedm
                0x0002918c        0x8 C:\Users\21404\AppData\Local\Temp\arduino\sketches\8B5082B71819AA0E12527BBEDA18C7A7/..\..\cores\907f208da1f5405b94dae7409b9f731e\core.a(WMath.cpp.o)
                0x0002918c                randomSeed(unsigned long)
 .text._ZN6StringC2EPKc
                0x00029194       0x34 C:\Users\21404\AppData\Local\Temp\arduino\sketches\8B5082B71819AA0E12527BBEDA18C7A7/..\..\cores\907f208da1f5405b94dae7409b9f731e\core.a(WString.cpp.o)
                0x00029194                String::String(char const*)
                0x00029194                String::String(char const*)
 .text._ZN6StringD2Ev
                0x000291c8       0x10 C:\Users\21404\AppData\Local\Temp\arduino\sketches\8B5082B71819AA0E12527BBEDA18C7A7/..\..\cores\907f208da1f5405b94dae7409b9f731e\core.a(WString.cpp.o)
                0x000291c8                String::~String()
                0x000291c8                String::~String()
 .text._ZN6StringaSEPKc
                0x000291d8       0x54 C:\Users\21404\AppData\Local\Temp\arduino\sketches\8B5082B71819AA0E12527BBEDA18C7A7/..\..\cores\907f208da1f5405b94dae7409b9f731e\core.a(WString.cpp.o)
                0x000291d8                String::operator=(char const*)
 .text._ZNK6String6equalsEPKc
                0x0002922c       0x2c C:\Users\21404\AppData\Local\Temp\arduino\sketches\8B5082B71819AA0E12527BBEDA18C7A7/..\..\cores\907f208da1f5405b94dae7409b9f731e\core.a(WString.cpp.o)
                0x0002922c                String::equals(char const*) const
 .text._ZNK6String10startsWithERKS_
                0x00029258       0x28 C:\Users\21404\AppData\Local\Temp\arduino\sketches\8B5082B71819AA0E12527BBEDA18C7A7/..\..\cores\907f208da1f5405b94dae7409b9f731e\core.a(WString.cpp.o)
                0x00029258                String::startsWith(String const&) const
 .text._ZNK6String9substringEjj
                0x00029280       0x5c C:\Users\21404\AppData\Local\Temp\arduino\sketches\8B5082B71819AA0E12527BBEDA18C7A7/..\..\cores\907f208da1f5405b94dae7409b9f731e\core.a(WString.cpp.o)
                0x00029280                String::substring(unsigned int, unsigned int) const
 .text._ZN6String4trimEv
                0x000292dc       0x54 C:\Users\21404\AppData\Local\Temp\arduino\sketches\8B5082B71819AA0E12527BBEDA18C7A7/..\..\cores\907f208da1f5405b94dae7409b9f731e\core.a(WString.cpp.o)
                0x000292dc                String::trim()
 .text._ZNK6String5toIntEv
                0x00029330        0xc C:\Users\21404\AppData\Local\Temp\arduino\sketches\8B5082B71819AA0E12527BBEDA18C7A7/..\..\cores\907f208da1f5405b94dae7409b9f731e\core.a(WString.cpp.o)
                0x00029330                String::toInt() const
 .text.millis   0x0002933c       0x18 C:\Users\21404\AppData\Local\Temp\arduino\sketches\8B5082B71819AA0E12527BBEDA18C7A7/..\..\cores\907f208da1f5405b94dae7409b9f731e\core.a(delay.c.o)
                0x0002933c                millis
 .text.delay    0x00029354       0x1c C:\Users\21404\AppData\Local\Temp\arduino\sketches\8B5082B71819AA0E12527BBEDA18C7A7/..\..\cores\907f208da1f5405b94dae7409b9f731e\core.a(delay.c.o)
                0x00029354                delay
 .text.__wrap_malloc
                0x00029370       0x34 C:\Users\21404\AppData\Local\Temp\arduino\sketches\8B5082B71819AA0E12527BBEDA18C7A7/..\..\cores\907f208da1f5405b94dae7409b9f731e\core.a(heap_3.c.o)
                0x00029370                __wrap_malloc
 .text.__wrap_free
                0x000293a4       0x2c C:\Users\21404\AppData\Local\Temp\arduino\sketches\8B5082B71819AA0E12527BBEDA18C7A7/..\..\cores\907f208da1f5405b94dae7409b9f731e\core.a(heap_3.c.o)
                0x000293a4                __wrap_free
 .text.__wrap_realloc
                0x000293d0       0x40 C:\Users\21404\AppData\Local\Temp\arduino\sketches\8B5082B71819AA0E12527BBEDA18C7A7/..\..\cores\907f208da1f5405b94dae7409b9f731e\core.a(heap_3.c.o)
                0x000293d0                __wrap_realloc
 .text.pvPortMalloc
                0x00029410       0x28 C:\Users\21404\AppData\Local\Temp\arduino\sketches\8B5082B71819AA0E12527BBEDA18C7A7/..\..\cores\907f208da1f5405b94dae7409b9f731e\core.a(heap_3.c.o)
                0x00029410                pvPortMalloc
 .text.vPortFree
                0x00029438       0x1c C:\Users\21404\AppData\Local\Temp\arduino\sketches\8B5082B71819AA0E12527BBEDA18C7A7/..\..\cores\907f208da1f5405b94dae7409b9f731e\core.a(heap_3.c.o)
                0x00029438                vPortFree
 .text.xQueueGenericCreateStatic
                0x00029454       0x60 C:\Users\21404\AppData\Local\Temp\arduino\sketches\8B5082B71819AA0E12527BBEDA18C7A7/..\..\cores\907f208da1f5405b94dae7409b9f731e\core.a(queue.c.o)
                0x00029454                xQueueGenericCreateStatic
 .text.xQueueGenericCreate
                0x000294b4       0x84 C:\Users\21404\AppData\Local\Temp\arduino\sketches\8B5082B71819AA0E12527BBEDA18C7A7/..\..\cores\907f208da1f5405b94dae7409b9f731e\core.a(queue.c.o)
                0x000294b4                xQueueGenericCreate
 .text.xQueueGenericSend
                0x00029538      0x360 C:\Users\21404\AppData\Local\Temp\arduino\sketches\8B5082B71819AA0E12527BBEDA18C7A7/..\..\cores\907f208da1f5405b94dae7409b9f731e\core.a(queue.c.o)
                0x00029538                xQueueGenericSend
 .text.xQueueGiveFromISR
                0x00029898       0x60 C:\Users\21404\AppData\Local\Temp\arduino\sketches\8B5082B71819AA0E12527BBEDA18C7A7/..\..\cores\907f208da1f5405b94dae7409b9f731e\core.a(queue.c.o)
                0x00029898                xQueueGiveFromISR
 .text.xQueueReceive
                0x000298f8      0x2b8 C:\Users\21404\AppData\Local\Temp\arduino\sketches\8B5082B71819AA0E12527BBEDA18C7A7/..\..\cores\907f208da1f5405b94dae7409b9f731e\core.a(queue.c.o)
                0x000298f8                xQueueReceive
 .text.xQueueSemaphoreTake
                0x00029bb0      0x2f8 C:\Users\21404\AppData\Local\Temp\arduino\sketches\8B5082B71819AA0E12527BBEDA18C7A7/..\..\cores\907f208da1f5405b94dae7409b9f731e\core.a(queue.c.o)
                0x00029bb0                xQueueSemaphoreTake
 .text.uxQueueMessagesWaiting
                0x00029ea8       0x18 C:\Users\21404\AppData\Local\Temp\arduino\sketches\8B5082B71819AA0E12527BBEDA18C7A7/..\..\cores\907f208da1f5405b94dae7409b9f731e\core.a(queue.c.o)
                0x00029ea8                uxQueueMessagesWaiting
 .text.vQueueDelete
                0x00029ec0       0x48 C:\Users\21404\AppData\Local\Temp\arduino\sketches\8B5082B71819AA0E12527BBEDA18C7A7/..\..\cores\907f208da1f5405b94dae7409b9f731e\core.a(queue.c.o)
                0x00029ec0                vQueueDelete
 .text.vQueueAddToRegistry
                0x00029f08       0x24 C:\Users\21404\AppData\Local\Temp\arduino\sketches\8B5082B71819AA0E12527BBEDA18C7A7/..\..\cores\907f208da1f5405b94dae7409b9f731e\core.a(queue.c.o)
                0x00029f08                vQueueAddToRegistry
 .text.vQueueWaitForMessageRestricted
                0x00029f2c       0xcc C:\Users\21404\AppData\Local\Temp\arduino\sketches\8B5082B71819AA0E12527BBEDA18C7A7/..\..\cores\907f208da1f5405b94dae7409b9f731e\core.a(queue.c.o)
                0x00029f2c                vQueueWaitForMessageRestricted
 .text.prvAddNewTaskToReadyList
                0x00029ff8      0x124 C:\Users\21404\AppData\Local\Temp\arduino\sketches\8B5082B71819AA0E12527BBEDA18C7A7/..\..\cores\907f208da1f5405b94dae7409b9f731e\core.a(tasks.c.o)
 .text.xTaskCreateStatic
                0x0002a11c       0xe0 C:\Users\21404\AppData\Local\Temp\arduino\sketches\8B5082B71819AA0E12527BBEDA18C7A7/..\..\cores\907f208da1f5405b94dae7409b9f731e\core.a(tasks.c.o)
                0x0002a11c                xTaskCreateStatic
 .text.xTaskCreate
                0x0002a1fc       0xf0 C:\Users\21404\AppData\Local\Temp\arduino\sketches\8B5082B71819AA0E12527BBEDA18C7A7/..\..\cores\907f208da1f5405b94dae7409b9f731e\core.a(tasks.c.o)
                0x0002a1fc                xTaskCreate
 .text.vTaskStartScheduler
                0x0002a2ec       0xcc C:\Users\21404\AppData\Local\Temp\arduino\sketches\8B5082B71819AA0E12527BBEDA18C7A7/..\..\cores\907f208da1f5405b94dae7409b9f731e\core.a(tasks.c.o)
                0x0002a2ec                vTaskStartScheduler
 .text.vTaskSuspendAll
                0x0002a3b8       0x10 C:\Users\21404\AppData\Local\Temp\arduino\sketches\8B5082B71819AA0E12527BBEDA18C7A7/..\..\cores\907f208da1f5405b94dae7409b9f731e\core.a(tasks.c.o)
                0x0002a3b8                vTaskSuspendAll
 .text.xTaskGetTickCount
                0x0002a3c8        0xc C:\Users\21404\AppData\Local\Temp\arduino\sketches\8B5082B71819AA0E12527BBEDA18C7A7/..\..\cores\907f208da1f5405b94dae7409b9f731e\core.a(tasks.c.o)
                0x0002a3c8                xTaskGetTickCount
 .text.vTaskStepTick
                0x0002a3d4       0x10 C:\Users\21404\AppData\Local\Temp\arduino\sketches\8B5082B71819AA0E12527BBEDA18C7A7/..\..\cores\907f208da1f5405b94dae7409b9f731e\core.a(tasks.c.o)
                0x0002a3d4                vTaskStepTick
 .text.xTaskIncrementTick
                0x0002a3e4      0x134 C:\Users\21404\AppData\Local\Temp\arduino\sketches\8B5082B71819AA0E12527BBEDA18C7A7/..\..\cores\907f208da1f5405b94dae7409b9f731e\core.a(tasks.c.o)
                0x0002a3e4                xTaskIncrementTick
 .text.xTaskResumeAll
                0x0002a518      0x120 C:\Users\21404\AppData\Local\Temp\arduino\sketches\8B5082B71819AA0E12527BBEDA18C7A7/..\..\cores\907f208da1f5405b94dae7409b9f731e\core.a(tasks.c.o)
                0x0002a518                xTaskResumeAll
 .text.vTaskDelay
                0x0002a638       0x84 C:\Users\21404\AppData\Local\Temp\arduino\sketches\8B5082B71819AA0E12527BBEDA18C7A7/..\..\cores\907f208da1f5405b94dae7409b9f731e\core.a(tasks.c.o)
                0x0002a638                vTaskDelay
 .text.prvIdleTask
                0x0002a6bc      0x118 C:\Users\21404\AppData\Local\Temp\arduino\sketches\8B5082B71819AA0E12527BBEDA18C7A7/..\..\cores\907f208da1f5405b94dae7409b9f731e\core.a(tasks.c.o)
 .text.vTaskSwitchContext
                0x0002a7d4       0xbc C:\Users\21404\AppData\Local\Temp\arduino\sketches\8B5082B71819AA0E12527BBEDA18C7A7/..\..\cores\907f208da1f5405b94dae7409b9f731e\core.a(tasks.c.o)
                0x0002a7d4                vTaskSwitchContext
 .text.vTaskPlaceOnEventList
                0x0002a890       0x78 C:\Users\21404\AppData\Local\Temp\arduino\sketches\8B5082B71819AA0E12527BBEDA18C7A7/..\..\cores\907f208da1f5405b94dae7409b9f731e\core.a(tasks.c.o)
                0x0002a890                vTaskPlaceOnEventList
 .text.vTaskPlaceOnEventListRestricted
                0x0002a908       0x80 C:\Users\21404\AppData\Local\Temp\arduino\sketches\8B5082B71819AA0E12527BBEDA18C7A7/..\..\cores\907f208da1f5405b94dae7409b9f731e\core.a(tasks.c.o)
                0x0002a908                vTaskPlaceOnEventListRestricted
 .text.xTaskRemoveFromEventList
                0x0002a988       0xa4 C:\Users\21404\AppData\Local\Temp\arduino\sketches\8B5082B71819AA0E12527BBEDA18C7A7/..\..\cores\907f208da1f5405b94dae7409b9f731e\core.a(tasks.c.o)
                0x0002a988                xTaskRemoveFromEventList
 .text.vTaskInternalSetTimeOutState
                0x0002aa2c       0x18 C:\Users\21404\AppData\Local\Temp\arduino\sketches\8B5082B71819AA0E12527BBEDA18C7A7/..\..\cores\907f208da1f5405b94dae7409b9f731e\core.a(tasks.c.o)
                0x0002aa2c                vTaskInternalSetTimeOutState
 .text.xTaskCheckForTimeOut
                0x0002aa44       0x68 C:\Users\21404\AppData\Local\Temp\arduino\sketches\8B5082B71819AA0E12527BBEDA18C7A7/..\..\cores\907f208da1f5405b94dae7409b9f731e\core.a(tasks.c.o)
                0x0002aa44                xTaskCheckForTimeOut
 .text.vTaskMissedYield
                0x0002aaac        0xc C:\Users\21404\AppData\Local\Temp\arduino\sketches\8B5082B71819AA0E12527BBEDA18C7A7/..\..\cores\907f208da1f5405b94dae7409b9f731e\core.a(tasks.c.o)
                0x0002aaac                vTaskMissedYield
 .text.eTaskConfirmSleepModeStatus
                0x0002aab8       0x38 C:\Users\21404\AppData\Local\Temp\arduino\sketches\8B5082B71819AA0E12527BBEDA18C7A7/..\..\cores\907f208da1f5405b94dae7409b9f731e\core.a(tasks.c.o)
                0x0002aab8                eTaskConfirmSleepModeStatus
 .text.xTaskGetSchedulerState
                0x0002aaf0       0x20 C:\Users\21404\AppData\Local\Temp\arduino\sketches\8B5082B71819AA0E12527BBEDA18C7A7/..\..\cores\907f208da1f5405b94dae7409b9f731e\core.a(tasks.c.o)
                0x0002aaf0                xTaskGetSchedulerState
 .text.xTaskPriorityInherit
                0x0002ab10       0x8c C:\Users\21404\AppData\Local\Temp\arduino\sketches\8B5082B71819AA0E12527BBEDA18C7A7/..\..\cores\907f208da1f5405b94dae7409b9f731e\core.a(tasks.c.o)
                0x0002ab10                xTaskPriorityInherit
 .text.xTaskPriorityDisinherit
                0x0002ab9c       0x60 C:\Users\21404\AppData\Local\Temp\arduino\sketches\8B5082B71819AA0E12527BBEDA18C7A7/..\..\cores\907f208da1f5405b94dae7409b9f731e\core.a(tasks.c.o)
                0x0002ab9c                xTaskPriorityDisinherit
 .text.vTaskPriorityDisinheritAfterTimeout
                0x0002abfc       0x74 C:\Users\21404\AppData\Local\Temp\arduino\sketches\8B5082B71819AA0E12527BBEDA18C7A7/..\..\cores\907f208da1f5405b94dae7409b9f731e\core.a(tasks.c.o)
                0x0002abfc                vTaskPriorityDisinheritAfterTimeout
 .text.pvTaskIncrementMutexHeldCount
                0x0002ac70       0x18 C:\Users\21404\AppData\Local\Temp\arduino\sketches\8B5082B71819AA0E12527BBEDA18C7A7/..\..\cores\907f208da1f5405b94dae7409b9f731e\core.a(tasks.c.o)
                0x0002ac70                pvTaskIncrementMutexHeldCount
 .text.prvSwitchTimerLists
                0x0002ac88       0x88 C:\Users\21404\AppData\Local\Temp\arduino\sketches\8B5082B71819AA0E12527BBEDA18C7A7/..\..\cores\907f208da1f5405b94dae7409b9f731e\core.a(timers.c.o)
 .text.prvTimerTask
                0x0002ad10      0x240 C:\Users\21404\AppData\Local\Temp\arduino\sketches\8B5082B71819AA0E12527BBEDA18C7A7/..\..\cores\907f208da1f5405b94dae7409b9f731e\core.a(timers.c.o)
 .text.xTimerCreateTimerTask
                0x0002af50       0xac C:\Users\21404\AppData\Local\Temp\arduino\sketches\8B5082B71819AA0E12527BBEDA18C7A7/..\..\cores\907f208da1f5405b94dae7409b9f731e\core.a(timers.c.o)
                0x0002af50                xTimerCreateTimerTask
 .text.prvTaskExitError
                0x0002affc        0x8 C:\Users\21404\AppData\Local\Temp\arduino\sketches\8B5082B71819AA0E12527BBEDA18C7A7/..\..\cores\907f208da1f5405b94dae7409b9f731e\core.a(port_cmsis.c.o)
 .text.pxPortInitialiseStack
                0x0002b004       0x2c C:\Users\21404\AppData\Local\Temp\arduino\sketches\8B5082B71819AA0E12527BBEDA18C7A7/..\..\cores\907f208da1f5405b94dae7409b9f731e\core.a(port_cmsis.c.o)
                0x0002b004                pxPortInitialiseStack
 .text.xPortStartScheduler
                0x0002b030       0x4c C:\Users\21404\AppData\Local\Temp\arduino\sketches\8B5082B71819AA0E12527BBEDA18C7A7/..\..\cores\907f208da1f5405b94dae7409b9f731e\core.a(port_cmsis.c.o)
                0x0002b030                xPortStartScheduler
 .text.vPortEnterCritical
                0x0002b07c       0x14 C:\Users\21404\AppData\Local\Temp\arduino\sketches\8B5082B71819AA0E12527BBEDA18C7A7/..\..\cores\907f208da1f5405b94dae7409b9f731e\core.a(port_cmsis.c.o)
                0x0002b07c                vPortEnterCritical
 .text.vPortExitCritical
                0x0002b090       0x14 C:\Users\21404\AppData\Local\Temp\arduino\sketches\8B5082B71819AA0E12527BBEDA18C7A7/..\..\cores\907f208da1f5405b94dae7409b9f731e\core.a(port_cmsis.c.o)
                0x0002b090                vPortExitCritical
 .text.sd_app_evt_wait
                0x0002b0a4        0x4 C:\Users\21404\AppData\Local\Temp\arduino\sketches\8B5082B71819AA0E12527BBEDA18C7A7/..\..\cores\907f208da1f5405b94dae7409b9f731e\core.a(port_cmsis_systick.c.o)
 .text.sd_softdevice_is_enabled
                0x0002b0a8        0x4 C:\Users\21404\AppData\Local\Temp\arduino\sketches\8B5082B71819AA0E12527BBEDA18C7A7/..\..\cores\907f208da1f5405b94dae7409b9f731e\core.a(port_cmsis_systick.c.o)
 .text.RTC1_IRQHandler
                0x0002b0ac       0x88 C:\Users\21404\AppData\Local\Temp\arduino\sketches\8B5082B71819AA0E12527BBEDA18C7A7/..\..\cores\907f208da1f5405b94dae7409b9f731e\core.a(port_cmsis_systick.c.o)
                0x0002b0ac                RTC1_IRQHandler
 .text.vPortSetupTimerInterrupt
                0x0002b134       0x3c C:\Users\21404\AppData\Local\Temp\arduino\sketches\8B5082B71819AA0E12527BBEDA18C7A7/..\..\cores\907f208da1f5405b94dae7409b9f731e\core.a(port_cmsis_systick.c.o)
                0x0002b134                vPortSetupTimerInterrupt
 .text.vPortSuppressTicksAndSleep
                0x0002b170      0x1c0 C:\Users\21404\AppData\Local\Temp\arduino\sketches\8B5082B71819AA0E12527BBEDA18C7A7/..\..\cores\907f208da1f5405b94dae7409b9f731e\core.a(port_cmsis_systick.c.o)
                0x0002b170                vPortSuppressTicksAndSleep
 .text.vPortStartFirstTask
                0x0002b330       0x24 C:\Users\21404\AppData\Local\Temp\arduino\sketches\8B5082B71819AA0E12527BBEDA18C7A7/..\..\cores\907f208da1f5405b94dae7409b9f731e\core.a(port.c.o)
                0x0002b330                vPortStartFirstTask
 .text.SVC_Handler
                0x0002b354       0x20 C:\Users\21404\AppData\Local\Temp\arduino\sketches\8B5082B71819AA0E12527BBEDA18C7A7/..\..\cores\907f208da1f5405b94dae7409b9f731e\core.a(port.c.o)
                0x0002b354                SVC_Handler
 .text.PendSV_Handler
                0x0002b374       0x60 C:\Users\21404\AppData\Local\Temp\arduino\sketches\8B5082B71819AA0E12527BBEDA18C7A7/..\..\cores\907f208da1f5405b94dae7409b9f731e\core.a(port.c.o)
                0x0002b374                PendSV_Handler
 .text.__empty  0x0002b3d4        0x4 C:\Users\21404\AppData\Local\Temp\arduino\sketches\8B5082B71819AA0E12527BBEDA18C7A7/..\..\cores\907f208da1f5405b94dae7409b9f731e\core.a(hooks.c.o)
                0x0002b3d4                vApplicationIdleHook
 .text          0x0002b3d8       0x54 C:\Users\21404\AppData\Local\Temp\arduino\sketches\8B5082B71819AA0E12527BBEDA18C7A7/..\..\cores\907f208da1f5405b94dae7409b9f731e\core.a(gcc_startup_nrf52.S.o)
                0x0002b3d8                Reset_Handler
                0x0002b418                NMI_Handler
                0x0002b41a                HardFault_Handler
                0x0002b41c                MemoryManagement_Handler
                0x0002b41e                BusFault_Handler
                0x0002b420                UsageFault_Handler
                0x0002b424                DebugMon_Handler
                0x0002b428                SysTick_Handler
                0x0002b42a                SWI0_EGU0_IRQHandler
                0x0002b42a                POWER_CLOCK_IRQHandler
                0x0002b42a                PWM1_IRQHandler
                0x0002b42a                GPIOTE_IRQHandler
                0x0002b42a                PDM_IRQHandler
                0x0002b42a                TEMP_IRQHandler
                0x0002b42a                QDEC_IRQHandler
                0x0002b42a                TIMER3_IRQHandler
                0x0002b42a                FPU_IRQHandler
                0x0002b42a                RADIO_IRQHandler
                0x0002b42a                TIMER4_IRQHandler
                0x0002b42a                RTC0_IRQHandler
                0x0002b42a                SWI4_EGU4_IRQHandler
                0x0002b42a                TIMER0_IRQHandler
                0x0002b42a                SWI2_EGU2_IRQHandler
                0x0002b42a                TIMER1_IRQHandler
                0x0002b42a                PWM2_IRQHandler
                0x0002b42a                ECB_IRQHandler
                0x0002b42a                Default_Handler
                0x0002b42a                SAADC_IRQHandler
                0x0002b42a                CCM_AAR_IRQHandler
                0x0002b42a                WDT_IRQHandler
                0x0002b42a                SWI5_EGU5_IRQHandler
                0x0002b42a                RNG_IRQHandler
                0x0002b42a                RTC2_IRQHandler
                0x0002b42a                PWM0_IRQHandler
                0x0002b42a                SWI3_EGU3_IRQHandler
                0x0002b42a                SWI1_EGU1_IRQHandler
                0x0002b42a                SPIM2_SPIS2_SPI2_IRQHandler
                0x0002b42a                NFCT_IRQHandler
                0x0002b42a                I2S_IRQHandler
                0x0002b42a                MWU_IRQHandler
                0x0002b42a                TIMER2_IRQHandler
                0x0002b42a                COMP_LPCOMP_IRQHandler
 .text._ZL9loop_taskPv
                0x0002b42c       0x54 C:\Users\21404\AppData\Local\Temp\arduino\sketches\8B5082B71819AA0E12527BBEDA18C7A7/..\..\cores\907f208da1f5405b94dae7409b9f731e\core.a(main.cpp.o)
 .text.startup.main
                0x0002b480       0x5c C:\Users\21404\AppData\Local\Temp\arduino\sketches\8B5082B71819AA0E12527BBEDA18C7A7/..\..\cores\907f208da1f5405b94dae7409b9f731e\core.a(main.cpp.o)
                0x0002b480                main
 .text._Znwj    0x0002b4dc        0x4 C:\Users\21404\AppData\Local\Temp\arduino\sketches\8B5082B71819AA0E12527BBEDA18C7A7/..\..\cores\907f208da1f5405b94dae7409b9f731e\core.a(new.cpp.o)
                0x0002b4dc                operator new(unsigned int)
 .text._ZdlPv   0x0002b4e0        0x4 C:\Users\21404\AppData\Local\Temp\arduino\sketches\8B5082B71819AA0E12527BBEDA18C7A7/..\..\cores\907f208da1f5405b94dae7409b9f731e\core.a(new.cpp.o)
                0x0002b4e0                operator delete(void*)
 .text._sbrk    0x0002b4e4       0x2c C:\Users\21404\AppData\Local\Temp\arduino\sketches\8B5082B71819AA0E12527BBEDA18C7A7/..\..\cores\907f208da1f5405b94dae7409b9f731e\core.a(new.cpp.o)
                0x0002b4e4                _sbrk
 .text.nrfx_spis_init
                0x0002b510      0x1c0 C:\Users\21404\AppData\Local\Temp\arduino\sketches\8B5082B71819AA0E12527BBEDA18C7A7/..\..\cores\907f208da1f5405b94dae7409b9f731e\core.a(nrfx_spis.c.o)
                0x0002b510                nrfx_spis_init
 .text.nrfx_spis_buffers_set
                0x0002b6d0       0xb4 C:\Users\21404\AppData\Local\Temp\arduino\sketches\8B5082B71819AA0E12527BBEDA18C7A7/..\..\cores\907f208da1f5405b94dae7409b9f731e\core.a(nrfx_spis.c.o)
                0x0002b6d0                nrfx_spis_buffers_set
 .text.SPIM1_SPIS1_TWIM1_TWIS1_SPI1_TWI1_IRQHandler
                0x0002b784       0xcc C:\Users\21404\AppData\Local\Temp\arduino\sketches\8B5082B71819AA0E12527BBEDA18C7A7/..\..\cores\907f208da1f5405b94dae7409b9f731e\core.a(nrfx_spis.c.o)
                0x0002b784                SPIM1_SPIS1_TWIM1_TWIS1_SPI1_TWI1_IRQHandler
 .text.SystemInit
                0x0002b850      0x388 C:\Users\21404\AppData\Local\Temp\arduino\sketches\8B5082B71819AA0E12527BBEDA18C7A7/..\..\cores\907f208da1f5405b94dae7409b9f731e\core.a(system_nrf52.c.o)
                0x0002b850                SystemInit
 .text.yield    0x0002bbd8       0x18 C:\Users\21404\AppData\Local\Temp\arduino\sketches\8B5082B71819AA0E12527BBEDA18C7A7/..\..\cores\907f208da1f5405b94dae7409b9f731e\core.a(rtos.cpp.o)
                0x0002bbd8                yield
 .text.vApplicationStackOverflowHook
                0x0002bbf0        0x4 C:\Users\21404\AppData\Local\Temp\arduino\sketches\8B5082B71819AA0E12527BBEDA18C7A7/..\..\cores\907f208da1f5405b94dae7409b9f731e\core.a(rtos.cpp.o)
                0x0002bbf0                vApplicationStackOverflowHook
 .text.vApplicationMallocFailedHook
                0x0002bbf4        0x4 C:\Users\21404\AppData\Local\Temp\arduino\sketches\8B5082B71819AA0E12527BBEDA18C7A7/..\..\cores\907f208da1f5405b94dae7409b9f731e\core.a(rtos.cpp.o)
                0x0002bbf4                vApplicationMallocFailedHook
 .text.vApplicationGetIdleTaskMemory
                0x0002bbf8       0x1c C:\Users\21404\AppData\Local\Temp\arduino\sketches\8B5082B71819AA0E12527BBEDA18C7A7/..\..\cores\907f208da1f5405b94dae7409b9f731e\core.a(rtos.cpp.o)
                0x0002bbf8                vApplicationGetIdleTaskMemory
 .text.vApplicationGetTimerTaskMemory
                0x0002bc14       0x20 C:\Users\21404\AppData\Local\Temp\arduino\sketches\8B5082B71819AA0E12527BBEDA18C7A7/..\..\cores\907f208da1f5405b94dae7409b9f731e\core.a(rtos.cpp.o)
                0x0002bc14                vApplicationGetTimerTaskMemory
 .text.adafruit_callback_task
                0x0002bc34       0x84 C:\Users\21404\AppData\Local\Temp\arduino\sketches\8B5082B71819AA0E12527BBEDA18C7A7/..\..\cores\907f208da1f5405b94dae7409b9f731e\core.a(AdaCallback.c.o)
                0x0002bc34                adafruit_callback_task
 .text.ada_callback_init
                0x0002bcb8       0x48 C:\Users\21404\AppData\Local\Temp\arduino\sketches\8B5082B71819AA0E12527BBEDA18C7A7/..\..\cores\907f208da1f5405b94dae7409b9f731e\core.a(AdaCallback.c.o)
                0x0002bcb8                ada_callback_init
 .text.init     0x0002bd00       0x74 C:\Users\21404\AppData\Local\Temp\arduino\sketches\8B5082B71819AA0E12527BBEDA18C7A7/..\..\cores\907f208da1f5405b94dae7409b9f731e\core.a(wiring.c.o)
                0x0002bd00                init
 .text.analogRead_internal
                0x0002bd74      0x14c C:\Users\21404\AppData\Local\Temp\arduino\sketches\8B5082B71819AA0E12527BBEDA18C7A7/..\..\cores\907f208da1f5405b94dae7409b9f731e\core.a(wiring_analog_nRF52.c.o)
 .text.analogRead
                0x0002bec0       0x5c C:\Users\21404\AppData\Local\Temp\arduino\sketches\8B5082B71819AA0E12527BBEDA18C7A7/..\..\cores\907f208da1f5405b94dae7409b9f731e\core.a(wiring_analog_nRF52.c.o)
                0x0002bec0                analogRead
 .text.pinMode  0x0002bf1c      0x130 C:\Users\21404\AppData\Local\Temp\arduino\sketches\8B5082B71819AA0E12527BBEDA18C7A7/..\..\cores\907f208da1f5405b94dae7409b9f731e\core.a(wiring_digital.c.o)
                0x0002bf1c                pinMode
 .text.digitalWrite
                0x0002c04c       0x2c C:\Users\21404\AppData\Local\Temp\arduino\sketches\8B5082B71819AA0E12527BBEDA18C7A7/..\..\cores\907f208da1f5405b94dae7409b9f731e\core.a(wiring_digital.c.o)
                0x0002c04c                digitalWrite
 .text.ledOff   0x0002c078       0x1c C:\Users\21404\AppData\Local\Temp\arduino\sketches\8B5082B71819AA0E12527BBEDA18C7A7/..\..\cores\907f208da1f5405b94dae7409b9f731e\core.a(wiring_digital.c.o)
                0x0002c078                ledOff
 .text.vListInitialise
                0x0002c094       0x18 C:\Users\21404\AppData\Local\Temp\arduino\sketches\8B5082B71819AA0E12527BBEDA18C7A7/..\..\cores\907f208da1f5405b94dae7409b9f731e\core.a(list.c.o)
                0x0002c094                vListInitialise
 .text.vListInitialiseItem
                0x0002c0ac        0x8 C:\Users\21404\AppData\Local\Temp\arduino\sketches\8B5082B71819AA0E12527BBEDA18C7A7/..\..\cores\907f208da1f5405b94dae7409b9f731e\core.a(list.c.o)
                0x0002c0ac                vListInitialiseItem
 .text.vListInsertEnd
                0x0002c0b4       0x20 C:\Users\21404\AppData\Local\Temp\arduino\sketches\8B5082B71819AA0E12527BBEDA18C7A7/..\..\cores\907f208da1f5405b94dae7409b9f731e\core.a(list.c.o)
                0x0002c0b4                vListInsertEnd
 .text.vListInsert
                0x0002c0d4       0x30 C:\Users\21404\AppData\Local\Temp\arduino\sketches\8B5082B71819AA0E12527BBEDA18C7A7/..\..\cores\907f208da1f5405b94dae7409b9f731e\core.a(list.c.o)
                0x0002c0d4                vListInsert
 .text.uxListRemove
                0x0002c104       0x28 C:\Users\21404\AppData\Local\Temp\arduino\sketches\8B5082B71819AA0E12527BBEDA18C7A7/..\..\cores\907f208da1f5405b94dae7409b9f731e\core.a(list.c.o)
                0x0002c104                uxListRemove
 .text          0x0002c12c      0x378 c:/users/21404/appdata/local/arduino15/packages/adafruit/tools/arm-none-eabi-gcc/9-2019q4/bin/../lib/gcc/arm-none-eabi/9.2.1/thumb/v7e-m+fp/hard\libgcc.a(_arm_addsubdf3.o)
                0x0002c12c                __aeabi_drsub
                0x0002c134                __aeabi_dsub
                0x0002c134                __subdf3
                0x0002c138                __aeabi_dadd
                0x0002c138                __adddf3
                0x0002c3b0                __floatunsidf
                0x0002c3b0                __aeabi_ui2d
                0x0002c3d0                __floatsidf
                0x0002c3d0                __aeabi_i2d
                0x0002c3f4                __aeabi_f2d
                0x0002c3f4                __extendsfdf2
                0x0002c438                __floatundidf
                0x0002c438                __aeabi_ul2d
                0x0002c448                __floatdidf
                0x0002c448                __aeabi_l2d
 .text          0x0002c4a4       0x50 c:/users/21404/appdata/local/arduino15/packages/adafruit/tools/arm-none-eabi-gcc/9-2019q4/bin/../lib/gcc/arm-none-eabi/9.2.1/thumb/v7e-m+fp/hard\libgcc.a(_arm_fixdfsi.o)
                0x0002c4a4                __aeabi_d2iz
                0x0002c4a4                __fixdfsi
 .text          0x0002c4f4       0xa0 c:/users/21404/appdata/local/arduino15/packages/adafruit/tools/arm-none-eabi-gcc/9-2019q4/bin/../lib/gcc/arm-none-eabi/9.2.1/thumb/v7e-m+fp/hard\libgcc.a(_arm_truncdfsf2.o)
                0x0002c4f4                __truncdfsf2
                0x0002c4f4                __aeabi_d2f
 .text          0x0002c594       0x30 c:/users/21404/appdata/local/arduino15/packages/adafruit/tools/arm-none-eabi-gcc/9-2019q4/bin/../lib/gcc/arm-none-eabi/9.2.1/thumb/v7e-m+fp/hard\libgcc.a(_aeabi_uldivmod.o)
                0x0002c594                __aeabi_uldivmod
 .text          0x0002c5c4      0x2c4 c:/users/21404/appdata/local/arduino15/packages/adafruit/tools/arm-none-eabi-gcc/9-2019q4/bin/../lib/gcc/arm-none-eabi/9.2.1/thumb/v7e-m+fp/hard\libgcc.a(_udivmoddi4.o)
                0x0002c5c4                __udivmoddi4
 .text          0x0002c888        0x4 c:/users/21404/appdata/local/arduino15/packages/adafruit/tools/arm-none-eabi-gcc/9-2019q4/bin/../lib/gcc/arm-none-eabi/9.2.1/thumb/v7e-m+fp/hard\libgcc.a(_dvmd_tls.o)
                0x0002c888                __aeabi_idiv0
                0x0002c888                __aeabi_ldiv0
 .text.__aeabi_atexit
                0x0002c88c        0xa c:/users/21404/appdata/local/arduino15/packages/adafruit/tools/arm-none-eabi-gcc/9-2019q4/bin/../lib/gcc/arm-none-eabi/9.2.1/../../../../arm-none-eabi/lib/thumb/v7e-m+fp/hard\libc_nano.a(lib_a-aeabi_atexit.o)
                0x0002c88c                __aeabi_atexit
 .text.atol     0x0002c896        0x8 c:/users/21404/appdata/local/arduino15/packages/adafruit/tools/arm-none-eabi-gcc/9-2019q4/bin/../lib/gcc/arm-none-eabi/9.2.1/../../../../arm-none-eabi/lib/thumb/v7e-m+fp/hard\libc_nano.a(lib_a-atol.o)
                0x0002c896                atol
 *fill*         0x0002c89e        0x2 
 .text.__cxa_atexit
                0x0002c8a0       0x1c c:/users/21404/appdata/local/arduino15/packages/adafruit/tools/arm-none-eabi-gcc/9-2019q4/bin/../lib/gcc/arm-none-eabi/9.2.1/../../../../arm-none-eabi/lib/thumb/v7e-m+fp/hard\libc_nano.a(lib_a-cxa_atexit.o)
                0x0002c8a0                __cxa_atexit
 .text.__errno  0x0002c8bc        0xc c:/users/21404/appdata/local/arduino15/packages/adafruit/tools/arm-none-eabi-gcc/9-2019q4/bin/../lib/gcc/arm-none-eabi/9.2.1/../../../../arm-none-eabi/lib/thumb/v7e-m+fp/hard\libc_nano.a(lib_a-errno.o)
                0x0002c8bc                __errno
 .text.exit     0x0002c8c8       0x28 c:/users/21404/appdata/local/arduino15/packages/adafruit/tools/arm-none-eabi-gcc/9-2019q4/bin/../lib/gcc/arm-none-eabi/9.2.1/../../../../arm-none-eabi/lib/thumb/v7e-m+fp/hard\libc_nano.a(lib_a-exit.o)
                0x0002c8c8                exit
 .text.__libc_init_array
                0x0002c8f0       0x48 c:/users/21404/appdata/local/arduino15/packages/adafruit/tools/arm-none-eabi-gcc/9-2019q4/bin/../lib/gcc/arm-none-eabi/9.2.1/../../../../arm-none-eabi/lib/thumb/v7e-m+fp/hard\libc_nano.a(lib_a-init.o)
                0x0002c8f0                __libc_init_array
 .text.isspace  0x0002c938       0x10 c:/users/21404/appdata/local/arduino15/packages/adafruit/tools/arm-none-eabi-gcc/9-2019q4/bin/../lib/gcc/arm-none-eabi/9.2.1/../../../../arm-none-eabi/lib/thumb/v7e-m+fp/hard\libc_nano.a(lib_a-isspace.o)
                0x0002c938                isspace
 .text.malloc   0x0002c948       0x10 c:/users/21404/appdata/local/arduino15/packages/adafruit/tools/arm-none-eabi-gcc/9-2019q4/bin/../lib/gcc/arm-none-eabi/9.2.1/../../../../arm-none-eabi/lib/thumb/v7e-m+fp/hard\libc_nano.a(lib_a-malloc.o)
                0x0002c948                malloc
 .text.free     0x0002c958       0x10 c:/users/21404/appdata/local/arduino15/packages/adafruit/tools/arm-none-eabi-gcc/9-2019q4/bin/../lib/gcc/arm-none-eabi/9.2.1/../../../../arm-none-eabi/lib/thumb/v7e-m+fp/hard\libc_nano.a(lib_a-malloc.o)
                0x0002c958                free
 .text.memcpy   0x0002c968       0x1c c:/users/21404/appdata/local/arduino15/packages/adafruit/tools/arm-none-eabi-gcc/9-2019q4/bin/../lib/gcc/arm-none-eabi/9.2.1/../../../../arm-none-eabi/lib/thumb/v7e-m+fp/hard\libc_nano.a(lib_a-memcpy-stub.o)
                0x0002c968                memcpy
 .text.memmove  0x0002c984       0x34 c:/users/21404/appdata/local/arduino15/packages/adafruit/tools/arm-none-eabi-gcc/9-2019q4/bin/../lib/gcc/arm-none-eabi/9.2.1/../../../../arm-none-eabi/lib/thumb/v7e-m+fp/hard\libc_nano.a(lib_a-memmove.o)
                0x0002c984                memmove
 .text.memset   0x0002c9b8       0x10 c:/users/21404/appdata/local/arduino15/packages/adafruit/tools/arm-none-eabi-gcc/9-2019q4/bin/../lib/gcc/arm-none-eabi/9.2.1/../../../../arm-none-eabi/lib/thumb/v7e-m+fp/hard\libc_nano.a(lib_a-memset.o)
                0x0002c9b8                memset
 .text._calloc_r
                0x0002c9c8       0x1e c:/users/21404/appdata/local/arduino15/packages/adafruit/tools/arm-none-eabi-gcc/9-2019q4/bin/../lib/gcc/arm-none-eabi/9.2.1/../../../../arm-none-eabi/lib/thumb/v7e-m+fp/hard\libc_nano.a(lib_a-nano-callocr.o)
                0x0002c9c8                _calloc_r
 *fill*         0x0002c9e6        0x2 
 .text._free_r  0x0002c9e8       0xa0 c:/users/21404/appdata/local/arduino15/packages/adafruit/tools/arm-none-eabi-gcc/9-2019q4/bin/../lib/gcc/arm-none-eabi/9.2.1/../../../../arm-none-eabi/lib/thumb/v7e-m+fp/hard\libc_nano.a(lib_a-nano-freer.o)
                0x0002c9e8                _free_r
 .text._malloc_r
                0x0002ca88       0xb4 c:/users/21404/appdata/local/arduino15/packages/adafruit/tools/arm-none-eabi-gcc/9-2019q4/bin/../lib/gcc/arm-none-eabi/9.2.1/../../../../arm-none-eabi/lib/thumb/v7e-m+fp/hard\libc_nano.a(lib_a-nano-mallocr.o)
                0x0002ca88                _malloc_r
 .text.__cvt    0x0002cb3c       0xc4 c:/users/21404/appdata/local/arduino15/packages/adafruit/tools/arm-none-eabi-gcc/9-2019q4/bin/../lib/gcc/arm-none-eabi/9.2.1/../../../../arm-none-eabi/lib/thumb/v7e-m+fp/hard\libc_nano.a(lib_a-nano-vfprintf_float.o)
                0x0002cb3c                __cvt
 .text.__exponent
                0x0002cc00       0x7c c:/users/21404/appdata/local/arduino15/packages/adafruit/tools/arm-none-eabi-gcc/9-2019q4/bin/../lib/gcc/arm-none-eabi/9.2.1/../../../../arm-none-eabi/lib/thumb/v7e-m+fp/hard\libc_nano.a(lib_a-nano-vfprintf_float.o)
                0x0002cc00                __exponent
 .text._printf_float
                0x0002cc7c      0x46c c:/users/21404/appdata/local/arduino15/packages/adafruit/tools/arm-none-eabi-gcc/9-2019q4/bin/../lib/gcc/arm-none-eabi/9.2.1/../../../../arm-none-eabi/lib/thumb/v7e-m+fp/hard\libc_nano.a(lib_a-nano-vfprintf_float.o)
                0x0002cc7c                _printf_float
 .text._printf_common
                0x0002d0e8       0xda c:/users/21404/appdata/local/arduino15/packages/adafruit/tools/arm-none-eabi-gcc/9-2019q4/bin/../lib/gcc/arm-none-eabi/9.2.1/../../../../arm-none-eabi/lib/thumb/v7e-m+fp/hard\libc_nano.a(lib_a-nano-vfprintf_i.o)
                0x0002d0e8                _printf_common
 *fill*         0x0002d1c2        0x2 
 .text._printf_i
                0x0002d1c4      0x24c c:/users/21404/appdata/local/arduino15/packages/adafruit/tools/arm-none-eabi-gcc/9-2019q4/bin/../lib/gcc/arm-none-eabi/9.2.1/../../../../arm-none-eabi/lib/thumb/v7e-m+fp/hard\libc_nano.a(lib_a-nano-vfprintf_i.o)
                0x0002d1c4                _printf_i
 .text.srand    0x0002d410       0x48 c:/users/21404/appdata/local/arduino15/packages/adafruit/tools/arm-none-eabi-gcc/9-2019q4/bin/../lib/gcc/arm-none-eabi/9.2.1/../../../../arm-none-eabi/lib/thumb/v7e-m+fp/hard\libc_nano.a(lib_a-rand.o)
                0x0002d410                srand
 .text.realloc  0x0002d458       0x10 c:/users/21404/appdata/local/arduino15/packages/adafruit/tools/arm-none-eabi-gcc/9-2019q4/bin/../lib/gcc/arm-none-eabi/9.2.1/../../../../arm-none-eabi/lib/thumb/v7e-m+fp/hard\libc_nano.a(lib_a-realloc.o)
                0x0002d458                realloc
 .text._sbrk_r  0x0002d468       0x20 c:/users/21404/appdata/local/arduino15/packages/adafruit/tools/arm-none-eabi-gcc/9-2019q4/bin/../lib/gcc/arm-none-eabi/9.2.1/../../../../arm-none-eabi/lib/thumb/v7e-m+fp/hard\libc_nano.a(lib_a-sbrkr.o)
                0x0002d468                _sbrk_r
 .text.snprintf
                0x0002d488       0x68 c:/users/21404/appdata/local/arduino15/packages/adafruit/tools/arm-none-eabi-gcc/9-2019q4/bin/../lib/gcc/arm-none-eabi/9.2.1/../../../../arm-none-eabi/lib/thumb/v7e-m+fp/hard\libc_nano.a(lib_a-snprintf.o)
                0x0002d488                sniprintf
                0x0002d488                snprintf
 .text          0x0002d4f0       0x14 c:/users/21404/appdata/local/arduino15/packages/adafruit/tools/arm-none-eabi-gcc/9-2019q4/bin/../lib/gcc/arm-none-eabi/9.2.1/../../../../arm-none-eabi/lib/thumb/v7e-m+fp/hard\libc_nano.a(lib_a-strcmp.o)
                0x0002d4f0                strcmp
 .text.strcpy   0x0002d504       0x10 c:/users/21404/appdata/local/arduino15/packages/adafruit/tools/arm-none-eabi-gcc/9-2019q4/bin/../lib/gcc/arm-none-eabi/9.2.1/../../../../arm-none-eabi/lib/thumb/v7e-m+fp/hard\libc_nano.a(lib_a-strcpy.o)
                0x0002d504                strcpy
 .text          0x0002d514       0x10 c:/users/21404/appdata/local/arduino15/packages/adafruit/tools/arm-none-eabi-gcc/9-2019q4/bin/../lib/gcc/arm-none-eabi/9.2.1/../../../../arm-none-eabi/lib/thumb/v7e-m+fp/hard\libc_nano.a(lib_a-strlen.o)
                0x0002d514                strlen
 .text.strncmp  0x0002d524       0x24 c:/users/21404/appdata/local/arduino15/packages/adafruit/tools/arm-none-eabi-gcc/9-2019q4/bin/../lib/gcc/arm-none-eabi/9.2.1/../../../../arm-none-eabi/lib/thumb/v7e-m+fp/hard\libc_nano.a(lib_a-strncmp.o)
                0x0002d524                strncmp
 .text._strtol_l.isra.0
                0x0002d548       0xf4 c:/users/21404/appdata/local/arduino15/packages/adafruit/tools/arm-none-eabi-gcc/9-2019q4/bin/../lib/gcc/arm-none-eabi/9.2.1/../../../../arm-none-eabi/lib/thumb/v7e-m+fp/hard\libc_nano.a(lib_a-strtol.o)
 .text.strtol   0x0002d63c       0x14 c:/users/21404/appdata/local/arduino15/packages/adafruit/tools/arm-none-eabi-gcc/9-2019q4/bin/../lib/gcc/arm-none-eabi/9.2.1/../../../../arm-none-eabi/lib/thumb/v7e-m+fp/hard\libc_nano.a(lib_a-strtol.o)
                0x0002d63c                strtol
 .text.quorem   0x0002d650      0x116 c:/users/21404/appdata/local/arduino15/packages/adafruit/tools/arm-none-eabi-gcc/9-2019q4/bin/../lib/gcc/arm-none-eabi/9.2.1/../../../../arm-none-eabi/lib/thumb/v7e-m+fp/hard\libc_nano.a(lib_a-dtoa.o)
 *fill*         0x0002d766        0x2 
 .text._dtoa_r  0x0002d768      0xbbc c:/users/21404/appdata/local/arduino15/packages/adafruit/tools/arm-none-eabi-gcc/9-2019q4/bin/../lib/gcc/arm-none-eabi/9.2.1/../../../../arm-none-eabi/lib/thumb/v7e-m+fp/hard\libc_nano.a(lib_a-dtoa.o)
                0x0002d768                _dtoa_r
 .text._localeconv_r
                0x0002e324        0x8 c:/users/21404/appdata/local/arduino15/packages/adafruit/tools/arm-none-eabi-gcc/9-2019q4/bin/../lib/gcc/arm-none-eabi/9.2.1/../../../../arm-none-eabi/lib/thumb/v7e-m+fp/hard\libc_nano.a(lib_a-localeconv.o)
                0x0002e324                _localeconv_r
 .text.__retarget_lock_acquire_recursive
                0x0002e32c        0x2 c:/users/21404/appdata/local/arduino15/packages/adafruit/tools/arm-none-eabi-gcc/9-2019q4/bin/../lib/gcc/arm-none-eabi/9.2.1/../../../../arm-none-eabi/lib/thumb/v7e-m+fp/hard\libc_nano.a(lib_a-lock.o)
                0x0002e32c                __retarget_lock_acquire_recursive
 .text.__retarget_lock_release_recursive
                0x0002e32e        0x2 c:/users/21404/appdata/local/arduino15/packages/adafruit/tools/arm-none-eabi-gcc/9-2019q4/bin/../lib/gcc/arm-none-eabi/9.2.1/../../../../arm-none-eabi/lib/thumb/v7e-m+fp/hard\libc_nano.a(lib_a-lock.o)
                0x0002e32e                __retarget_lock_release_recursive
 .text.__ascii_mbtowc
                0x0002e330       0x24 c:/users/21404/appdata/local/arduino15/packages/adafruit/tools/arm-none-eabi-gcc/9-2019q4/bin/../lib/gcc/arm-none-eabi/9.2.1/../../../../arm-none-eabi/lib/thumb/v7e-m+fp/hard\libc_nano.a(lib_a-mbtowc_r.o)
                0x0002e330                __ascii_mbtowc
 *fill*         0x0002e354        0xc 
 .text          0x0002e360       0xa0 c:/users/21404/appdata/local/arduino15/packages/adafruit/tools/arm-none-eabi-gcc/9-2019q4/bin/../lib/gcc/arm-none-eabi/9.2.1/../../../../arm-none-eabi/lib/thumb/v7e-m+fp/hard\libc_nano.a(lib_a-memchr.o)
                0x0002e360                memchr
 .text.__malloc_lock
                0x0002e400        0xc c:/users/21404/appdata/local/arduino15/packages/adafruit/tools/arm-none-eabi-gcc/9-2019q4/bin/../lib/gcc/arm-none-eabi/9.2.1/../../../../arm-none-eabi/lib/thumb/v7e-m+fp/hard\libc_nano.a(lib_a-mlock.o)
                0x0002e400                __malloc_lock
 .text.__malloc_unlock
                0x0002e40c        0xc c:/users/21404/appdata/local/arduino15/packages/adafruit/tools/arm-none-eabi-gcc/9-2019q4/bin/../lib/gcc/arm-none-eabi/9.2.1/../../../../arm-none-eabi/lib/thumb/v7e-m+fp/hard\libc_nano.a(lib_a-mlock.o)
                0x0002e40c                __malloc_unlock
 .text._Balloc  0x0002e418       0x68 c:/users/21404/appdata/local/arduino15/packages/adafruit/tools/arm-none-eabi-gcc/9-2019q4/bin/../lib/gcc/arm-none-eabi/9.2.1/../../../../arm-none-eabi/lib/thumb/v7e-m+fp/hard\libc_nano.a(lib_a-mprec.o)
                0x0002e418                _Balloc
 .text._Bfree   0x0002e480       0x2e c:/users/21404/appdata/local/arduino15/packages/adafruit/tools/arm-none-eabi-gcc/9-2019q4/bin/../lib/gcc/arm-none-eabi/9.2.1/../../../../arm-none-eabi/lib/thumb/v7e-m+fp/hard\libc_nano.a(lib_a-mprec.o)
                0x0002e480                _Bfree
 .text.__multadd
                0x0002e4ae       0x7c c:/users/21404/appdata/local/arduino15/packages/adafruit/tools/arm-none-eabi-gcc/9-2019q4/bin/../lib/gcc/arm-none-eabi/9.2.1/../../../../arm-none-eabi/lib/thumb/v7e-m+fp/hard\libc_nano.a(lib_a-mprec.o)
                0x0002e4ae                __multadd
 .text.__hi0bits
                0x0002e52a       0x40 c:/users/21404/appdata/local/arduino15/packages/adafruit/tools/arm-none-eabi-gcc/9-2019q4/bin/../lib/gcc/arm-none-eabi/9.2.1/../../../../arm-none-eabi/lib/thumb/v7e-m+fp/hard\libc_nano.a(lib_a-mprec.o)
                0x0002e52a                __hi0bits
 .text.__lo0bits
                0x0002e56a       0x60 c:/users/21404/appdata/local/arduino15/packages/adafruit/tools/arm-none-eabi-gcc/9-2019q4/bin/../lib/gcc/arm-none-eabi/9.2.1/../../../../arm-none-eabi/lib/thumb/v7e-m+fp/hard\libc_nano.a(lib_a-mprec.o)
                0x0002e56a                __lo0bits
 .text.__i2b    0x0002e5ca       0x12 c:/users/21404/appdata/local/arduino15/packages/adafruit/tools/arm-none-eabi-gcc/9-2019q4/bin/../lib/gcc/arm-none-eabi/9.2.1/../../../../arm-none-eabi/lib/thumb/v7e-m+fp/hard\libc_nano.a(lib_a-mprec.o)
                0x0002e5ca                __i2b
 .text.__multiply
                0x0002e5dc      0x138 c:/users/21404/appdata/local/arduino15/packages/adafruit/tools/arm-none-eabi-gcc/9-2019q4/bin/../lib/gcc/arm-none-eabi/9.2.1/../../../../arm-none-eabi/lib/thumb/v7e-m+fp/hard\libc_nano.a(lib_a-mprec.o)
                0x0002e5dc                __multiply
 .text.__pow5mult
                0x0002e714       0x9c c:/users/21404/appdata/local/arduino15/packages/adafruit/tools/arm-none-eabi-gcc/9-2019q4/bin/../lib/gcc/arm-none-eabi/9.2.1/../../../../arm-none-eabi/lib/thumb/v7e-m+fp/hard\libc_nano.a(lib_a-mprec.o)
                0x0002e714                __pow5mult
 .text.__lshift
                0x0002e7b0       0xbe c:/users/21404/appdata/local/arduino15/packages/adafruit/tools/arm-none-eabi-gcc/9-2019q4/bin/../lib/gcc/arm-none-eabi/9.2.1/../../../../arm-none-eabi/lib/thumb/v7e-m+fp/hard\libc_nano.a(lib_a-mprec.o)
                0x0002e7b0                __lshift
 .text.__mcmp   0x0002e86e       0x38 c:/users/21404/appdata/local/arduino15/packages/adafruit/tools/arm-none-eabi-gcc/9-2019q4/bin/../lib/gcc/arm-none-eabi/9.2.1/../../../../arm-none-eabi/lib/thumb/v7e-m+fp/hard\libc_nano.a(lib_a-mprec.o)
                0x0002e86e                __mcmp
 .text.__mdiff  0x0002e8a6       0xec c:/users/21404/appdata/local/arduino15/packages/adafruit/tools/arm-none-eabi-gcc/9-2019q4/bin/../lib/gcc/arm-none-eabi/9.2.1/../../../../arm-none-eabi/lib/thumb/v7e-m+fp/hard\libc_nano.a(lib_a-mprec.o)
                0x0002e8a6                __mdiff
 .text.__d2b    0x0002e992       0xa0 c:/users/21404/appdata/local/arduino15/packages/adafruit/tools/arm-none-eabi-gcc/9-2019q4/bin/../lib/gcc/arm-none-eabi/9.2.1/../../../../arm-none-eabi/lib/thumb/v7e-m+fp/hard\libc_nano.a(lib_a-mprec.o)
                0x0002e992                __d2b
 .text._realloc_r
                0x0002ea32       0x4c c:/users/21404/appdata/local/arduino15/packages/adafruit/tools/arm-none-eabi-gcc/9-2019q4/bin/../lib/gcc/arm-none-eabi/9.2.1/../../../../arm-none-eabi/lib/thumb/v7e-m+fp/hard\libc_nano.a(lib_a-nano-reallocr.o)
                0x0002ea32                _realloc_r
 .text.__ssputs_r
                0x0002ea7e       0xb6 c:/users/21404/appdata/local/arduino15/packages/adafruit/tools/arm-none-eabi-gcc/9-2019q4/bin/../lib/gcc/arm-none-eabi/9.2.1/../../../../arm-none-eabi/lib/thumb/v7e-m+fp/hard\libc_nano.a(lib_a-nano-svfprintf.o)
                0x0002ea7e                __ssputs_r
 .text._svfprintf_r
                0x0002eb34      0x200 c:/users/21404/appdata/local/arduino15/packages/adafruit/tools/arm-none-eabi-gcc/9-2019q4/bin/../lib/gcc/arm-none-eabi/9.2.1/../../../../arm-none-eabi/lib/thumb/v7e-m+fp/hard\libc_nano.a(lib_a-nano-svfprintf.o)
                0x0002eb34                _svfiprintf_r
                0x0002eb34                _svfprintf_r
 .text.__ascii_wctomb
                0x0002ed34       0x1a c:/users/21404/appdata/local/arduino15/packages/adafruit/tools/arm-none-eabi-gcc/9-2019q4/bin/../lib/gcc/arm-none-eabi/9.2.1/../../../../arm-none-eabi/lib/thumb/v7e-m+fp/hard\libc_nano.a(lib_a-wctomb_r.o)
                0x0002ed34                __ascii_wctomb
 .text._malloc_usable_size_r
                0x0002ed4e       0x10 c:/users/21404/appdata/local/arduino15/packages/adafruit/tools/arm-none-eabi-gcc/9-2019q4/bin/../lib/gcc/arm-none-eabi/9.2.1/../../../../arm-none-eabi/lib/thumb/v7e-m+fp/hard\libc_nano.a(lib_a-nano-msizer.o)
                0x0002ed4e                _malloc_usable_size_r
 *fill*         0x0002ed5e        0x2 
 .text          0x0002ed60      0x424 c:/users/21404/appdata/local/arduino15/packages/adafruit/tools/arm-none-eabi-gcc/9-2019q4/bin/../lib/gcc/arm-none-eabi/9.2.1/thumb/v7e-m+fp/hard\libgcc.a(_arm_muldivdf3.o)
                0x0002ed60                __aeabi_dmul
                0x0002ed60                __muldf3
                0x0002efb4                __divdf3
                0x0002efb4                __aeabi_ddiv
 .text          0x0002f184      0x110 c:/users/21404/appdata/local/arduino15/packages/adafruit/tools/arm-none-eabi-gcc/9-2019q4/bin/../lib/gcc/arm-none-eabi/9.2.1/thumb/v7e-m+fp/hard\libgcc.a(_arm_cmpdf2.o)
                0x0002f184                __gtdf2
                0x0002f184                __gedf2
                0x0002f18c                __ltdf2
                0x0002f18c                __ledf2
                0x0002f194                __nedf2
                0x0002f194                __eqdf2
                0x0002f194                __cmpdf2
                0x0002f210                __aeabi_cdrcmple
                0x0002f220                __aeabi_cdcmpeq
                0x0002f220                __aeabi_cdcmple
                0x0002f230                __aeabi_dcmpeq
                0x0002f244                __aeabi_dcmplt
                0x0002f258                __aeabi_dcmple
                0x0002f26c                __aeabi_dcmpge
                0x0002f280                __aeabi_dcmpgt
 .text          0x0002f294       0x2c c:/users/21404/appdata/local/arduino15/packages/adafruit/tools/arm-none-eabi-gcc/9-2019q4/bin/../lib/gcc/arm-none-eabi/9.2.1/thumb/v7e-m+fp/hard\libgcc.a(_arm_unorddf2.o)
                0x0002f294                __unorddf2
                0x0002f294                __aeabi_dcmpun
 .text._exit    0x0002f2c0        0x4 c:/users/21404/appdata/local/arduino15/packages/adafruit/tools/arm-none-eabi-gcc/9-2019q4/bin/../lib/gcc/arm-none-eabi/9.2.1/../../../../arm-none-eabi/lib/thumb/v7e-m+fp/hard\libnosys.a(_exit.o)
                0x0002f2c0                _exit
 *(.init)
 .init          0x0002f2c4        0x4 c:/users/21404/appdata/local/arduino15/packages/adafruit/tools/arm-none-eabi-gcc/9-2019q4/bin/../lib/gcc/arm-none-eabi/9.2.1/thumb/v7e-m+fp/hard/crti.o
                0x0002f2c4                _init
 .init          0x0002f2c8        0x8 c:/users/21404/appdata/local/arduino15/packages/adafruit/tools/arm-none-eabi-gcc/9-2019q4/bin/../lib/gcc/arm-none-eabi/9.2.1/thumb/v7e-m+fp/hard/crtn.o
 *(.fini)
 .fini          0x0002f2d0        0x4 c:/users/21404/appdata/local/arduino15/packages/adafruit/tools/arm-none-eabi-gcc/9-2019q4/bin/../lib/gcc/arm-none-eabi/9.2.1/thumb/v7e-m+fp/hard/crti.o
                0x0002f2d0                _fini
 .fini          0x0002f2d4        0x8 c:/users/21404/appdata/local/arduino15/packages/adafruit/tools/arm-none-eabi-gcc/9-2019q4/bin/../lib/gcc/arm-none-eabi/9.2.1/thumb/v7e-m+fp/hard/crtn.o
 *crtbegin.o(.ctors)
 *crtbegin?.o(.ctors)
 *(EXCLUDE_FILE(*crtend.o *crtend?.o) .ctors)
 *(SORT_BY_NAME(.ctors.*))
 *(.ctors)
 *crtbegin.o(.dtors)
 *crtbegin?.o(.dtors)
 *(EXCLUDE_FILE(*crtend.o *crtend?.o) .dtors)
 *(SORT_BY_NAME(.dtors.*))
 *(.dtors)
 *(.rodata*)
 .rodata._Z16initializeTMP117v.str1.4
                0x0002f2dc       0x32 C:\Users\21404\AppData\Local\Temp\arduino\sketches\8B5082B71819AA0E12527BBEDA18C7A7\sketch\sensor_sa1.ino.cpp.o
 *fill*         0x0002f30e        0x2 
 .rodata._Z17initializeSensorsv.str1.4
                0x0002f310       0x32 C:\Users\21404\AppData\Local\Temp\arduino\sketches\8B5082B71819AA0E12527BBEDA18C7A7\sketch\sensor_sa1.ino.cpp.o
 *fill*         0x0002f342        0x2 
 .rodata._Z12getSSPinNamei.str1.4
                0x0002f344        0xf C:\Users\21404\AppData\Local\Temp\arduino\sketches\8B5082B71819AA0E12527BBEDA18C7A7\sketch\sensor_sa1.ino.cpp.o
 *fill*         0x0002f353        0x1 
 .rodata.loop.str1.4
                0x0002f354      0x10f C:\Users\21404\AppData\Local\Temp\arduino\sketches\8B5082B71819AA0E12527BBEDA18C7A7\sketch\sensor_sa1.ino.cpp.o
 *fill*         0x0002f463        0x1 
 .rodata.setup.str1.4
                0x0002f464       0x70 C:\Users\21404\AppData\Local\Temp\arduino\sketches\8B5082B71819AA0E12527BBEDA18C7A7\sketch\sensor_sa1.ino.cpp.o
 .rodata        0x0002f4d4       0x18 C:\Users\21404\AppData\Local\Temp\arduino\sketches\8B5082B71819AA0E12527BBEDA18C7A7\sketch\sensor_sa1.ino.cpp.o
 .rodata._ZL4spis
                0x0002f4ec        0x8 C:\Users\21404\AppData\Local\Temp\arduino\sketches\8B5082B71819AA0E12527BBEDA18C7A7\sketch\sensor_sa1.ino.cpp.o
 .rodata._ZTV7TwoWire
                0x0002f4f4       0x24 C:\Users\21404\AppData\Local\Temp\arduino\sketches\8B5082B71819AA0E12527BBEDA18C7A7\libraries\Wire\Wire_nRF52.cpp.o
                0x0002f4f4                vtable for TwoWire
 *fill*         0x0002f518        0x8 
 .rodata._ZZ21nrfx_coredep_delay_usE18delay_machine_code
                0x0002f520        0x6 C:\Users\21404\AppData\Local\Temp\arduino\sketches\8B5082B71819AA0E12527BBEDA18C7A7\libraries\Adafruit_BusIO\Adafruit_SPIDevice.cpp.o
 *fill*         0x0002f526        0x2 
 .rodata._ZTV17Adafruit_USBD_CDC
                0x0002f528       0x34 C:\Users\21404\AppData\Local\Temp\arduino\sketches\8B5082B71819AA0E12527BBEDA18C7A7\libraries\Adafruit_TinyUSB_Arduino\arduino\Adafruit_USBD_CDC.cpp.o
                0x0002f528                vtable for Adafruit_USBD_CDC
 .rodata.g_ADigitalPinMap
                0x0002f55c       0x80 C:\Users\21404\AppData\Local\Temp\arduino\sketches\8B5082B71819AA0E12527BBEDA18C7A7\core\variant.cpp.o
                0x0002f55c                g_ADigitalPinMap
 .rodata._ZN5Print5printEdi.str1.4
                0x0002f5dc        0x5 C:\Users\21404\AppData\Local\Temp\arduino\sketches\8B5082B71819AA0E12527BBEDA18C7A7/..\..\cores\907f208da1f5405b94dae7409b9f731e\core.a(Print.cpp.o)
 *fill*         0x0002f5e1        0x3 
 .rodata._ZN5Print7printlnEPK19__FlashStringHelper.str1.4
                0x0002f5e4        0x3 C:\Users\21404\AppData\Local\Temp\arduino\sketches\8B5082B71819AA0E12527BBEDA18C7A7/..\..\cores\907f208da1f5405b94dae7409b9f731e\core.a(Print.cpp.o)
 *fill*         0x0002f5e7        0x1 
 .rodata._ZTV4Uart
                0x0002f5e8       0x34 C:\Users\21404\AppData\Local\Temp\arduino\sketches\8B5082B71819AA0E12527BBEDA18C7A7/..\..\cores\907f208da1f5405b94dae7409b9f731e\core.a(Uart.cpp.o)
                0x0002f5e8                vtable for Uart
 .rodata.xTimerCreateTimerTask.str1.4
                0x0002f61c       0x10 C:\Users\21404\AppData\Local\Temp\arduino\sketches\8B5082B71819AA0E12527BBEDA18C7A7/..\..\cores\907f208da1f5405b94dae7409b9f731e\core.a(timers.c.o)
 .rodata.main.str1.4
                0x0002f62c        0x5 C:\Users\21404\AppData\Local\Temp\arduino\sketches\8B5082B71819AA0E12527BBEDA18C7A7/..\..\cores\907f208da1f5405b94dae7409b9f731e\core.a(main.cpp.o)
 *fill*         0x0002f631        0x3 
 .rodata.CSWTCH.14
                0x0002f634        0x4 C:\Users\21404\AppData\Local\Temp\arduino\sketches\8B5082B71819AA0E12527BBEDA18C7A7/..\..\cores\907f208da1f5405b94dae7409b9f731e\core.a(system_nrf52.c.o)
 .rodata.CSWTCH.18
                0x0002f638        0x4 C:\Users\21404\AppData\Local\Temp\arduino\sketches\8B5082B71819AA0E12527BBEDA18C7A7/..\..\cores\907f208da1f5405b94dae7409b9f731e\core.a(system_nrf52.c.o)
 .rodata.CSWTCH.4
                0x0002f63c        0x4 C:\Users\21404\AppData\Local\Temp\arduino\sketches\8B5082B71819AA0E12527BBEDA18C7A7/..\..\cores\907f208da1f5405b94dae7409b9f731e\core.a(system_nrf52.c.o)
 .rodata.ada_callback_init.str1.4
                0x0002f640        0x9 C:\Users\21404\AppData\Local\Temp\arduino\sketches\8B5082B71819AA0E12527BBEDA18C7A7/..\..\cores\907f208da1f5405b94dae7409b9f731e\core.a(AdaCallback.c.o)
 *fill*         0x0002f649        0x3 
 .rodata._global_impure_ptr
                0x0002f64c        0x4 c:/users/21404/appdata/local/arduino15/packages/adafruit/tools/arm-none-eabi-gcc/9-2019q4/bin/../lib/gcc/arm-none-eabi/9.2.1/../../../../arm-none-eabi/lib/thumb/v7e-m+fp/hard\libc_nano.a(lib_a-impure.o)
                0x0002f64c                _global_impure_ptr
 .rodata._printf_float.str1.1
                0x0002f650       0x12 c:/users/21404/appdata/local/arduino15/packages/adafruit/tools/arm-none-eabi-gcc/9-2019q4/bin/../lib/gcc/arm-none-eabi/9.2.1/../../../../arm-none-eabi/lib/thumb/v7e-m+fp/hard\libc_nano.a(lib_a-nano-vfprintf_float.o)
 .rodata._printf_i.str1.1
                0x0002f662       0x22 c:/users/21404/appdata/local/arduino15/packages/adafruit/tools/arm-none-eabi-gcc/9-2019q4/bin/../lib/gcc/arm-none-eabi/9.2.1/../../../../arm-none-eabi/lib/thumb/v7e-m+fp/hard\libc_nano.a(lib_a-nano-vfprintf_i.o)
 .rodata._ctype_
                0x0002f684      0x101 c:/users/21404/appdata/local/arduino15/packages/adafruit/tools/arm-none-eabi-gcc/9-2019q4/bin/../lib/gcc/arm-none-eabi/9.2.1/../../../../arm-none-eabi/lib/thumb/v7e-m+fp/hard\libc_nano.a(lib_a-ctype_.o)
                0x0002f684                _ctype_
 .rodata._dtoa_r.str1.1
                0x0002f785        0xd c:/users/21404/appdata/local/arduino15/packages/adafruit/tools/arm-none-eabi-gcc/9-2019q4/bin/../lib/gcc/arm-none-eabi/9.2.1/../../../../arm-none-eabi/lib/thumb/v7e-m+fp/hard\libc_nano.a(lib_a-dtoa.o)
                                  0xf (size before relaxing)
 *fill*         0x0002f792        0x2 
 .rodata.__sf_fake_stderr
                0x0002f794       0x20 c:/users/21404/appdata/local/arduino15/packages/adafruit/tools/arm-none-eabi-gcc/9-2019q4/bin/../lib/gcc/arm-none-eabi/9.2.1/../../../../arm-none-eabi/lib/thumb/v7e-m+fp/hard\libc_nano.a(lib_a-findfp.o)
                0x0002f794                __sf_fake_stderr
 .rodata.__sf_fake_stdin
                0x0002f7b4       0x20 c:/users/21404/appdata/local/arduino15/packages/adafruit/tools/arm-none-eabi-gcc/9-2019q4/bin/../lib/gcc/arm-none-eabi/9.2.1/../../../../arm-none-eabi/lib/thumb/v7e-m+fp/hard\libc_nano.a(lib_a-findfp.o)
                0x0002f7b4                __sf_fake_stdin
 .rodata.__sf_fake_stdout
                0x0002f7d4       0x20 c:/users/21404/appdata/local/arduino15/packages/adafruit/tools/arm-none-eabi-gcc/9-2019q4/bin/../lib/gcc/arm-none-eabi/9.2.1/../../../../arm-none-eabi/lib/thumb/v7e-m+fp/hard\libc_nano.a(lib_a-findfp.o)
                0x0002f7d4                __sf_fake_stdout
 .rodata._setlocale_r.str1.1
                0x0002f7f4        0x8 c:/users/21404/appdata/local/arduino15/packages/adafruit/tools/arm-none-eabi-gcc/9-2019q4/bin/../lib/gcc/arm-none-eabi/9.2.1/../../../../arm-none-eabi/lib/thumb/v7e-m+fp/hard\libc_nano.a(lib_a-locale.o)
                                  0x9 (size before relaxing)
 .rodata.str1.1
                0x0002f7fc        0x2 c:/users/21404/appdata/local/arduino15/packages/adafruit/tools/arm-none-eabi-gcc/9-2019q4/bin/../lib/gcc/arm-none-eabi/9.2.1/../../../../arm-none-eabi/lib/thumb/v7e-m+fp/hard\libc_nano.a(lib_a-locale.o)
 *fill*         0x0002f7fe        0x2 
 .rodata.__mprec_bigtens
                0x0002f800       0x28 c:/users/21404/appdata/local/arduino15/packages/adafruit/tools/arm-none-eabi-gcc/9-2019q4/bin/../lib/gcc/arm-none-eabi/9.2.1/../../../../arm-none-eabi/lib/thumb/v7e-m+fp/hard\libc_nano.a(lib_a-mprec.o)
                0x0002f800                __mprec_bigtens
 .rodata.__mprec_tens
                0x0002f828       0xc8 c:/users/21404/appdata/local/arduino15/packages/adafruit/tools/arm-none-eabi-gcc/9-2019q4/bin/../lib/gcc/arm-none-eabi/9.2.1/../../../../arm-none-eabi/lib/thumb/v7e-m+fp/hard\libc_nano.a(lib_a-mprec.o)
                0x0002f828                __mprec_tens
 .rodata.p05.7490
                0x0002f8f0        0xc c:/users/21404/appdata/local/arduino15/packages/adafruit/tools/arm-none-eabi-gcc/9-2019q4/bin/../lib/gcc/arm-none-eabi/9.2.1/../../../../arm-none-eabi/lib/thumb/v7e-m+fp/hard\libc_nano.a(lib_a-mprec.o)
 .rodata._svfprintf_r.str1.1
                0x0002f8fc       0x11 c:/users/21404/appdata/local/arduino15/packages/adafruit/tools/arm-none-eabi-gcc/9-2019q4/bin/../lib/gcc/arm-none-eabi/9.2.1/../../../../arm-none-eabi/lib/thumb/v7e-m+fp/hard\libc_nano.a(lib_a-nano-svfprintf.o)
 *(.eh_frame*)
 *fill*         0x0002f90d        0x3 
 .eh_frame      0x0002f910        0x0 c:/users/21404/appdata/local/arduino15/packages/adafruit/tools/arm-none-eabi-gcc/9-2019q4/bin/../lib/gcc/arm-none-eabi/9.2.1/thumb/v7e-m+fp/hard/crtbegin.o
 .eh_frame      0x0002f910        0x4 c:/users/21404/appdata/local/arduino15/packages/adafruit/tools/arm-none-eabi-gcc/9-2019q4/bin/../lib/gcc/arm-none-eabi/9.2.1/thumb/v7e-m+fp/hard/crtend.o

.glue_7         0x0002f914        0x0
 .glue_7        0x0002f914        0x0 linker stubs

.glue_7t        0x0002f914        0x0
 .glue_7t       0x0002f914        0x0 linker stubs

.vfp11_veneer   0x0002f914        0x0
 .vfp11_veneer  0x0002f914        0x0 linker stubs

.v4_bx          0x0002f914        0x0
 .v4_bx         0x0002f914        0x0 linker stubs

.iplt           0x0002f914        0x0
 .iplt          0x0002f914        0x0 c:/users/21404/appdata/local/arduino15/packages/adafruit/tools/arm-none-eabi-gcc/9-2019q4/bin/../lib/gcc/arm-none-eabi/9.2.1/thumb/v7e-m+fp/hard/crtfastmath.o

.ARM.extab
 *(.ARM.extab* .gnu.linkonce.armextab.*)
                0x0002f914                __exidx_start = .

.ARM.exidx      0x0002f914        0x8
 *(.ARM.exidx* .gnu.linkonce.armexidx.*)
 .ARM.exidx     0x0002f914        0x8 c:/users/21404/appdata/local/arduino15/packages/adafruit/tools/arm-none-eabi-gcc/9-2019q4/bin/../lib/gcc/arm-none-eabi/9.2.1/../../../../arm-none-eabi/lib/thumb/v7e-m+fp/hard/crt0.o
 .ARM.exidx     0x0002f91c        0x0 c:/users/21404/appdata/local/arduino15/packages/adafruit/tools/arm-none-eabi-gcc/9-2019q4/bin/../lib/gcc/arm-none-eabi/9.2.1/thumb/v7e-m+fp/hard\libgcc.a(_udivmoddi4.o)
                                  0x8 (size before relaxing)
                0x0002f91c                __exidx_end = .
                0x0002f91c                __etext = .

.rel.dyn        0x0002f91c        0x0
 .rel.iplt      0x0002f91c        0x0 c:/users/21404/appdata/local/arduino15/packages/adafruit/tools/arm-none-eabi-gcc/9-2019q4/bin/../lib/gcc/arm-none-eabi/9.2.1/thumb/v7e-m+fp/hard/crtfastmath.o

.data           0x20003600      0x23c load address 0x0002f91c
                0x20003600                __data_start__ = .
 *(vtable)
 *(.data*)
 .data          0x20003600        0x4 c:/users/21404/appdata/local/arduino15/packages/adafruit/tools/arm-none-eabi-gcc/9-2019q4/bin/../lib/gcc/arm-none-eabi/9.2.1/thumb/v7e-m+fp/hard/crtbegin.o
                0x20003600                __dso_handle
 .data.ALL_MAX  0x20003604       0x38 C:\Users\21404\AppData\Local\Temp\arduino\sketches\8B5082B71819AA0E12527BBEDA18C7A7\sketch\sensor_sa1.ino.cpp.o
                0x20003604                ALL_MAX
 .data.send_interval