Archive member included to satisfy reference by file (symbol)

C:\Users\21404\AppData\Local\Temp\arduino\sketches\864071F1E2A0CEB8C128ECCFB649BBD3/..\..\cores\907f208da1f5405b94dae7409b9f731e\core.a(Print.cpp.o)
                              C:\Users\21404\AppData\Local\Temp\arduino\sketches\864071F1E2A0CEB8C128ECCFB649BBD3\sketch\sensor_master.ino.cpp.o (Print::print(String const&))
C:\Users\21404\AppData\Local\Temp\arduino\sketches\864071F1E2A0CEB8C128ECCFB649BBD3/..\..\cores\907f208da1f5405b94dae7409b9f731e\core.a(Stream.cpp.o)
                              C:\Users\21404\AppData\Local\Temp\arduino\sketches\864071F1E2A0CEB8C128ECCFB649BBD3\sketch\sensor_master.ino.cpp.o (Stream::readStringUntil(char))
C:\Users\21404\AppData\Local\Temp\arduino\sketches\864071F1E2A0CEB8C128ECCFB649BBD3/..\..\cores\907f208da1f5405b94dae7409b9f731e\core.a(Uart.cpp.o)
                              C:\Users\21404\AppData\Local\Temp\arduino\sketches\864071F1E2A0CEB8C128ECCFB649BBD3\sketch\sensor_master.ino.cpp.o (Uart::available())
C:\Users\21404\AppData\Local\Temp\arduino\sketches\864071F1E2A0CEB8C128ECCFB649BBD3/..\..\cores\907f208da1f5405b94dae7409b9f731e\core.a(WString.cpp.o)
                              C:\Users\21404\AppData\Local\Temp\arduino\sketches\864071F1E2A0CEB8C128ECCFB649BBD3\sketch\sensor_master.ino.cpp.o (String::String(char const*))
C:\Users\21404\AppData\Local\Temp\arduino\sketches\864071F1E2A0CEB8C128ECCFB649BBD3/..\..\cores\907f208da1f5405b94dae7409b9f731e\core.a(abi.cpp.o)
                              C:\Users\21404\AppData\Local\Temp\arduino\sketches\864071F1E2A0CEB8C128ECCFB649BBD3/..\..\cores\907f208da1f5405b94dae7409b9f731e\core.a(Print.cpp.o) (__cxa_pure_virtual)
C:\Users\21404\AppData\Local\Temp\arduino\sketches\864071F1E2A0CEB8C128ECCFB649BBD3/..\..\cores\907f208da1f5405b94dae7409b9f731e\core.a(dtostrf.c.o)
                              C:\Users\21404\AppData\Local\Temp\arduino\sketches\864071F1E2A0CEB8C128ECCFB649BBD3/..\..\cores\907f208da1f5405b94dae7409b9f731e\core.a(WString.cpp.o) (dtostrf)
C:\Users\21404\AppData\Local\Temp\arduino\sketches\864071F1E2A0CEB8C128ECCFB649BBD3/..\..\cores\907f208da1f5405b94dae7409b9f731e\core.a(delay.c.o)
                              C:\Users\21404\AppData\Local\Temp\arduino\sketches\864071F1E2A0CEB8C128ECCFB649BBD3\sketch\sensor_master.ino.cpp.o (millis)
C:\Users\21404\AppData\Local\Temp\arduino\sketches\864071F1E2A0CEB8C128ECCFB649BBD3/..\..\cores\907f208da1f5405b94dae7409b9f731e\core.a(heap_3.c.o)
                              C:\Users\21404\AppData\Local\Temp\arduino\sketches\864071F1E2A0CEB8C128ECCFB649BBD3/..\..\cores\907f208da1f5405b94dae7409b9f731e\core.a(WString.cpp.o) (__wrap_malloc)
C:\Users\21404\AppData\Local\Temp\arduino\sketches\864071F1E2A0CEB8C128ECCFB649BBD3/..\..\cores\907f208da1f5405b94dae7409b9f731e\core.a(queue.c.o)
                              C:\Users\21404\AppData\Local\Temp\arduino\sketches\864071F1E2A0CEB8C128ECCFB649BBD3/..\..\cores\907f208da1f5405b94dae7409b9f731e\core.a(Uart.cpp.o) (xQueueGenericCreate)
C:\Users\21404\AppData\Local\Temp\arduino\sketches\864071F1E2A0CEB8C128ECCFB649BBD3/..\..\cores\907f208da1f5405b94dae7409b9f731e\core.a(tasks.c.o)
                              C:\Users\21404\AppData\Local\Temp\arduino\sketches\864071F1E2A0CEB8C128ECCFB649BBD3/..\..\cores\907f208da1f5405b94dae7409b9f731e\core.a(heap_3.c.o) (vTaskSuspendAll)
C:\Users\21404\AppData\Local\Temp\arduino\sketches\864071F1E2A0CEB8C128ECCFB649BBD3/..\..\cores\907f208da1f5405b94dae7409b9f731e\core.a(timers.c.o)
                              C:\Users\21404\AppData\Local\Temp\arduino\sketches\864071F1E2A0CEB8C128ECCFB649BBD3/..\..\cores\907f208da1f5405b94dae7409b9f731e\core.a(tasks.c.o) (xTimerCreateTimerTask)
C:\Users\21404\AppData\Local\Temp\arduino\sketches\864071F1E2A0CEB8C128ECCFB649BBD3/..\..\cores\907f208da1f5405b94dae7409b9f731e\core.a(port_cmsis.c.o)
                              C:\Users\21404\AppData\Local\Temp\arduino\sketches\864071F1E2A0CEB8C128ECCFB649BBD3/..\..\cores\907f208da1f5405b94dae7409b9f731e\core.a(tasks.c.o) (pxPortInitialiseStack)
C:\Users\21404\AppData\Local\Temp\arduino\sketches\864071F1E2A0CEB8C128ECCFB649BBD3/..\..\cores\907f208da1f5405b94dae7409b9f731e\core.a(port_cmsis_systick.c.o)
                              C:\Users\21404\AppData\Local\Temp\arduino\sketches\864071F1E2A0CEB8C128ECCFB649BBD3/..\..\cores\907f208da1f5405b94dae7409b9f731e\core.a(port_cmsis.c.o) (vPortSetupTimerInterrupt)
C:\Users\21404\AppData\Local\Temp\arduino\sketches\864071F1E2A0CEB8C128ECCFB649BBD3/..\..\cores\907f208da1f5405b94dae7409b9f731e\core.a(port.c.o)
                              C:\Users\21404\AppData\Local\Temp\arduino\sketches\864071F1E2A0CEB8C128ECCFB649BBD3/..\..\cores\907f208da1f5405b94dae7409b9f731e\core.a(port_cmsis.c.o) (vPortStartFirstTask)
C:\Users\21404\AppData\Local\Temp\arduino\sketches\864071F1E2A0CEB8C128ECCFB649BBD3/..\..\cores\907f208da1f5405b94dae7409b9f731e\core.a(hooks.c.o)
[...]
Memory Configuration

Name             Origin             Length             Attributes
FLASH            0x00026000         0x00047000         xr
RAM              0x20003600         0x0000ca00         xrw
*default*        0x00000000         0xffffffff

Linker script and memory map

                0x00000800                __StackSize = 0x800
                0x20010000                PROVIDE (__StackTop = (ORIGIN (RAM) + LENGTH (RAM)))
                0x2000f800                PROVIDE (__StackLimit = (__StackTop - __StackSize))
                0x20010000                PROVIDE (__stack = __StackTop)
                0x00026000                __flash_arduino_start = ORIGIN (FLASH)
                0x0006d000                __flash_arduino_end = (ORIGIN (FLASH) + LENGTH (FLASH))

.text           0x00026000     0x752c
 *(.isr_vector)
 .isr_vector    0x00026000      0x200 C:\Users\21404\AppData\Local\Temp\arduino\sketches\864071F1E2A0CEB8C128ECCFB649BBD3/..\..\cores\907f208da1f5405b94dae7409b9f731e\core.a(gcc_startup_nrf52.S.o)
                0x00026000                __isr_vector
 *(.text*)
 .text.startup  0x00026200       0x10 c:/users/21404/appdata/local/arduino15/packages/adafruit/tools/arm-none-eabi-gcc/9-2019q4/bin/../lib/gcc/arm-none-eabi/9.2.1/thumb/v7e-m+fp/hard/crtfastmath.o
 .text          0x00026210       0x40 c:/users/21404/appdata/local/arduino15/packages/adafruit/tools/arm-none-eabi-gcc/9-2019q4/bin/../lib/gcc/arm-none-eabi/9.2.1/thumb/v7e-m+fp/hard/crtbegin.o
 .text          0x00026250       0x74 c:/users/21404/appdata/local/arduino15/packages/adafruit/tools/arm-none-eabi-gcc/9-2019q4/bin/../lib/gcc/arm-none-eabi/9.2.1/../../../../arm-none-eabi/lib/thumb/v7e-m+fp/hard/crt0.o
                0x00026250                _start
                0x00026250                _mainCRTStartup
 .text._Z18sendCommandToSlaveiPKc
                0x000262c4      0x158 C:\Users\21404\AppData\Local\Temp\arduino\sketches\864071F1E2A0CEB8C128ECCFB649BBD3\sketch\sensor_master.ino.cpp.o
                0x000262c4                sendCommandToSlave(int, char const*)
 *fill*         0x0002641c        0x4 
 .text._Z9stopSlavei
                0x00026420      0x234 C:\Users\21404\AppData\Local\Temp\arduino\sketches\864071F1E2A0CEB8C128ECCFB649BBD3\sketch\sensor_master.ino.cpp.o
                0x00026420                stopSlave(int)
 .text._Z20receiveDataFromSlavei
                0x00026654       0xe4 C:\Users\21404\AppData\Local\Temp\arduino\sketches\864071F1E2A0CEB8C128ECCFB649BBD3\sketch\sensor_master.ino.cpp.o
                0x00026654                receiveDataFromSlave(int)
 .text.setup    0x00026738       0x8c C:\Users\21404\AppData\Local\Temp\arduino\sketches\864071F1E2A0CEB8C128ECCFB649BBD3\sketch\sensor_master.ino.cpp.o
                0x00026738                setup
 .text.loop     0x000267c4      0x1c0 C:\Users\21404\AppData\Local\Temp\arduino\sketches\864071F1E2A0CEB8C128ECCFB649BBD3\sketch\sensor_master.ino.cpp.o
                0x000267c4                loop
 .text._ZN8SPIClass5beginEv
                0x00026984       0xa4 C:\Users\21404\AppData\Local\Temp\arduino\sketches\864071F1E2A0CEB8C128ECCFB649BBD3\libraries\SPI\SPI_nrf52832.cpp.o
                0x00026984                SPIClass::begin()
 .text._ZN8SPIClass11setBitOrderE8BitOrder
                0x00026a28       0x20 C:\Users\21404\AppData\Local\Temp\arduino\sketches\864071F1E2A0CEB8C128ECCFB649BBD3\libraries\SPI\SPI_nrf52832.cpp.o
                0x00026a28                SPIClass::setBitOrder(BitOrder)
 .text._ZN8SPIClass11setDataModeEh
                0x00026a48       0x18 C:\Users\21404\AppData\Local\Temp\arduino\sketches\864071F1E2A0CEB8C128ECCFB649BBD3\libraries\SPI\SPI_nrf52832.cpp.o
                0x00026a48                SPIClass::setDataMode(unsigned char)
 .text._ZN8SPIClass15setClockDividerEm
                0x00026a60       0x54 C:\Users\21404\AppData\Local\Temp\arduino\sketches\864071F1E2A0CEB8C128ECCFB649BBD3\libraries\SPI\SPI_nrf52832.cpp.o
                0x00026a60                SPIClass::setClockDivider(unsigned long)
 .text._ZN8SPIClass8transferEh
                0x00026ab4       0x1c C:\Users\21404\AppData\Local\Temp\arduino\sketches\864071F1E2A0CEB8C128ECCFB649BBD3\libraries\SPI\SPI_nrf52832.cpp.o
                0x00026ab4                SPIClass::transfer(unsigned char)
 .text.startup._GLOBAL__sub_I__Z11mode2configh
                0x00026ad0       0x40 C:\Users\21404\AppData\Local\Temp\arduino\sketches\864071F1E2A0CEB8C128ECCFB649BBD3\libraries\SPI\SPI_nrf52832.cpp.o
 .text._ZN17Adafruit_USBD_CDC22getInterfaceDescriptorEhPht
                0x00026b10        0x4 C:\Users\21404\AppData\Local\Temp\arduino\sketches\864071F1E2A0CEB8C128ECCFB649BBD3\libraries\Adafruit_TinyUSB_Arduino\arduino\Adafruit_USBD_CDC.cpp.o
                0x00026b10                Adafruit_USBD_CDC::getInterfaceDescriptor(unsigned char, unsigned char*, unsigned short)
 .text._ZN17Adafruit_USBD_CDC3endEv
                0x00026b14        0x4 C:\Users\21404\AppData\Local\Temp\arduino\sketches\864071F1E2A0CEB8C128ECCFB649BBD3\libraries\Adafruit_TinyUSB_Arduino\arduino\Adafruit_USBD_CDC.cpp.o
                0x00026b14                Adafruit_USBD_CDC::end()
                0x00026b14                Adafruit_USBD_CDC::flush()
 .text._ZN17Adafruit_USBD_CDC3dtrEv
                0x00026b18        0x4 C:\Users\21404\AppData\Local\Temp\arduino\sketches\864071F1E2A0CEB8C128ECCFB649BBD3\libraries\Adafruit_TinyUSB_Arduino\arduino\Adafruit_USBD_CDC.cpp.o
                0x00026b18                Adafruit_USBD_CDC::dtr()
                0x00026b18                Adafruit_USBD_CDC::availableForWrite()
                0x00026b18                Adafruit_USBD_CDC::available()
 .text._ZN17Adafruit_USBD_CDC4peekEv
                0x00026b1c        0x8 C:\Users\21404\AppData\Local\Temp\arduino\sketches\864071F1E2A0CEB8C128ECCFB649BBD3\libraries\Adafruit_TinyUSB_Arduino\arduino\Adafruit_USBD_CDC.cpp.o
                0x00026b1c                Adafruit_USBD_CDC::peek()
                0x00026b1c                Adafruit_USBD_CDC::read()
 .text._ZN17Adafruit_USBD_CDC4readEPhj
                0x00026b24        0x4 C:\Users\21404\AppData\Local\Temp\arduino\sketches\864071F1E2A0CEB8C128ECCFB649BBD3\libraries\Adafruit_TinyUSB_Arduino\arduino\Adafruit_USBD_CDC.cpp.o
                0x00026b24                Adafruit_USBD_CDC::read(unsigned char*, unsigned int)
                0x00026b24                Adafruit_USBD_CDC::write(unsigned char const*, unsigned int)
 .text._ZN17Adafruit_USBD_CDC5writeEh
                0x00026b28        0x8 C:\Users\21404\AppData\Local\Temp\arduino\sketches\864071F1E2A0CEB8C128ECCFB649BBD3\libraries\Adafruit_TinyUSB_Arduino\arduino\Adafruit_USBD_CDC.cpp.o
                0x00026b28                Adafruit_USBD_CDC::write(unsigned char)
 .text._ZThn16_N17Adafruit_USBD_CDC22getInterfaceDescriptorEhPht
                0x00026b30        0x4 C:\Users\21404\AppData\Local\Temp\arduino\sketches\864071F1E2A0CEB8C128ECCFB649BBD3\libraries\Adafruit_TinyUSB_Arduino\arduino\Adafruit_USBD_CDC.cpp.o
                0x00026b30                non-virtual thunk to Adafruit_USBD_CDC::getInterfaceDescriptor(unsigned char, unsigned char*, unsigned short)
 .text.startup._GLOBAL__sub_I_SerialTinyUSB
                0x00026b34       0x2c C:\Users\21404\AppData\Local\Temp\arduino\sketches\864071F1E2A0CEB8C128ECCFB649BBD3\libraries\Adafruit_TinyUSB_Arduino\arduino\Adafruit_USBD_CDC.cpp.o
 .text._Z11initVariantv
                0x00026b60       0x24 C:\Users\21404\AppData\Local\Temp\arduino\sketches\864071F1E2A0CEB8C128ECCFB649BBD3\core\variant.cpp.o
                0x00026b60                initVariant()
 .text._ZN5Print5writeEPKhj
                0x00026b84       0x2c C:\Users\21404\AppData\Local\Temp\arduino\sketches\864071F1E2A0CEB8C128ECCFB649BBD3/..\..\cores\907f208da1f5405b94dae7409b9f731e\core.a(Print.cpp.o)
                0x00026b84                Print::write(unsigned char const*, unsigned int)
 .text._ZN5Print5printERK6String
                0x00026bb0       0x48 C:\Users\21404\AppData\Local\Temp\arduino\sketches\864071F1E2A0CEB8C128ECCFB649BBD3/..\..\cores\907f208da1f5405b94dae7409b9f731e\core.a(Print.cpp.o)
                0x00026bb0                Print::print(String const&)
 .text._ZN5Print5printEPKc
                0x00026bf8       0x5c C:\Users\21404\AppData\Local\Temp\arduino\sketches\864071F1E2A0CEB8C128ECCFB649BBD3/..\..\cores\907f208da1f5405b94dae7409b9f731e\core.a(Print.cpp.o)
                0x00026bf8                Print::print(char const*)
 .text._ZN5Print5printEdi
                0x00026c54       0x60 C:\Users\21404\AppData\Local\Temp\arduino\sketches\864071F1E2A0CEB8C128ECCFB649BBD3/..\..\cores\907f208da1f5405b94dae7409b9f731e\core.a(Print.cpp.o)
                0x00026c54                Print::print(double, int)
 .text._ZN5Print7printlnERK6String
                0x00026cb4       0x8c C:\Users\21404\AppData\Local\Temp\arduino\sketches\864071F1E2A0CEB8C128ECCFB649BBD3/..\..\cores\907f208da1f5405b94dae7409b9f731e\core.a(Print.cpp.o)
                0x00026cb4                Print::println(String const&)
 .text._ZN5Print7printlnEPKc
                0x00026d40       0xa0 C:\Users\21404\AppData\Local\Temp\arduino\sketches\864071F1E2A0CEB8C128ECCFB649BBD3/..\..\cores\907f208da1f5405b94dae7409b9f731e\core.a(Print.cpp.o)
                0x00026d40                Print::println(char const*)
 .text._ZN5Print11printNumberEmh
                0x00026de0       0x88 C:\Users\21404\AppData\Local\Temp\arduino\sketches\864071F1E2A0CEB8C128ECCFB649BBD3/..\..\cores\907f208da1f5405b94dae7409b9f731e\core.a(Print.cpp.o)
                0x00026de0                Print::printNumber(unsigned long, unsigned char)
 .text._ZN5Print5printEli
                0x00026e68       0x44 C:\Users\21404\AppData\Local\Temp\arduino\sketches\864071F1E2A0CEB8C128ECCFB649BBD3/..\..\cores\907f208da1f5405b94dae7409b9f731e\core.a(Print.cpp.o)
                0x00026e68                Print::print(long, int)
 .text._ZN5Print7printlnEii
                0x00026eac       0x4c C:\Users\21404\AppData\Local\Temp\arduino\sketches\864071F1E2A0CEB8C128ECCFB649BBD3/..\..\cores\907f208da1f5405b94dae7409b9f731e\core.a(Print.cpp.o)
                0x00026eac                Print::println(int, int)
 .text._ZN5Print5printEii
                0x00026ef8       0x44 C:\Users\21404\AppData\Local\Temp\arduino\sketches\864071F1E2A0CEB8C128ECCFB649BBD3/..\..\cores\907f208da1f5405b94dae7409b9f731e\core.a(Print.cpp.o)
                0x00026ef8                Print::print(int, int)
 .text._ZN6Stream15readStringUntilEc
                0x00026f3c       0x6c C:\Users\21404\AppData\Local\Temp\arduino\sketches\864071F1E2A0CEB8C128ECCFB649BBD3/..\..\cores\907f208da1f5405b94dae7409b9f731e\core.a(Stream.cpp.o)
                0x00026f3c                Stream::readStringUntil(char)
 .text._ZN4UartcvbEv
                0x00026fa8        0x8 C:\Users\21404\AppData\Local\Temp\arduino\sketches\864071F1E2A0CEB8C128ECCFB649BBD3/..\..\cores\907f208da1f5405b94dae7409b9f731e\core.a(Uart.cpp.o)
                0x00026fa8                Uart::operator bool()
 .text._ZN4Uart3endEv
                0x00026fb0       0x94 C:\Users\21404\AppData\Local\Temp\arduino\sketches\864071F1E2A0CEB8C128ECCFB649BBD3/..\..\cores\907f208da1f5405b94dae7409b9f731e\core.a(Uart.cpp.o)
                0x00026fb0                Uart::end()
 .text._ZN4Uart9availableEv
                0x00027044        0x8 C:\Users\21404\AppData\Local\Temp\arduino\sketches\864071F1E2A0CEB8C128ECCFB649BBD3/..\..\cores\907f208da1f5405b94dae7409b9f731e\core.a(Uart.cpp.o)
                0x00027044                Uart::available()
 .text._ZN4Uart4peekEv
                0x0002704c        0x8 C:\Users\21404\AppData\Local\Temp\arduino\sketches\864071F1E2A0CEB8C128ECCFB649BBD3/..\..\cores\907f208da1f5405b94dae7409b9f731e\core.a(Uart.cpp.o)
                0x0002704c                Uart::peek()
 .text._ZN4Uart4readEv
                0x00027054        0x8 C:\Users\21404\AppData\Local\Temp\arduino\sketches\864071F1E2A0CEB8C128ECCFB649BBD3/..\..\cores\907f208da1f5405b94dae7409b9f731e\core.a(Uart.cpp.o)
                0x00027054                Uart::read()
 .text._ZN4Uart17availableForWriteEv
                0x0002705c       0x14 C:\Users\21404\AppData\Local\Temp\arduino\sketches\864071F1E2A0CEB8C128ECCFB649BBD3/..\..\cores\907f208da1f5405b94dae7409b9f731e\core.a(Uart.cpp.o)
                0x0002705c                Uart::availableForWrite()
 .text._ZN4Uart5flushEv
                0x00027070       0x2c C:\Users\21404\AppData\Local\Temp\arduino\sketches\864071F1E2A0CEB8C128ECCFB649BBD3/..\..\cores\907f208da1f5405b94dae7409b9f731e\core.a(Uart.cpp.o)
                0x00027070                Uart::flush()
 .text._ZN4Uart5writeEh
                0x0002709c       0x48 C:\Users\21404\AppData\Local\Temp\arduino\sketches\864071F1E2A0CEB8C128ECCFB649BBD3/..\..\cores\907f208da1f5405b94dae7409b9f731e\core.a(Uart.cpp.o)
                0x0002709c                Uart::write(unsigned char)
 .text._ZN4Uart5writeEPKhj
                0x000270e4       0x54 C:\Users\21404\AppData\Local\Temp\arduino\sketches\864071F1E2A0CEB8C128ECCFB649BBD3/..\..\cores\907f208da1f5405b94dae7409b9f731e\core.a(Uart.cpp.o)
                0x000270e4                Uart::write(unsigned char const*, unsigned int)
 .text._ZN4Uart5beginEm
                0x00027138      0x200 C:\Users\21404\AppData\Local\Temp\arduino\sketches\864071F1E2A0CEB8C128ECCFB649BBD3/..\..\cores\907f208da1f5405b94dae7409b9f731e\core.a(Uart.cpp.o)
                0x00027138                Uart::begin(unsigned long)
 .text._ZN4Uart5beginEmt
                0x00027338      0x1ec C:\Users\21404\AppData\Local\Temp\arduino\sketches\864071F1E2A0CEB8C128ECCFB649BBD3/..\..\cores\907f208da1f5405b94dae7409b9f731e\core.a(Uart.cpp.o)
                0x00027338                Uart::begin(unsigned long, unsigned short)
 .text._Z14serialEventRunv
                0x00027524       0x20 C:\Users\21404\AppData\Local\Temp\arduino\sketches\864071F1E2A0CEB8C128ECCFB649BBD3/..\..\cores\907f208da1f5405b94dae7409b9f731e\core.a(Uart.cpp.o)
                0x00027524                serialEventRun()
 .text.UARTE0_UART0_IRQHandler
                0x00027544       0x4c C:\Users\21404\AppData\Local\Temp\arduino\sketches\864071F1E2A0CEB8C128ECCFB649BBD3/..\..\cores\907f208da1f5405b94dae7409b9f731e\core.a(Uart.cpp.o)
                0x00027544                UARTE0_UART0_IRQHandler
 .text.startup._GLOBAL__sub_I__ZN4UartC2EP14NRF_UARTE_Type9IRQn_Typehh
                0x00027590       0x4c C:\Users\21404\AppData\Local\Temp\arduino\sketches\864071F1E2A0CEB8C128ECCFB649BBD3/..\..\cores\907f208da1f5405b94dae7409b9f731e\core.a(Uart.cpp.o)
 .text._ZN6StringC2EPKc
                0x000275dc       0x34 C:\Users\21404\AppData\Local\Temp\arduino\sketches\864071F1E2A0CEB8C128ECCFB649BBD3/..\..\cores\907f208da1f5405b94dae7409b9f731e\core.a(WString.cpp.o)
                0x000275dc                String::String(char const*)
                0x000275dc                String::String(char const*)
 .text._ZN6StringC2Eih
                0x00027610       0x68 C:\Users\21404\AppData\Local\Temp\arduino\sketches\864071F1E2A0CEB8C128ECCFB649BBD3/..\..\cores\907f208da1f5405b94dae7409b9f731e\core.a(WString.cpp.o)
                0x00027610                String::String(int, unsigned char)
                0x00027610                String::String(int, unsigned char)
 .text._ZN6StringC2Efh
                0x00027678       0x7c C:\Users\21404\AppData\Local\Temp\arduino\sketches\864071F1E2A0CEB8C128ECCFB649BBD3/..\..\cores\907f208da1f5405b94dae7409b9f731e\core.a(WString.cpp.o)
                0x00027678                String::String(float, unsigned char)
                0x00027678                String::String(float, unsigned char)
 .text._ZN6StringD2Ev
                0x000276f4       0x10 C:\Users\21404\AppData\Local\Temp\arduino\sketches\864071F1E2A0CEB8C128ECCFB649BBD3/..\..\cores\907f208da1f5405b94dae7409b9f731e\core.a(WString.cpp.o)
                0x000276f4                String::~String()
                0x000276f4                String::~String()
 .text._ZN6String6concatEc
                0x00027704       0x44 C:\Users\21404\AppData\Local\Temp\arduino\sketches\864071F1E2A0CEB8C128ECCFB649BBD3/..\..\cores\907f208da1f5405b94dae7409b9f731e\core.a(WString.cpp.o)
                0x00027704                String::concat(char)
 .text._ZplRK15StringSumHelperRK6String
                0x00027748       0x58 C:\Users\21404\AppData\Local\Temp\arduino\sketches\864071F1E2A0CEB8C128ECCFB649BBD3/..\..\cores\907f208da1f5405b94dae7409b9f731e\core.a(WString.cpp.o)
                0x00027748                operator+(StringSumHelper const&, String const&)
 .text._ZplRK15StringSumHelperPKc
                0x000277a0       0x60 C:\Users\21404\AppData\Local\Temp\arduino\sketches\864071F1E2A0CEB8C128ECCFB649BBD3/..\..\cores\907f208da1f5405b94dae7409b9f731e\core.a(WString.cpp.o)
                0x000277a0                operator+(StringSumHelper const&, char const*)
 .text._ZNK6String6equalsEPKc
                0x00027800       0x2c C:\Users\21404\AppData\Local\Temp\arduino\sketches\864071F1E2A0CEB8C128ECCFB649BBD3/..\..\cores\907f208da1f5405b94dae7409b9f731e\core.a(WString.cpp.o)
                0x00027800                String::equals(char const*) const
 .text._ZN6String4trimEv
                0x0002782c       0x54 C:\Users\21404\AppData\Local\Temp\arduino\sketches\864071F1E2A0CEB8C128ECCFB649BBD3/..\..\cores\907f208da1f5405b94dae7409b9f731e\core.a(WString.cpp.o)
                0x0002782c                String::trim()
 .text.dtostrf  0x00027880       0x2c C:\Users\21404\AppData\Local\Temp\arduino\sketches\864071F1E2A0CEB8C128ECCFB649BBD3/..\..\cores\907f208da1f5405b94dae7409b9f731e\core.a(dtostrf.c.o)
                0x00027880                dtostrf
 .text.millis   0x000278ac       0x18 C:\Users\21404\AppData\Local\Temp\arduino\sketches\864071F1E2A0CEB8C128ECCFB649BBD3/..\..\cores\907f208da1f5405b94dae7409b9f731e\core.a(delay.c.o)
                0x000278ac                millis
 .text.__wrap_malloc
                0x000278c4       0x34 C:\Users\21404\AppData\Local\Temp\arduino\sketches\864071F1E2A0CEB8C128ECCFB649BBD3/..\..\cores\907f208da1f5405b94dae7409b9f731e\core.a(heap_3.c.o)
                0x000278c4                __wrap_malloc
 .text.__wrap_free
                0x000278f8       0x2c C:\Users\21404\AppData\Local\Temp\arduino\sketches\864071F1E2A0CEB8C128ECCFB649BBD3/..\..\cores\907f208da1f5405b94dae7409b9f731e\core.a(heap_3.c.o)
                0x000278f8                __wrap_free
 .text.__wrap_realloc
                0x00027924       0x40 C:\Users\21404\AppData\Local\Temp\arduino\sketches\864071F1E2A0CEB8C128ECCFB649BBD3/..\..\cores\907f208da1f5405b94dae7409b9f731e\core.a(heap_3.c.o)
                0x00027924                __wrap_realloc
 .text.pvPortMalloc
                0x00027964       0x28 C:\Users\21404\AppData\Local\Temp\arduino\sketches\864071F1E2A0CEB8C128ECCFB649BBD3/..\..\cores\907f208da1f5405b94dae7409b9f731e\core.a(heap_3.c.o)
                0x00027964                pvPortMalloc
 .text.vPortFree
                0x0002798c       0x1c C:\Users\21404\AppData\Local\Temp\arduino\sketches\864071F1E2A0CEB8C128ECCFB649BBD3/..\..\cores\907f208da1f5405b94dae7409b9f731e\core.a(heap_3.c.o)
                0x0002798c                vPortFree
 .text.xQueueGenericCreateStatic
                0x000279a8       0x60 C:\Users\21404\AppData\Local\Temp\arduino\sketches\864071F1E2A0CEB8C128ECCFB649BBD3/..\..\cores\907f208da1f5405b94dae7409b9f731e\core.a(queue.c.o)
                0x000279a8                xQueueGenericCreateStatic
 .text.xQueueGenericCreate
                0x00027a08       0x84 C:\Users\21404\AppData\Local\Temp\arduino\sketches\864071F1E2A0CEB8C128ECCFB649BBD3/..\..\cores\907f208da1f5405b94dae7409b9f731e\core.a(queue.c.o)
                0x00027a08                xQueueGenericCreate
 .text.xQueueGenericSend
                0x00027a8c      0x360 C:\Users\21404\AppData\Local\Temp\arduino\sketches\864071F1E2A0CEB8C128ECCFB649BBD3/..\..\cores\907f208da1f5405b94dae7409b9f731e\core.a(queue.c.o)
                0x00027a8c                xQueueGenericSend
 .text.xQueueGiveFromISR
                0x00027dec       0x60 C:\Users\21404\AppData\Local\Temp\arduino\sketches\864071F1E2A0CEB8C128ECCFB649BBD3/..\..\cores\907f208da1f5405b94dae7409b9f731e\core.a(queue.c.o)
                0x00027dec                xQueueGiveFromISR
 .text.xQueueReceive
                0x00027e4c      0x2b8 C:\Users\21404\AppData\Local\Temp\arduino\sketches\864071F1E2A0CEB8C128ECCFB649BBD3/..\..\cores\907f208da1f5405b94dae7409b9f731e\core.a(queue.c.o)
                0x00027e4c                xQueueReceive
 .text.xQueueSemaphoreTake
                0x00028104      0x2f8 C:\Users\21404\AppData\Local\Temp\arduino\sketches\864071F1E2A0CEB8C128ECCFB649BBD3/..\..\cores\907f208da1f5405b94dae7409b9f731e\core.a(queue.c.o)
                0x00028104                xQueueSemaphoreTake
 .text.uxQueueMessagesWaiting
                0x000283fc       0x18 C:\Users\21404\AppData\Local\Temp\arduino\sketches\864071F1E2A0CEB8C128ECCFB649BBD3/..\..\cores\907f208da1f5405b94dae7409b9f731e\core.a(queue.c.o)
                0x000283fc                uxQueueMessagesWaiting
 .text.vQueueDelete
                0x00028414       0x48 C:\Users\21404\AppData\Local\Temp\arduino\sketches\864071F1E2A0CEB8C128ECCFB649BBD3/..\..\cores\907f208da1f5405b94dae7409b9f731e\core.a(queue.c.o)
                0x00028414                vQueueDelete
 .text.vQueueAddToRegistry
                0x0002845c       0x24 C:\Users\21404\AppData\Local\Temp\arduino\sketches\864071F1E2A0CEB8C128ECCFB649BBD3/..\..\cores\907f208da1f5405b94dae7409b9f731e\core.a(queue.c.o)
                0x0002845c                vQueueAddToRegistry
 .text.vQueueWaitForMessageRestricted
                0x00028480       0xcc C:\Users\21404\AppData\Local\Temp\arduino\sketches\864071F1E2A0CEB8C128ECCFB649BBD3/..\..\cores\907f208da1f5405b94dae7409b9f731e\core.a(queue.c.o)
                0x00028480                vQueueWaitForMessageRestricted
 .text.prvAddNewTaskToReadyList
                0x0002854c      0x124 C:\Users\21404\AppData\Local\Temp\arduino\sketches\864071F1E2A0CEB8C128ECCFB649BBD3/..\..\cores\907f208da1f5405b94dae7409b9f731e\core.a(tasks.c.o)
 .text.xTaskCreateStatic
                0x00028670       0xe0 C:\Users\21404\AppData\Local\Temp\arduino\sketches\864071F1E2A0CEB8C128ECCFB649BBD3/..\..\cores\907f208da1f5405b94dae7409b9f731e\core.a(tasks.c.o)
                0x00028670                xTaskCreateStatic
 .text.xTaskCreate
                0x00028750       0xf0 C:\Users\21404\AppData\Local\Temp\arduino\sketches\864071F1E2A0CEB8C128ECCFB649BBD3/..\..\cores\907f208da1f5405b94dae7409b9f731e\core.a(tasks.c.o)
                0x00028750                xTaskCreate
 .text.vTaskStartScheduler
                0x00028840       0xcc C:\Users\21404\AppData\Local\Temp\arduino\sketches\864071F1E2A0CEB8C128ECCFB649BBD3/..\..\cores\907f208da1f5405b94dae7409b9f731e\core.a(tasks.c.o)
                0x00028840                vTaskStartScheduler
 .text.vTaskSuspendAll
                0x0002890c       0x10 C:\Users\21404\AppData\Local\Temp\arduino\sketches\864071F1E2A0CEB8C128ECCFB649BBD3/..\..\cores\907f208da1f5405b94dae7409b9f731e\core.a(tasks.c.o)
                0x0002890c                vTaskSuspendAll
 .text.xTaskGetTickCount
                0x0002891c        0xc C:\Users\21404\AppData\Local\Temp\arduino\sketches\864071F1E2A0CEB8C128ECCFB649BBD3/..\..\cores\907f208da1f5405b94dae7409b9f731e\core.a(tasks.c.o)
                0x0002891c                xTaskGetTickCount
 .text.vTaskStepTick
                0x00028928       0x10 C:\Users\21404\AppData\Local\Temp\arduino\sketches\864071F1E2A0CEB8C128ECCFB649BBD3/..\..\cores\907f208da1f5405b94dae7409b9f731e\core.a(tasks.c.o)
                0x00028928                vTaskStepTick
 .text.xTaskIncrementTick
                0x00028938      0x134 C:\Users\21404\AppData\Local\Temp\arduino\sketches\864071F1E2A0CEB8C128ECCFB649BBD3/..\..\cores\907f208da1f5405b94dae7409b9f731e\core.a(tasks.c.o)
                0x00028938                xTaskIncrementTick
 .text.xTaskResumeAll
                0x00028a6c      0x120 C:\Users\21404\AppData\Local\Temp\arduino\sketches\864071F1E2A0CEB8C128ECCFB649BBD3/..\..\cores\907f208da1f5405b94dae7409b9f731e\core.a(tasks.c.o)
                0x00028a6c                xTaskResumeAll
 .text.prvIdleTask
                0x00028b8c      0x118 C:\Users\21404\AppData\Local\Temp\arduino\sketches\864071F1E2A0CEB8C128ECCFB649BBD3/..\..\cores\907f208da1f5405b94dae7409b9f731e\core.a(tasks.c.o)
 .text.vTaskSwitchContext
                0x00028ca4       0xbc C:\Users\21404\AppData\Local\Temp\arduino\sketches\864071F1E2A0CEB8C128ECCFB649BBD3/..\..\cores\907f208da1f5405b94dae7409b9f731e\core.a(tasks.c.o)
                0x00028ca4                vTaskSwitchContext
 .text.vTaskPlaceOnEventList
                0x00028d60       0x78 C:\Users\21404\AppData\Local\Temp\arduino\sketches\864071F1E2A0CEB8C128ECCFB649BBD3/..\..\cores\907f208da1f5405b94dae7409b9f731e\core.a(tasks.c.o)
                0x00028d60                vTaskPlaceOnEventList
 .text.vTaskPlaceOnEventListRestricted
                0x00028dd8       0x80 C:\Users\21404\AppData\Local\Temp\arduino\sketches\864071F1E2A0CEB8C128ECCFB649BBD3/..\..\cores\907f208da1f5405b94dae7409b9f731e\core.a(tasks.c.o)
                0x00028dd8                vTaskPlaceOnEventListRestricted
 .text.xTaskRemoveFromEventList
                0x00028e58       0xa4 C:\Users\21404\AppData\Local\Temp\arduino\sketches\864071F1E2A0CEB8C128ECCFB649BBD3/..\..\cores\907f208da1f5405b94dae7409b9f731e\core.a(tasks.c.o)
                0x00028e58                xTaskRemoveFromEventList
 .text.vTaskInternalSetTimeOutState
                0x00028efc       0x18 C:\Users\21404\AppData\Local\Temp\arduino\sketches\864071F1E2A0CEB8C128ECCFB649BBD3/..\..\cores\907f208da1f5405b94dae7409b9f731e\core.a(tasks.c.o)
                0x00028efc                vTaskInternalSetTimeOutState
 .text.xTaskCheckForTimeOut
                0x00028f14       0x68 C:\Users\21404\AppData\Local\Temp\arduino\sketches\864071F1E2A0CEB8C128ECCFB649BBD3/..\..\cores\907f208da1f5405b94dae7409b9f731e\core.a(tasks.c.o)
                0x00028f14                xTaskCheckForTimeOut
 .text.vTaskMissedYield
                0x00028f7c        0xc C:\Users\21404\AppData\Local\Temp\arduino\sketches\864071F1E2A0CEB8C128ECCFB649BBD3/..\..\cores\907f208da1f5405b94dae7409b9f731e\core.a(tasks.c.o)
                0x00028f7c                vTaskMissedYield
 .text.eTaskConfirmSleepModeStatus
                0x00028f88       0x38 C:\Users\21404\AppData\Local\Temp\arduino\sketches\864071F1E2A0CEB8C128ECCFB649BBD3/..\..\cores\907f208da1f5405b94dae7409b9f731e\core.a(tasks.c.o)
                0x00028f88                eTaskConfirmSleepModeStatus
 .text.xTaskGetSchedulerState
                0x00028fc0       0x20 C:\Users\21404\AppData\Local\Temp\arduino\sketches\864071F1E2A0CEB8C128ECCFB649BBD3/..\..\cores\907f208da1f5405b94dae7409b9f731e\core.a(tasks.c.o)
                0x00028fc0                xTaskGetSchedulerState
 .text.xTaskPriorityInherit
                0x00028fe0       0x8c C:\Users\21404\AppData\Local\Temp\arduino\sketches\864071F1E2A0CEB8C128ECCFB649BBD3/..\..\cores\907f208da1f5405b94dae7409b9f731e\core.a(tasks.c.o)
                0x00028fe0                xTaskPriorityInherit
 .text.xTaskPriorityDisinherit
                0x0002906c       0x60 C:\Users\21404\AppData\Local\Temp\arduino\sketches\864071F1E2A0CEB8C128ECCFB649BBD3/..\..\cores\907f208da1f5405b94dae7409b9f731e\core.a(tasks.c.o)
                0x0002906c                xTaskPriorityDisinherit
 .text.vTaskPriorityDisinheritAfterTimeout
                0x000290cc       0x74 C:\Users\21404\AppData\Local\Temp\arduino\sketches\864071F1E2A0CEB8C128ECCFB649BBD3/..\..\cores\907f208da1f5405b94dae7409b9f731e\core.a(tasks.c.o)
                0x000290cc                vTaskPriorityDisinheritAfterTimeout
 .text.pvTaskIncrementMutexHeldCount
                0x00029140       0x18 C:\Users\21404\AppData\Local\Temp\arduino\sketches\864071F1E2A0CEB8C128ECCFB649BBD3/..\..\cores\907f208da1f5405b94dae7409b9f731e\core.a(tasks.c.o)
                0x00029140                pvTaskIncrementMutexHeldCount
 .text.prvSwitchTimerLists
                0x00029158       0x88 C:\Users\21404\AppData\Local\Temp\arduino\sketches\864071F1E2A0CEB8C128ECCFB649BBD3/..\..\cores\907f208da1f5405b94dae7409b9f731e\core.a(timers.c.o)
 .text.prvTimerTask
                0x000291e0      0x240 C:\Users\21404\AppData\Local\Temp\arduino\sketches\864071F1E2A0CEB8C128ECCFB649BBD3/..\..\cores\907f208da1f5405b94dae7409b9f731e\core.a(timers.c.o)
 .text.xTimerCreateTimerTask
                0x00029420       0xac C:\Users\21404\AppData\Local\Temp\arduino\sketches\864071F1E2A0CEB8C128ECCFB649BBD3/..\..\cores\907f208da1f5405b94dae7409b9f731e\core.a(timers.c.o)
                0x00029420                xTimerCreateTimerTask
 .text.prvTaskExitError
                0x000294cc        0x8 C:\Users\21404\AppData\Local\Temp\arduino\sketches\864071F1E2A0CEB8C128ECCFB649BBD3/..\..\cores\907f208da1f5405b94dae7409b9f731e\core.a(port_cmsis.c.o)
 .text.pxPortInitialiseStack
                0x000294d4       0x2c C:\Users\21404\AppData\Local\Temp\arduino\sketches\864071F1E2A0CEB8C128ECCFB649BBD3/..\..\cores\907f208da1f5405b94dae7409b9f731e\core.a(port_cmsis.c.o)
                0x000294d4                pxPortInitialiseStack
 .text.xPortStartScheduler
                0x00029500       0x4c C:\Users\21404\AppData\Local\Temp\arduino\sketches\864071F1E2A0CEB8C128ECCFB649BBD3/..\..\cores\907f208da1f5405b94dae7409b9f731e\core.a(port_cmsis.c.o)
                0x00029500                xPortStartScheduler
 .text.vPortEnterCritical
                0x0002954c       0x14 C:\Users\21404\AppData\Local\Temp\arduino\sketches\864071F1E2A0CEB8C128ECCFB649BBD3/..\..\cores\907f208da1f5405b94dae7409b9f731e\core.a(port_cmsis.c.o)
                0x0002954c                vPortEnterCritical
 .text.vPortExitCritical
                0x00029560       0x14 C:\Users\21404\AppData\Local\Temp\arduino\sketches\864071F1E2A0CEB8C128ECCFB649BBD3/..\..\cores\907f208da1f5405b94dae7409b9f731e\core.a(port_cmsis.c.o)
                0x00029560                vPortExitCritical
 .text.sd_app_evt_wait
                0x00029574        0x4 C:\Users\21404\AppData\Local\Temp\arduino\sketches\864071F1E2A0CEB8C128ECCFB649BBD3/..\..\cores\907f208da1f5405b94dae7409b9f731e\core.a(port_cmsis_systick.c.o)
 .text.sd_softdevice_is_enabled
                0x00029578        0x4 C:\Users\21404\AppData\Local\Temp\arduino\sketches\864071F1E2A0CEB8C128ECCFB649BBD3/..\..\cores\907f208da1f5405b94dae7409b9f731e\core.a(port_cmsis_systick.c.o)
 .text.RTC1_IRQHandler
                0x0002957c       0x88 C:\Users\21404\AppData\Local\Temp\arduino\sketches\864071F1E2A0CEB8C128ECCFB649BBD3/..\..\cores\907f208da1f5405b94dae7409b9f731e\core.a(port_cmsis_systick.c.o)
                0x0002957c                RTC1_IRQHandler
 .text.vPortSetupTimerInterrupt
                0x00029604       0x3c C:\Users\21404\AppData\Local\Temp\arduino\sketches\864071F1E2A0CEB8C128ECCFB649BBD3/..\..\cores\907f208da1f5405b94dae7409b9f731e\core.a(port_cmsis_systick.c.o)
                0x00029604                vPortSetupTimerInterrupt
 .text.vPortSuppressTicksAndSleep
                0x00029640      0x1c0 C:\Users\21404\AppData\Local\Temp\arduino\sketches\864071F1E2A0CEB8C128ECCFB649BBD3/..\..\cores\907f208da1f5405b94dae7409b9f731e\core.a(port_cmsis_systick.c.o)
                0x00029640                vPortSuppressTicksAndSleep
 .text.vPortStartFirstTask
                0x00029800       0x24 C:\Users\21404\AppData\Local\Temp\arduino\sketches\864071F1E2A0CEB8C128ECCFB649BBD3/..\..\cores\907f208da1f5405b94dae7409b9f731e\core.a(port.c.o)
                0x00029800                vPortStartFirstTask
 .text.SVC_Handler
                0x00029824       0x20 C:\Users\21404\AppData\Local\Temp\arduino\sketches\864071F1E2A0CEB8C128ECCFB649BBD3/..\..\cores\907f208da1f5405b94dae7409b9f731e\core.a(port.c.o)
                0x00029824                SVC_Handler
 .text.PendSV_Handler
                0x00029844       0x60 C:\Users\21404\AppData\Local\Temp\arduino\sketches\864071F1E2A0CEB8C128ECCFB649BBD3/..\..\cores\907f208da1f5405b94dae7409b9f731e\core.a(port.c.o)
                0x00029844                PendSV_Handler
 .text.__empty  0x000298a4        0x4 C:\Users\21404\AppData\Local\Temp\arduino\sketches\864071F1E2A0CEB8C128ECCFB649BBD3/..\..\cores\907f208da1f5405b94dae7409b9f731e\core.a(hooks.c.o)
                0x000298a4                vApplicationIdleHook
 .text.ltoa     0x000298a8       0x88 C:\Users\21404\AppData\Local\Temp\arduino\sketches\864071F1E2A0CEB8C128ECCFB649BBD3/..\..\cores\907f208da1f5405b94dae7409b9f731e\core.a(itoa.c.o)
                0x000298a8                ltoa
 .text.itoa     0x00029930        0x4 C:\Users\21404\AppData\Local\Temp\arduino\sketches\864071F1E2A0CEB8C128ECCFB649BBD3/..\..\cores\907f208da1f5405b94dae7409b9f731e\core.a(itoa.c.o)
                0x00029930                itoa
 .text          0x00029934       0x54 C:\Users\21404\AppData\Local\Temp\arduino\sketches\864071F1E2A0CEB8C128ECCFB649BBD3/..\..\cores\907f208da1f5405b94dae7409b9f731e\core.a(gcc_startup_nrf52.S.o)
                0x00029934                Reset_Handler
                0x00029974                NMI_Handler
                0x00029976                HardFault_Handler
                0x00029978                MemoryManagement_Handler
                0x0002997a                BusFault_Handler
                0x0002997c                UsageFault_Handler
                0x00029980                DebugMon_Handler
                0x00029984                SysTick_Handler
                0x00029986                SWI0_EGU0_IRQHandler
                0x00029986                POWER_CLOCK_IRQHandler
                0x00029986                RADIO_IRQHandler
                0x00029986                PWM1_IRQHandler
                0x00029986                GPIOTE_IRQHandler
                0x00029986                TEMP_IRQHandler
                0x00029986                QDEC_IRQHandler
                0x00029986                TIMER3_IRQHandler
                0x00029986                FPU_IRQHandler
                0x00029986                SPIM0_SPIS0_TWIM0_TWIS0_SPI0_TWI0_IRQHandler
                0x00029986                PDM_IRQHandler
                0x00029986                TIMER4_IRQHandler
                0x00029986                RTC0_IRQHandler
                0x00029986                SWI4_EGU4_IRQHandler
                0x00029986                TIMER0_IRQHandler
                0x00029986                SWI2_EGU2_IRQHandler
                0x00029986                TIMER1_IRQHandler
                0x00029986                PWM2_IRQHandler
                0x00029986                ECB_IRQHandler
                0x00029986                SPIM1_SPIS1_TWIM1_TWIS1_SPI1_TWI1_IRQHandler
                0x00029986                Default_Handler
                0x00029986                SAADC_IRQHandler
                0x00029986                CCM_AAR_IRQHandler
                0x00029986                WDT_IRQHandler
                0x00029986                SWI5_EGU5_IRQHandler
                0x00029986                RNG_IRQHandler
                0x00029986                RTC2_IRQHandler
                0x00029986                PWM0_IRQHandler
                0x00029986                SWI3_EGU3_IRQHandler
                0x00029986                SWI1_EGU1_IRQHandler
                0x00029986                SPIM2_SPIS2_SPI2_IRQHandler
                0x00029986                NFCT_IRQHandler
                0x00029986                I2S_IRQHandler
                0x00029986                MWU_IRQHandler
                0x00029986                TIMER2_IRQHandler
                0x00029986                COMP_LPCOMP_IRQHandler
 .text._ZL9loop_taskPv
                0x00029988       0x54 C:\Users\21404\AppData\Local\Temp\arduino\sketches\864071F1E2A0CEB8C128ECCFB649BBD3/..\..\cores\907f208da1f5405b94dae7409b9f731e\core.a(main.cpp.o)
 .text.startup.main
                0x000299dc       0x5c C:\Users\21404\AppData\Local\Temp\arduino\sketches\864071F1E2A0CEB8C128ECCFB649BBD3/..\..\cores\907f208da1f5405b94dae7409b9f731e\core.a(main.cpp.o)
                0x000299dc                main
 .text.SystemInit
                0x00029a38      0x388 C:\Users\21404\AppData\Local\Temp\arduino\sketches\864071F1E2A0CEB8C128ECCFB649BBD3/..\..\cores\907f208da1f5405b94dae7409b9f731e\core.a(system_nrf52.c.o)
                0x00029a38                SystemInit
 .text.yield    0x00029dc0       0x18 C:\Users\21404\AppData\Local\Temp\arduino\sketches\864071F1E2A0CEB8C128ECCFB649BBD3/..\..\cores\907f208da1f5405b94dae7409b9f731e\core.a(rtos.cpp.o)
                0x00029dc0                yield
 .text.vApplicationStackOverflowHook
                0x00029dd8        0x4 C:\Users\21404\AppData\Local\Temp\arduino\sketches\864071F1E2A0CEB8C128ECCFB649BBD3/..\..\cores\907f208da1f5405b94dae7409b9f731e\core.a(rtos.cpp.o)
                0x00029dd8                vApplicationStackOverflowHook
 .text.vApplicationMallocFailedHook
                0x00029ddc        0x4 C:\Users\21404\AppData\Local\Temp\arduino\sketches\864071F1E2A0CEB8C128ECCFB649BBD3/..\..\cores\907f208da1f5405b94dae7409b9f731e\core.a(rtos.cpp.o)
                0x00029ddc                vApplicationMallocFailedHook
 .text.vApplicationGetIdleTaskMemory
                0x00029de0       0x1c C:\Users\21404\AppData\Local\Temp\arduino\sketches\864071F1E2A0CEB8C128ECCFB649BBD3/..\..\cores\907f208da1f5405b94dae7409b9f731e\core.a(rtos.cpp.o)
                0x00029de0                vApplicationGetIdleTaskMemory
 .text.vApplicationGetTimerTaskMemory
                0x00029dfc       0x20 C:\Users\21404\AppData\Local\Temp\arduino\sketches\864071F1E2A0CEB8C128ECCFB649BBD3/..\..\cores\907f208da1f5405b94dae7409b9f731e\core.a(rtos.cpp.o)
                0x00029dfc                vApplicationGetTimerTaskMemory
 .text.adafruit_callback_task
                0x00029e1c       0x84 C:\Users\21404\AppData\Local\Temp\arduino\sketches\864071F1E2A0CEB8C128ECCFB649BBD3/..\..\cores\907f208da1f5405b94dae7409b9f731e\core.a(AdaCallback.c.o)
                0x00029e1c                adafruit_callback_task
 .text.ada_callback_init
                0x00029ea0       0x48 C:\Users\21404\AppData\Local\Temp\arduino\sketches\864071F1E2A0CEB8C128ECCFB649BBD3/..\..\cores\907f208da1f5405b94dae7409b9f731e\core.a(AdaCallback.c.o)
                0x00029ea0                ada_callback_init
 .text.init     0x00029ee8       0x74 C:\Users\21404\AppData\Local\Temp\arduino\sketches\864071F1E2A0CEB8C128ECCFB649BBD3/..\..\cores\907f208da1f5405b94dae7409b9f731e\core.a(wiring.c.o)
                0x00029ee8                init
 .text.pinMode  0x00029f5c      0x130 C:\Users\21404\AppData\Local\Temp\arduino\sketches\864071F1E2A0CEB8C128ECCFB649BBD3/..\..\cores\907f208da1f5405b94dae7409b9f731e\core.a(wiring_digital.c.o)
                0x00029f5c                pinMode
 .text.digitalWrite
                0x0002a08c       0x2c C:\Users\21404\AppData\Local\Temp\arduino\sketches\864071F1E2A0CEB8C128ECCFB649BBD3/..\..\cores\907f208da1f5405b94dae7409b9f731e\core.a(wiring_digital.c.o)
                0x0002a08c                digitalWrite
 .text.ledOff   0x0002a0b8       0x1c C:\Users\21404\AppData\Local\Temp\arduino\sketches\864071F1E2A0CEB8C128ECCFB649BBD3/..\..\cores\907f208da1f5405b94dae7409b9f731e\core.a(wiring_digital.c.o)
                0x0002a0b8                ledOff
 .text._ZN10RingBufferC2Ev
                0x0002a0d4       0x18 C:\Users\21404\AppData\Local\Temp\arduino\sketches\864071F1E2A0CEB8C128ECCFB649BBD3/..\..\cores\907f208da1f5405b94dae7409b9f731e\core.a(RingBuffer.cpp.o)
                0x0002a0d4                RingBuffer::RingBuffer()
                0x0002a0d4                RingBuffer::RingBuffer()
 .text._ZN10RingBuffer10store_charEh
                0x0002a0ec       0x1c C:\Users\21404\AppData\Local\Temp\arduino\sketches\864071F1E2A0CEB8C128ECCFB649BBD3/..\..\cores\907f208da1f5405b94dae7409b9f731e\core.a(RingBuffer.cpp.o)
                0x0002a0ec                RingBuffer::store_char(unsigned char)
 .text._ZN10RingBuffer5clearEv
                0x0002a108        0x8 C:\Users\21404\AppData\Local\Temp\arduino\sketches\864071F1E2A0CEB8C128ECCFB649BBD3/..\..\cores\907f208da1f5405b94dae7409b9f731e\core.a(RingBuffer.cpp.o)
                0x0002a108                RingBuffer::clear()
 .text._ZN10RingBuffer9read_charEv
                0x0002a110       0x1c C:\Users\21404\AppData\Local\Temp\arduino\sketches\864071F1E2A0CEB8C128ECCFB649BBD3/..\..\cores\907f208da1f5405b94dae7409b9f731e\core.a(RingBuffer.cpp.o)
                0x0002a110                RingBuffer::read_char()
 .text._ZN10RingBuffer9availableEv
                0x0002a12c        0xc C:\Users\21404\AppData\Local\Temp\arduino\sketches\864071F1E2A0CEB8C128ECCFB649BBD3/..\..\cores\907f208da1f5405b94dae7409b9f731e\core.a(RingBuffer.cpp.o)
                0x0002a12c                RingBuffer::available()
 .text._ZN10RingBuffer4peekEv
                0x0002a138       0x10 C:\Users\21404\AppData\Local\Temp\arduino\sketches\864071F1E2A0CEB8C128ECCFB649BBD3/..\..\cores\907f208da1f5405b94dae7409b9f731e\core.a(RingBuffer.cpp.o)
                0x0002a138                RingBuffer::peek()
 .text.vListInitialise
                0x0002a148       0x18 C:\Users\21404\AppData\Local\Temp\arduino\sketches\864071F1E2A0CEB8C128ECCFB649BBD3/..\..\cores\907f208da1f5405b94dae7409b9f731e\core.a(list.c.o)
                0x0002a148                vListInitialise
 .text.vListInitialiseItem
                0x0002a160        0x8 C:\Users\21404\AppData\Local\Temp\arduino\sketches\864071F1E2A0CEB8C128ECCFB649BBD3/..\..\cores\907f208da1f5405b94dae7409b9f731e\core.a(list.c.o)
                0x0002a160                vListInitialiseItem
 .text.vListInsertEnd
                0x0002a168       0x20 C:\Users\21404\AppData\Local\Temp\arduino\sketches\864071F1E2A0CEB8C128ECCFB649BBD3/..\..\cores\907f208da1f5405b94dae7409b9f731e\core.a(list.c.o)
                0x0002a168                vListInsertEnd
 .text.vListInsert
                0x0002a188       0x30 C:\Users\21404\AppData\Local\Temp\arduino\sketches\864071F1E2A0CEB8C128ECCFB649BBD3/..\..\cores\907f208da1f5405b94dae7409b9f731e\core.a(list.c.o)
                0x0002a188                vListInsert
 .text.uxListRemove
                0x0002a1b8       0x28 C:\Users\21404\AppData\Local\Temp\arduino\sketches\864071F1E2A0CEB8C128ECCFB649BBD3/..\..\cores\907f208da1f5405b94dae7409b9f731e\core.a(list.c.o)
                0x0002a1b8                uxListRemove
 .text          0x0002a1e0      0x378 c:/users/21404/appdata/local/arduino15/packages/adafruit/tools/arm-none-eabi-gcc/9-2019q4/bin/../lib/gcc/arm-none-eabi/9.2.1/thumb/v7e-m+fp/hard\libgcc.a(_arm_addsubdf3.o)
                0x0002a1e0                __aeabi_drsub
                0x0002a1e8                __aeabi_dsub
                0x0002a1e8                __subdf3
                0x0002a1ec                __aeabi_dadd
                0x0002a1ec                __adddf3
                0x0002a464                __floatunsidf
                0x0002a464                __aeabi_ui2d
                0x0002a484                __floatsidf
                0x0002a484                __aeabi_i2d
                0x0002a4a8                __aeabi_f2d
                0x0002a4a8                __extendsfdf2
                0x0002a4ec                __floatundidf
                0x0002a4ec                __aeabi_ul2d
                0x0002a4fc                __floatdidf
                0x0002a4fc                __aeabi_l2d
 .text          0x0002a558      0x424 c:/users/21404/appdata/local/arduino15/packages/adafruit/tools/arm-none-eabi-gcc/9-2019q4/bin/../lib/gcc/arm-none-eabi/9.2.1/thumb/v7e-m+fp/hard\libgcc.a(_arm_muldivdf3.o)
                0x0002a558                __aeabi_dmul
                0x0002a558                __muldf3
                0x0002a7ac                __divdf3
                0x0002a7ac                __aeabi_ddiv
 .text          0x0002a97c       0xa0 c:/users/21404/appdata/local/arduino15/packages/adafruit/tools/arm-none-eabi-gcc/9-2019q4/bin/../lib/gcc/arm-none-eabi/9.2.1/thumb/v7e-m+fp/hard\libgcc.a(_arm_truncdfsf2.o)
                0x0002a97c                __truncdfsf2
                0x0002a97c                __aeabi_d2f
 .text.exit     0x0002aa1c       0x28 c:/users/21404/appdata/local/arduino15/packages/adafruit/tools/arm-none-eabi-gcc/9-2019q4/bin/../lib/gcc/arm-none-eabi/9.2.1/../../../../arm-none-eabi/lib/thumb/v7e-m+fp/hard\libc_nano.a(lib_a-exit.o)
                0x0002aa1c                exit
 .text.__libc_init_array
                0x0002aa44       0x48 c:/users/21404/appdata/local/arduino15/packages/adafruit/tools/arm-none-eabi-gcc/9-2019q4/bin/../lib/gcc/arm-none-eabi/9.2.1/../../../../arm-none-eabi/lib/thumb/v7e-m+fp/hard\libc_nano.a(lib_a-init.o)
                0x0002aa44                __libc_init_array
 .text.isspace  0x0002aa8c       0x10 c:/users/21404/appdata/local/arduino15/packages/adafruit/tools/arm-none-eabi-gcc/9-2019q4/bin/../lib/gcc/arm-none-eabi/9.2.1/../../../../arm-none-eabi/lib/thumb/v7e-m+fp/hard\libc_nano.a(lib_a-isspace.o)
                0x0002aa8c                isspace
 .text.malloc   0x0002aa9c       0x10 c:/users/21404/appdata/local/arduino15/packages/adafruit/tools/arm-none-eabi-gcc/9-2019q4/bin/../lib/gcc/arm-none-eabi/9.2.1/../../../../arm-none-eabi/lib/thumb/v7e-m+fp/hard\libc_nano.a(lib_a-malloc.o)
                0x0002aa9c                malloc
 .text.free     0x0002aaac       0x10 c:/users/21404/appdata/local/arduino15/packages/adafruit/tools/arm-none-eabi-gcc/9-2019q4/bin/../lib/gcc/arm-none-eabi/9.2.1/../../../../arm-none-eabi/lib/thumb/v7e-m+fp/hard\libc_nano.a(lib_a-malloc.o)
                0x0002aaac                free
 .text.memcpy   0x0002aabc       0x1c c:/users/21404/appdata/local/arduino15/packages/adafruit/tools/arm-none-eabi-gcc/9-2019q4/bin/../lib/gcc/arm-none-eabi/9.2.1/../../../../arm-none-eabi/lib/thumb/v7e-m+fp/hard\libc_nano.a(lib_a-memcpy-stub.o)
                0x0002aabc                memcpy
 .text.memmove  0x0002aad8       0x34 c:/users/21404/appdata/local/arduino15/packages/adafruit/tools/arm-none-eabi-gcc/9-2019q4/bin/../lib/gcc/arm-none-eabi/9.2.1/../../../../arm-none-eabi/lib/thumb/v7e-m+fp/hard\libc_nano.a(lib_a-memmove.o)
                0x0002aad8                memmove
 .text.memset   0x0002ab0c       0x10 c:/users/21404/appdata/local/arduino15/packages/adafruit/tools/arm-none-eabi-gcc/9-2019q4/bin/../lib/gcc/arm-none-eabi/9.2.1/../../../../arm-none-eabi/lib/thumb/v7e-m+fp/hard\libc_nano.a(lib_a-memset.o)
                0x0002ab0c                memset
 .text._calloc_r
                0x0002ab1c       0x1e c:/users/21404/appdata/local/arduino15/packages/adafruit/tools/arm-none-eabi-gcc/9-2019q4/bin/../lib/gcc/arm-none-eabi/9.2.1/../../../../arm-none-eabi/lib/thumb/v7e-m+fp/hard\libc_nano.a(lib_a-nano-callocr.o)
                0x0002ab1c                _calloc_r
 *fill*         0x0002ab3a        0x2 
 .text._free_r  0x0002ab3c       0xa0 c:/users/21404/appdata/local/arduino15/packages/adafruit/tools/arm-none-eabi-gcc/9-2019q4/bin/../lib/gcc/arm-none-eabi/9.2.1/../../../../arm-none-eabi/lib/thumb/v7e-m+fp/hard\libc_nano.a(lib_a-nano-freer.o)
                0x0002ab3c                _free_r
 .text._malloc_r
                0x0002abdc       0xb4 c:/users/21404/appdata/local/arduino15/packages/adafruit/tools/arm-none-eabi-gcc/9-2019q4/bin/../lib/gcc/arm-none-eabi/9.2.1/../../../../arm-none-eabi/lib/thumb/v7e-m+fp/hard\libc_nano.a(lib_a-nano-mallocr.o)
                0x0002abdc                _malloc_r
 .text.__cvt    0x0002ac90       0xc4 c:/users/21404/appdata/local/arduino15/packages/adafruit/tools/arm-none-eabi-gcc/9-2019q4/bin/../lib/gcc/arm-none-eabi/9.2.1/../../../../arm-none-eabi/lib/thumb/v7e-m+fp/hard\libc_nano.a(lib_a-nano-vfprintf_float.o)
                0x0002ac90                __cvt
 .text.__exponent
                0x0002ad54       0x7c c:/users/21404/appdata/local/arduino15/packages/adafruit/tools/arm-none-eabi-gcc/9-2019q4/bin/../lib/gcc/arm-none-eabi/9.2.1/../../../../arm-none-eabi/lib/thumb/v7e-m+fp/hard\libc_nano.a(lib_a-nano-vfprintf_float.o)
                0x0002ad54                __exponent
 .text._printf_float
                0x0002add0      0x46c c:/users/21404/appdata/local/arduino15/packages/adafruit/tools/arm-none-eabi-gcc/9-2019q4/bin/../lib/gcc/arm-none-eabi/9.2.1/../../../../arm-none-eabi/lib/thumb/v7e-m+fp/hard\libc_nano.a(lib_a-nano-vfprintf_float.o)
                0x0002add0                _printf_float
 .text._printf_common
                0x0002b23c       0xda c:/users/21404/appdata/local/arduino15/packages/adafruit/tools/arm-none-eabi-gcc/9-2019q4/bin/../lib/gcc/arm-none-eabi/9.2.1/../../../../arm-none-eabi/lib/thumb/v7e-m+fp/hard\libc_nano.a(lib_a-nano-vfprintf_i.o)
                0x0002b23c                _printf_common
 *fill*         0x0002b316        0x2 
 .text._printf_i
                0x0002b318      0x24c c:/users/21404/appdata/local/arduino15/packages/adafruit/tools/arm-none-eabi-gcc/9-2019q4/bin/../lib/gcc/arm-none-eabi/9.2.1/../../../../arm-none-eabi/lib/thumb/v7e-m+fp/hard\libc_nano.a(lib_a-nano-vfprintf_i.o)
                0x0002b318                _printf_i
 .text.realloc  0x0002b564       0x10 c:/users/21404/appdata/local/arduino15/packages/adafruit/tools/arm-none-eabi-gcc/9-2019q4/bin/../lib/gcc/arm-none-eabi/9.2.1/../../../../arm-none-eabi/lib/thumb/v7e-m+fp/hard\libc_nano.a(lib_a-realloc.o)
                0x0002b564                realloc
 .text._sbrk_r  0x0002b574       0x20 c:/users/21404/appdata/local/arduino15/packages/adafruit/tools/arm-none-eabi-gcc/9-2019q4/bin/../lib/gcc/arm-none-eabi/9.2.1/../../../../arm-none-eabi/lib/thumb/v7e-m+fp/hard\libc_nano.a(lib_a-sbrkr.o)
                0x0002b574                _sbrk_r
 .text.snprintf
                0x0002b594       0x68 c:/users/21404/appdata/local/arduino15/packages/adafruit/tools/arm-none-eabi-gcc/9-2019q4/bin/../lib/gcc/arm-none-eabi/9.2.1/../../../../arm-none-eabi/lib/thumb/v7e-m+fp/hard\libc_nano.a(lib_a-snprintf.o)
                0x0002b594                sniprintf
                0x0002b594                snprintf
 .text.sprintf  0x0002b5fc       0x40 c:/users/21404/appdata/local/arduino15/packages/adafruit/tools/arm-none-eabi-gcc/9-2019q4/bin/../lib/gcc/arm-none-eabi/9.2.1/../../../../arm-none-eabi/lib/thumb/v7e-m+fp/hard\libc_nano.a(lib_a-sprintf.o)
                0x0002b5fc                siprintf
                0x0002b5fc                sprintf
 .text          0x0002b63c       0x14 c:/users/21404/appdata/local/arduino15/packages/adafruit/tools/arm-none-eabi-gcc/9-2019q4/bin/../lib/gcc/arm-none-eabi/9.2.1/../../../../arm-none-eabi/lib/thumb/v7e-m+fp/hard\libc_nano.a(lib_a-strcmp.o)
                0x0002b63c                strcmp
 .text.strcpy   0x0002b650       0x10 c:/users/21404/appdata/local/arduino15/packages/adafruit/tools/arm-none-eabi-gcc/9-2019q4/bin/../lib/gcc/arm-none-eabi/9.2.1/../../../../arm-none-eabi/lib/thumb/v7e-m+fp/hard\libc_nano.a(lib_a-strcpy.o)
                0x0002b650                strcpy
 .text          0x0002b660       0x10 c:/users/21404/appdata/local/arduino15/packages/adafruit/tools/arm-none-eabi-gcc/9-2019q4/bin/../lib/gcc/arm-none-eabi/9.2.1/../../../../arm-none-eabi/lib/thumb/v7e-m+fp/hard\libc_nano.a(lib_a-strlen.o)
                0x0002b660                strlen
 .text.quorem   0x0002b670      0x116 c:/users/21404/appdata/local/arduino15/packages/adafruit/tools/arm-none-eabi-gcc/9-2019q4/bin/../lib/gcc/arm-none-eabi/9.2.1/../../../../arm-none-eabi/lib/thumb/v7e-m+fp/hard\libc_nano.a(lib_a-dtoa.o)
 *fill*         0x0002b786        0x2 
 .text._dtoa_r  0x0002b788      0xbbc c:/users/21404/appdata/local/arduino15/packages/adafruit/tools/arm-none-eabi-gcc/9-2019q4/bin/../lib/gcc/arm-none-eabi/9.2.1/../../../../arm-none-eabi/lib/thumb/v7e-m+fp/hard\libc_nano.a(lib_a-dtoa.o)
                0x0002b788                _dtoa_r
 .text._localeconv_r
                0x0002c344        0x8 c:/users/21404/appdata/local/arduino15/packages/adafruit/tools/arm-none-eabi-gcc/9-2019q4/bin/../lib/gcc/arm-none-eabi/9.2.1/../../../../arm-none-eabi/lib/thumb/v7e-m+fp/hard\libc_nano.a(lib_a-localeconv.o)
                0x0002c344                _localeconv_r
 .text.__retarget_lock_acquire_recursive
                0x0002c34c        0x2 c:/users/21404/appdata/local/arduino15/packages/adafruit/tools/arm-none-eabi-gcc/9-2019q4/bin/../lib/gcc/arm-none-eabi/9.2.1/../../../../arm-none-eabi/lib/thumb/v7e-m+fp/hard\libc_nano.a(lib_a-lock.o)
                0x0002c34c                __retarget_lock_acquire_recursive
 .text.__retarget_lock_release_recursive
                0x0002c34e        0x2 c:/users/21404/appdata/local/arduino15/packages/adafruit/tools/arm-none-eabi-gcc/9-2019q4/bin/../lib/gcc/arm-none-eabi/9.2.1/../../../../arm-none-eabi/lib/thumb/v7e-m+fp/hard\libc_nano.a(lib_a-lock.o)
                0x0002c34e                __retarget_lock_release_recursive
 .text.__ascii_mbtowc
                0x0002c350       0x24 c:/users/21404/appdata/local/arduino15/packages/adafruit/tools/arm-none-eabi-gcc/9-2019q4/bin/../lib/gcc/arm-none-eabi/9.2.1/../../../../arm-none-eabi/lib/thumb/v7e-m+fp/hard\libc_nano.a(lib_a-mbtowc_r.o)
                0x0002c350                __ascii_mbtowc
 *fill*         0x0002c374        0xc 
 .text          0x0002c380       0xa0 c:/users/21404/appdata/local/arduino15/packages/adafruit/tools/arm-none-eabi-gcc/9-2019q4/bin/../lib/gcc/arm-none-eabi/9.2.1/../../../../arm-none-eabi/lib/thumb/v7e-m+fp/hard\libc_nano.a(lib_a-memchr.o)
                0x0002c380                memchr
 .text.__malloc_lock
                0x0002c420        0xc c:/users/21404/appdata/local/arduino15/packages/adafruit/tools/arm-none-eabi-gcc/9-2019q4/bin/../lib/gcc/arm-none-eabi/9.2.1/../../../../arm-none-eabi/lib/thumb/v7e-m+fp/hard\libc_nano.a(lib_a-mlock.o)
                0x0002c420                __malloc_lock
 .text.__malloc_unlock
                0x0002c42c        0xc c:/users/21404/appdata/local/arduino15/packages/adafruit/tools/arm-none-eabi-gcc/9-2019q4/bin/../lib/gcc/arm-none-eabi/9.2.1/../../../../arm-none-eabi/lib/thumb/v7e-m+fp/hard\libc_nano.a(lib_a-mlock.o)
                0x0002c42c                __malloc_unlock
 .text._Balloc  0x0002c438       0x68 c:/users/21404/appdata/local/arduino15/packages/adafruit/tools/arm-none-eabi-gcc/9-2019q4/bin/../lib/gcc/arm-none-eabi/9.2.1/../../../../arm-none-eabi/lib/thumb/v7e-m+fp/hard\libc_nano.a(lib_a-mprec.o)
                0x0002c438                _Balloc
 .text._Bfree   0x0002c4a0       0x2e c:/users/21404/appdata/local/arduino15/packages/adafruit/tools/arm-none-eabi-gcc/9-2019q4/bin/../lib/gcc/arm-none-eabi/9.2.1/../../../../arm-none-eabi/lib/thumb/v7e-m+fp/hard\libc_nano.a(lib_a-mprec.o)
                0x0002c4a0                _Bfree
 .text.__multadd
                0x0002c4ce       0x7c c:/users/21404/appdata/local/arduino15/packages/adafruit/tools/arm-none-eabi-gcc/9-2019q4/bin/../lib/gcc/arm-none-eabi/9.2.1/../../../../arm-none-eabi/lib/thumb/v7e-m+fp/hard\libc_nano.a(lib_a-mprec.o)
                0x0002c4ce                __multadd
 .text.__hi0bits
                0x0002c54a       0x40 c:/users/21404/appdata/local/arduino15/packages/adafruit/tools/arm-none-eabi-gcc/9-2019q4/bin/../lib/gcc/arm-none-eabi/9.2.1/../../../../arm-none-eabi/lib/thumb/v7e-m+fp/hard\libc_nano.a(lib_a-mprec.o)
                0x0002c54a                __hi0bits
 .text.__lo0bits
                0x0002c58a       0x60 c:/users/21404/appdata/local/arduino15/packages/adafruit/tools/arm-none-eabi-gcc/9-2019q4/bin/../lib/gcc/arm-none-eabi/9.2.1/../../../../arm-none-eabi/lib/thumb/v7e-m+fp/hard\libc_nano.a(lib_a-mprec.o)
                0x0002c58a                __lo0bits
 .text.__i2b    0x0002c5ea       0x12 c:/users/21404/appdata/local/arduino15/packages/adafruit/tools/arm-none-eabi-gcc/9-2019q4/bin/../lib/gcc/arm-none-eabi/9.2.1/../../../../arm-none-eabi/lib/thumb/v7e-m+fp/hard\libc_nano.a(lib_a-mprec.o)
                0x0002c5ea                __i2b
 .text.__multiply
                0x0002c5fc      0x138 c:/users/21404/appdata/local/arduino15/packages/adafruit/tools/arm-none-eabi-gcc/9-2019q4/bin/../lib/gcc/arm-none-eabi/9.2.1/../../../../arm-none-eabi/lib/thumb/v7e-m+fp/hard\libc_nano.a(lib_a-mprec.o)
                0x0002c5fc                __multiply
 .text.__pow5mult
                0x0002c734       0x9c c:/users/21404/appdata/local/arduino15/packages/adafruit/tools/arm-none-eabi-gcc/9-2019q4/bin/../lib/gcc/arm-none-eabi/9.2.1/../../../../arm-none-eabi/lib/thumb/v7e-m+fp/hard\libc_nano.a(lib_a-mprec.o)
                0x0002c734                __pow5mult
 .text.__lshift
                0x0002c7d0       0xbe c:/users/21404/appdata/local/arduino15/packages/adafruit/tools/arm-none-eabi-gcc/9-2019q4/bin/../lib/gcc/arm-none-eabi/9.2.1/../../../../arm-none-eabi/lib/thumb/v7e-m+fp/hard\libc_nano.a(lib_a-mprec.o)
                0x0002c7d0                __lshift
 .text.__mcmp   0x0002c88e       0x38 c:/users/21404/appdata/local/arduino15/packages/adafruit/tools/arm-none-eabi-gcc/9-2019q4/bin/../lib/gcc/arm-none-eabi/9.2.1/../../../../arm-none-eabi/lib/thumb/v7e-m+fp/hard\libc_nano.a(lib_a-mprec.o)
                0x0002c88e                __mcmp
 .text.__mdiff  0x0002c8c6       0xec c:/users/21404/appdata/local/arduino15/packages/adafruit/tools/arm-none-eabi-gcc/9-2019q4/bin/../lib/gcc/arm-none-eabi/9.2.1/../../../../arm-none-eabi/lib/thumb/v7e-m+fp/hard\libc_nano.a(lib_a-mprec.o)
                0x0002c8c6                __mdiff
 .text.__d2b    0x0002c9b2       0xa0 c:/users/21404/appdata/local/arduino15/packages/adafruit/tools/arm-none-eabi-gcc/9-2019q4/bin/../lib/gcc/arm-none-eabi/9.2.1/../../../../arm-none-eabi/lib/thumb/v7e-m+fp/hard\libc_nano.a(lib_a-mprec.o)
                0x0002c9b2                __d2b
 .text._realloc_r
                0x0002ca52       0x4c c:/users/21404/appdata/local/arduino15/packages/adafruit/tools/arm-none-eabi-gcc/9-2019q4/bin/../lib/gcc/arm-none-eabi/9.2.1/../../../../arm-none-eabi/lib/thumb/v7e-m+fp/hard\libc_nano.a(lib_a-nano-reallocr.o)
                0x0002ca52                _realloc_r
 .text.__ssputs_r
                0x0002ca9e       0xb6 c:/users/21404/appdata/local/arduino15/packages/adafruit/tools/arm-none-eabi-gcc/9-2019q4/bin/../lib/gcc/arm-none-eabi/9.2.1/../../../../arm-none-eabi/lib/thumb/v7e-m+fp/hard\libc_nano.a(lib_a-nano-svfprintf.o)
                0x0002ca9e                __ssputs_r
 .text._svfprintf_r
                0x0002cb54      0x200 c:/users/21404/appdata/local/arduino15/packages/adafruit/tools/arm-none-eabi-gcc/9-2019q4/bin/../lib/gcc/arm-none-eabi/9.2.1/../../../../arm-none-eabi/lib/thumb/v7e-m+fp/hard\libc_nano.a(lib_a-nano-svfprintf.o)
                0x0002cb54                _svfiprintf_r
                0x0002cb54                _svfprintf_r
 .text.__ascii_wctomb
                0x0002cd54       0x1a c:/users/21404/appdata/local/arduino15/packages/adafruit/tools/arm-none-eabi-gcc/9-2019q4/bin/../lib/gcc/arm-none-eabi/9.2.1/../../../../arm-none-eabi/lib/thumb/v7e-m+fp/hard\libc_nano.a(lib_a-wctomb_r.o)
                0x0002cd54                __ascii_wctomb
 .text._malloc_usable_size_r
                0x0002cd6e       0x10 c:/users/21404/appdata/local/arduino15/packages/adafruit/tools/arm-none-eabi-gcc/9-2019q4/bin/../lib/gcc/arm-none-eabi/9.2.1/../../../../arm-none-eabi/lib/thumb/v7e-m+fp/hard\libc_nano.a(lib_a-nano-msizer.o)
                0x0002cd6e                _malloc_usable_size_r
 *fill*         0x0002cd7e        0x2 
 .text          0x0002cd80      0x110 c:/users/21404/appdata/local/arduino15/packages/adafruit/tools/arm-none-eabi-gcc/9-2019q4/bin/../lib/gcc/arm-none-eabi/9.2.1/thumb/v7e-m+fp/hard\libgcc.a(_arm_cmpdf2.o)
                0x0002cd80                __gtdf2
                0x0002cd80                __gedf2
                0x0002cd88                __ltdf2
                0x0002cd88                __ledf2
                0x0002cd90                __nedf2
                0x0002cd90                __eqdf2
                0x0002cd90                __cmpdf2
                0x0002ce0c                __aeabi_cdrcmple
                0x0002ce1c                __aeabi_cdcmpeq
                0x0002ce1c                __aeabi_cdcmple
                0x0002ce2c                __aeabi_dcmpeq
                0x0002ce40                __aeabi_dcmplt
                0x0002ce54                __aeabi_dcmple
                0x0002ce68                __aeabi_dcmpge
                0x0002ce7c                __aeabi_dcmpgt
 .text          0x0002ce90       0x2c c:/users/21404/appdata/local/arduino15/packages/adafruit/tools/arm-none-eabi-gcc/9-2019q4/bin/../lib/gcc/arm-none-eabi/9.2.1/thumb/v7e-m+fp/hard\libgcc.a(_arm_unorddf2.o)
                0x0002ce90                __unorddf2
                0x0002ce90                __aeabi_dcmpun
 .text          0x0002cebc       0x50 c:/users/21404/appdata/local/arduino15/packages/adafruit/tools/arm-none-eabi-gcc/9-2019q4/bin/../lib/gcc/arm-none-eabi/9.2.1/thumb/v7e-m+fp/hard\libgcc.a(_arm_fixdfsi.o)
                0x0002cebc                __aeabi_d2iz
                0x0002cebc                __fixdfsi
 .text._sbrk    0x0002cf0c       0x1c c:/users/21404/appdata/local/arduino15/packages/adafruit/tools/arm-none-eabi-gcc/9-2019q4/bin/../lib/gcc/arm-none-eabi/9.2.1/../../../../arm-none-eabi/lib/thumb/v7e-m+fp/hard\libnosys.a(sbrk.o)
                0x0002cf0c                _sbrk
 .text._exit    0x0002cf28        0x4 c:/users/21404/appdata/local/arduino15/packages/adafruit/tools/arm-none-eabi-gcc/9-2019q4/bin/../lib/gcc/arm-none-eabi/9.2.1/../../../../arm-none-eabi/lib/thumb/v7e-m+fp/hard\libnosys.a(_exit.o)
                0x0002cf28                _exit
 *(.init)
 .init          0x0002cf2c        0x4 c:/users/21404/appdata/local/arduino15/packages/adafruit/tools/arm-none-eabi-gcc/9-2019q4/bin/../lib/gcc/arm-none-eabi/9.2.1/thumb/v7e-m+fp/hard/crti.o
                0x0002cf2c                _init
 .init          0x0002cf30        0x8 c:/users/21404/appdata/local/arduino15/packages/adafruit/tools/arm-none-eabi-gcc/9-2019q4/bin/../lib/gcc/arm-none-eabi/9.2.1/thumb/v7e-m+fp/hard/crtn.o
 *(.fini)
 .fini          0x0002cf38        0x4 c:/users/21404/appdata/local/arduino15/packages/adafruit/tools/arm-none-eabi-gcc/9-2019q4/bin/../lib/gcc/arm-none-eabi/9.2.1/thumb/v7e-m+fp/hard/crti.o
                0x0002cf38                _fini
 .fini          0x0002cf3c        0x8 c:/users/21404/appdata/local/arduino15/packages/adafruit/tools/arm-none-eabi-gcc/9-2019q4/bin/../lib/gcc/arm-none-eabi/9.2.1/thumb/v7e-m+fp/hard/crtn.o
 *crtbegin.o(.ctors)
 *crtbegin?.o(.ctors)
 *(EXCLUDE_FILE(*crtend.o *crtend?.o) .ctors)
 *(SORT_BY_NAME(.ctors.*))
 *(.ctors)
 *crtbegin.o(.dtors)
 *crtbegin?.o(.dtors)
 *(EXCLUDE_FILE(*crtend.o *crtend?.o) .dtors)
 *(SORT_BY_NAME(.dtors.*))
 *(.dtors)
 *(.rodata*)
 .rodata._Z12getSSPinNamei.str1.4
                0x0002cf44       0x13 C:\Users\21404\AppData\Local\Temp\arduino\sketches\864071F1E2A0CEB8C128ECCFB649BBD3\sketch\sensor_master.ino.cpp.o
 *fill*         0x0002cf57        0x1 
 .rodata._Z18sendCommandToSlaveiPKc.str1.4
                0x0002cf58       0x23 C:\Users\21404\AppData\Local\Temp\arduino\sketches\864071F1E2A0CEB8C128ECCFB649BBD3\sketch\sensor_master.ino.cpp.o
 *fill*         0x0002cf7b        0x1 
 .rodata._Z14startAllSlavesv.str1.4
                0x0002cf7c       0x18 C:\Users\21404\AppData\Local\Temp\arduino\sketches\864071F1E2A0CEB8C128ECCFB649BBD3\sketch\sensor_master.ino.cpp.o
 .rodata._Z9stopSlavei.str1.4
                0x0002cf94       0xda C:\Users\21404\AppData\Local\Temp\arduino\sketches\864071F1E2A0CEB8C128ECCFB649BBD3\sketch\sensor_master.ino.cpp.o
 *fill*         0x0002d06e        0x2 
 .rodata._Z13stopAllSlavesv.str1.4
                0x0002d070       0x14 C:\Users\21404\AppData\Local\Temp\arduino\sketches\864071F1E2A0CEB8C128ECCFB649BBD3\sketch\sensor_master.ino.cpp.o
 .rodata._Z20receiveDataFromSlavei.str1.4
                0x0002d084        0x5 C:\Users\21404\AppData\Local\Temp\arduino\sketches\864071F1E2A0CEB8C128ECCFB649BBD3\sketch\sensor_master.ino.cpp.o
 *fill*         0x0002d089        0x3 
 .rodata.setup.str1.4
                0x0002d08c       0x50 C:\Users\21404\AppData\Local\Temp\arduino\sketches\864071F1E2A0CEB8C128ECCFB649BBD3\sketch\sensor_master.ino.cpp.o
 .rodata.loop.str1.4
                0x0002d0dc       0x46 C:\Users\21404\AppData\Local\Temp\arduino\sketches\864071F1E2A0CEB8C128ECCFB649BBD3\sketch\sensor_master.ino.cpp.o
 *fill*         0x0002d122        0x2 
 .rodata        0x0002d124       0x10 C:\Users\21404\AppData\Local\Temp\arduino\sketches\864071F1E2A0CEB8C128ECCFB649BBD3\sketch\sensor_master.ino.cpp.o
 .rodata._ZTV17Adafruit_USBD_CDC
                0x0002d134       0x34 C:\Users\21404\AppData\Local\Temp\arduino\sketches\864071F1E2A0CEB8C128ECCFB649BBD3\libraries\Adafruit_TinyUSB_Arduino\arduino\Adafruit_USBD_CDC.cpp.o
                0x0002d134                vtable for Adafruit_USBD_CDC
 .rodata.g_ADigitalPinMap
                0x0002d168       0x80 C:\Users\21404\AppData\Local\Temp\arduino\sketches\864071F1E2A0CEB8C128ECCFB649BBD3\core\variant.cpp.o
                0x0002d168                g_ADigitalPinMap
 .rodata._ZN5Print5printEdi.str1.4
                0x0002d1e8        0x5 C:\Users\21404\AppData\Local\Temp\arduino\sketches\864071F1E2A0CEB8C128ECCFB649BBD3/..\..\cores\907f208da1f5405b94dae7409b9f731e\core.a(Print.cpp.o)
 *fill*         0x0002d1ed        0x3 
 .rodata._ZN5Print7printlnEPK19__FlashStringHelper.str1.4
                0x0002d1f0        0x3 C:\Users\21404\AppData\Local\Temp\arduino\sketches\864071F1E2A0CEB8C128ECCFB649BBD3/..\..\cores\907f208da1f5405b94dae7409b9f731e\core.a(Print.cpp.o)
 .rodata._ZN6Stream10readStringEv.str1.4
                0x0002d1f3        0x3 C:\Users\21404\AppData\Local\Temp\arduino\sketches\864071F1E2A0CEB8C128ECCFB649BBD3/..\..\cores\907f208da1f5405b94dae7409b9f731e\core.a(Stream.cpp.o)
                                  0x1 (size before relaxing)
 *fill*         0x0002d1f3        0x1 
 .rodata._ZTV4Uart
                0x0002d1f4       0x34 C:\Users\21404\AppData\Local\Temp\arduino\sketches\864071F1E2A0CEB8C128ECCFB649BBD3/..\..\cores\907f208da1f5405b94dae7409b9f731e\core.a(Uart.cpp.o)
                0x0002d1f4                vtable for Uart
 .rodata.dtostrf.str1.4
                0x0002d228        0x9 C:\Users\21404\AppData\Local\Temp\arduino\sketches\864071F1E2A0CEB8C128ECCFB649BBD3/..\..\cores\907f208da1f5405b94dae7409b9f731e\core.a(dtostrf.c.o)
 *fill*         0x0002d231        0x3 
 .rodata.xTimerCreateTimerTask.str1.4
                0x0002d234       0x10 C:\Users\21404\AppData\Local\Temp\arduino\sketches\864071F1E2A0CEB8C128ECCFB649BBD3/..\..\cores\907f208da1f5405b94dae7409b9f731e\core.a(timers.c.o)
 .rodata.main.str1.4
                0x0002d244        0x5 C:\Users\21404\AppData\Local\Temp\arduino\sketches\864071F1E2A0CEB8C128ECCFB649BBD3/..\..\cores\907f208da1f5405b94dae7409b9f731e\core.a(main.cpp.o)
 *fill*         0x0002d249        0x3 
 .rodata.CSWTCH.14
                0x0002d24c        0x4 C:\Users\21404\AppData\Local\Temp\arduino\sketches\864071F1E2A0CEB8C128ECCFB649BBD3/..\..\cores\907f208da1f5405b94dae7409b9f731e\core.a(system_nrf52.c.o)
 .rodata.CSWTCH.18
                0x0002d250        0x4 C:\Users\21404\AppData\Local\Temp\arduino\sketches\864071F1E2A0CEB8C128ECCFB649BBD3/..\..\cores\907f208da1f5405b94dae7409b9f731e\core.a(system_nrf52.c.o)
 .rodata.CSWTCH.4
                0x0002d254        0x4 C:\Users\21404\AppData\Local\Temp\arduino\sketches\864071F1E2A0CEB8C128ECCFB649BBD3/..\..\cores\907f208da1f5405b94dae7409b9f731e\core.a(system_nrf52.c.o)
 .rodata.ada_callback_init.str1.4
                0x0002d258        0x9 C:\Users\21404\AppData\Local\Temp\arduino\sketches\864071F1E2A0CEB8C128ECCFB649BBD3/..\..\cores\907f208da1f5405b94dae7409b9f731e\core.a(AdaCallback.c.o)
 *fill*         0x0002d261        0x3 
 .rodata._global_impure_ptr
                0x0002d264        0x4 c:/users/21404/appdata/local/arduino15/packages/adafruit/tools/arm-none-eabi-gcc/9-2019q4/bin/../lib/gcc/arm-none-eabi/9.2.1/../../../../arm-none-eabi/lib/thumb/v7e-m+fp/hard\libc_nano.a(lib_a-impure.o)
                0x0002d264                _global_impure_ptr
 .rodata._printf_float.str1.1
                0x0002d268       0x12 c:/users/21404/appdata/local/arduino15/packages/adafruit/tools/arm-none-eabi-gcc/9-2019q4/bin/../lib/gcc/arm-none-eabi/9.2.1/../../../../arm-none-eabi/lib/thumb/v7e-m+fp/hard\libc_nano.a(lib_a-nano-vfprintf_float.o)
 .rodata._printf_i.str1.1
                0x0002d27a       0x22 c:/users/21404/appdata/local/arduino15/packages/adafruit/tools/arm-none-eabi-gcc/9-2019q4/bin/../lib/gcc/arm-none-eabi/9.2.1/../../../../arm-none-eabi/lib/thumb/v7e-m+fp/hard\libc_nano.a(lib_a-nano-vfprintf_i.o)
 .rodata._ctype_
                0x0002d29c      0x101 c:/users/21404/appdata/local/arduino15/packages/adafruit/tools/arm-none-eabi-gcc/9-2019q4/bin/../lib/gcc/arm-none-eabi/9.2.1/../../../../arm-none-eabi/lib/thumb/v7e-m+fp/hard\libc_nano.a(lib_a-ctype_.o)
                0x0002d29c                _ctype_
 .rodata._dtoa_r.str1.1
                0x0002d39d        0xd c:/users/21404/appdata/local/arduino15/packages/adafruit/tools/arm-none-eabi-gcc/9-2019q4/bin/../lib/gcc/arm-none-eabi/9.2.1/../../../../arm-none-eabi/lib/thumb/v7e-m+fp/hard\libc_nano.a(lib_a-dtoa.o)
                                  0xf (size before relaxing)
 *fill*         0x0002d3aa        0x2 
 .rodata.__sf_fake_stderr
                0x0002d3ac       0x20 c:/users/21404/appdata/local/arduino15/packages/adafruit/tools/arm-none-eabi-gcc/9-2019q4/bin/../lib/gcc/arm-none-eabi/9.2.1/../../../../arm-none-eabi/lib/thumb/v7e-m+fp/hard\libc_nano.a(lib_a-findfp.o)
                0x0002d3ac                __sf_fake_stderr
 .rodata.__sf_fake_stdin
                0x0002d3cc       0x20 c:/users/21404/appdata/local/arduino15/packages/adafruit/tools/arm-none-eabi-gcc/9-2019q4/bin/../lib/gcc/arm-none-eabi/9.2.1/../../../../arm-none-eabi/lib/thumb/v7e-m+fp/hard\libc_nano.a(lib_a-findfp.o)
                0x0002d3cc                __sf_fake_stdin
 .rodata.__sf_fake_stdout
                0x0002d3ec       0x20 c:/users/21404/appdata/local/arduino15/packages/adafruit/tools/arm-none-eabi-gcc/9-2019q4/bin/../lib/gcc/arm-none-eabi/9.2.1/../../../../arm-none-eabi/lib/thumb/v7e-m+fp/hard\libc_nano.a(lib_a-findfp.o)
                0x0002d3ec                __sf_fake_stdout
 .rodata._setlocale_r.str1.1
                0x0002d40c        0x8 c:/users/21404/appdata/local/arduino15/packages/adafruit/tools/arm-none-eabi-gcc/9-2019q4/bin/../lib/gcc/arm-none-eabi/9.2.1/../../../../arm-none-eabi/lib/thumb/v7e-m+fp/hard\libc_nano.a(lib_a-locale.o)
                                  0x9 (size before relaxing)
 .rodata.str1.1
                0x0002d414        0x2 c:/users/21404/appdata/local/arduino15/packages/adafruit/tools/arm-none-eabi-gcc/9-2019q4/bin/../lib/gcc/arm-none-eabi/9.2.1/../../../../arm-none-eabi/lib/thumb/v7e-m+fp/hard\libc_nano.a(lib_a-locale.o)
 *fill*         0x0002d416        0x2 
 .rodata.__mprec_bigtens
                0x0002d418       0x28 c:/users/21404/appdata/local/arduino15/packages/adafruit/tools/arm-none-eabi-gcc/9-2019q4/bin/../lib/gcc/arm-none-eabi/9.2.1/../../../../arm-none-eabi/lib/thumb/v7e-m+fp/hard\libc_nano.a(lib_a-mprec.o)
                0x0002d418                __mprec_bigtens
 .rodata.__mprec_tens
                0x0002d440       0xc8 c:/users/21404/appdata/local/arduino15/packages/adafruit/tools/arm-none-eabi-gcc/9-2019q4/bin/../lib/gcc/arm-none-eabi/9.2.1/../../../../arm-none-eabi/lib/thumb/v7e-m+fp/hard\libc_nano.a(lib_a-mprec.o)
                0x0002d440                __mprec_tens
 .rodata.p05.7490
                0x0002d508        0xc c:/users/21404/appdata/local/arduino15/packages/adafruit/tools/arm-none-eabi-gcc/9-2019q4/bin/../lib/gcc/arm-none-eabi/9.2.1/../../../../arm-none-eabi/lib/thumb/v7e-m+fp/hard\libc_nano.a(lib_a-mprec.o)
 .rodata._svfprintf_r.str1.1
                0x0002d514       0x11 c:/users/21404/appdata/local/arduino15/packages/adafruit/tools/arm-none-eabi-gcc/9-2019q4/bin/../lib/gcc/arm-none-eabi/9.2.1/../../../../arm-none-eabi/lib/thumb/v7e-m+fp/hard\libc_nano.a(lib_a-nano-svfprintf.o)
 *(.eh_frame*)
 *fill*         0x0002d525        0x3 
 .eh_frame      0x0002d528        0x0 c:/users/21404/appdata/local/arduino15/packages/adafruit/tools/arm-none-eabi-gcc/9-2019q4/bin/../lib/gcc/arm-none-eabi/9.2.1/thumb/v7e-m+fp/hard/crtbegin.o
 .eh_frame      0x0002d528        0x4 c:/users/21404/appdata/local/arduino15/packages/adafruit/tools/arm-none-eabi-gcc/9-2019q4/bin/../lib/gcc/arm-none-eabi/9.2.1/thumb/v7e-m+fp/hard/crtend.o

.glue_7         0x0002d52c        0x0
 .glue_7        0x0002d52c        0x0 linker stubs

.glue_7t        0x0002d52c        0x0
 .glue_7t       0x0002d52c        0x0 linker stubs

.vfp11_veneer   0x0002d52c        0x0
 .vfp11_veneer  0x0002d52c        0x0 linker stubs

.v4_bx          0x0002d52c        0x0
 .v4_bx         0x0002d52c        0x0 linker stubs

.iplt           0x0002d52c        0x0
 .iplt          0x0002d52c        0x0 c:/users/21404/appdata/local/arduino15/packages/adafruit/tools/arm-none-eabi-gcc/9-2019q4/bin/../lib/gcc/arm-none-eabi/9.2.1/thumb/v7e-m+fp/hard/crtfastmath.o

.ARM.extab
 *(.ARM.extab* .gnu.linkonce.armextab.*)
                0x0002d52c                __exidx_start = .

.ARM.exidx      0x0002d52c        0x8
 *(.ARM.exidx* .gnu.linkonce.armexidx.*)
 .ARM.exidx     0x0002d52c        0x8 c:/users/21404/appdata/local/arduino15/packages/adafruit/tools/arm-none-eabi-gcc/9-2019q4/bin/../lib/gcc/arm-none-eabi/9.2.1/../../../../arm-none-eabi/lib/thumb/v7e-m+fp/hard/crt0.o
                0x0002d534                __exidx_end = .
                0x0002d534                __etext = .

.rel.dyn        0x0002d534        0x0
 .rel.iplt      0x0002d534        0x0 c:/users/21404/appdata/local/arduino15/packages/adafruit/tools/arm-none-eabi-gcc/9-2019q4/bin/../lib/gcc/arm-none-eabi/9.2.1/thumb/v7e-m+fp/hard/crtfastmath.o

.data           0x20003600      0x1ec load address 0x0002d534
                0x20003600                __data_start__ = .
 *(vtable)
 *(.data*)
 .data.SystemCoreClock
                0x20003600        0x4 C:\Users\21404\AppData\Local\Temp\arduino\sketches\864071F1E2A0CEB8C128ECCFB649BBD3/..\..\cores\907f208da1f5405b94dae7409b9f731e\core.a(system_nrf52.c.o)
                0x20003600                SystemCoreClock
 .data._impure_ptr
                0x20003604        0x4 c:/users/21404/appdata/local/arduino15/packages/adafruit/tools/arm-none-eabi-gcc/9-2019q4/bin/../lib/gcc/arm-none-eabi/9.2.1/../../../../arm-none-eabi/lib/thumb/v7e-m+fp/hard\libc_nano.a(lib_a-impure.o)
                0x20003604                _impure_ptr
 .data.impure_data
                0x20003608       0x60 c:/users/21404/appdata/local/arduino15/packages/adafruit/tools/arm-none-eabi-gcc/9-2019q4/bin/../lib/gcc/arm-none-eabi/9.2.1/../../../../arm-none-eabi/lib/thumb/v7e-m+fp/hard\libc_nano.a(lib_a-impure.o)
 .data.__global_locale
                0x20003668      0x16c c:/users/21404/appdata/local/arduino15/packages/adafruit/tools/arm-none-eabi-gcc/9-2019q4/bin/../lib/gcc/arm-none-eabi/9.2.1/../../../../arm-none-eabi/lib/thumb/v7e-m+fp/hard\libc_nano.a(lib_a-locale.o)
                0x20003668                __global_locale
                0x200037d4                . = ALIGN (0x4)
                0x200037d4                PROVIDE (__preinit_array_start = .)
 *(.preinit_array)
                0x200037d4                PROVIDE (__preinit_array_end = .)
                0x200037d4                . = ALIGN (0x4)
                0x200037d4                PROVIDE (__init_array_start = .)
 *(SORT_BY_NAME(.init_array.*))
 *(.init_array)
 .init_array    0x200037d4        0x4 c:/users/21404/appdata/local/arduino15/packages/adafruit/tools/arm-none-eabi-gcc/9-2019q4/bin/../lib/gcc/arm-none-eabi/9.2.1/thumb/v7e-m+fp/hard/crtfastmath.o
 .init_array    0x200037d8        0x4 c:/users/21404/appdata/local/arduino15/packages/adafruit/tools/arm-none-eabi-gcc/9-2019q4/bin/../lib/gcc/arm-none-eabi/9.2.1/thumb/v7e-m+fp/hard/crtbegin.o
 .init_array    0x200037dc        0x4 C:\Users\21404\AppData\Local\Temp\arduino\sketches\864071F1E2A0CEB8C128ECCFB649BBD3\libraries\SPI\SPI_nrf52832.cpp.o
 .init_array    0x200037e0        0x4 C:\Users\21404\AppData\Local\Temp\arduino\sketches\864071F1E2A0CEB8C128ECCFB649BBD3\libraries\Adafruit_TinyUSB_Arduino\arduino\Adafruit_USBD_CDC.cpp.o
 .init_array    0x200037e4        0x4 C:\Users\21404\AppData\Local\Temp\arduino\sketches\864071F1E2A0CEB8C128ECCFB649BBD3/..\..\cores\907f208da1f5405b94dae7409b9f731e\core.a(Uart.cpp.o)
                0x200037e8                PROVIDE (__init_array_end = .)
                0x200037e8                . = ALIGN (0x4)
                [!provide]                PROVIDE (__fini_array_start = .)
 *(SORT_BY_NAME(.fini_array.*))
 *(.fini_array)
 .fini_array    0x200037e8        0x4 c:/users/21404/appdata/local/arduino15/packages/adafruit/tools/arm-none-eabi-gcc/9-2019q4/bin/../lib/gcc/arm-none-eabi/9.2.1/thumb/v7e-m+fp/hard/crtbegin.o
                [!provide]                PROVIDE (__fini_array_end = .)
 *(.jcr*)
                0x200037ec                . = ALIGN (0x4)
                0x200037ec                __data_end__ = .
LOAD c:/users/21404/appdata/local/arduino15/packages/adafruit/tools/arm-none-eabi-gcc/9-2019q4/bin/../lib/gcc/arm-none-eabi/9.2.1/thumb/v7e-m+fp/hard/crtfastmath.o
LOAD c:/users/21404/appdata/local/arduino15/packages/adafruit/tools/arm-none-eabi-gcc/9-2019q4/bin/../lib/gcc/arm-none-eabi/9.2.1/thumb/v7e-m+fp/hard/crti.o
LOAD c:/users/21404/appdata/local/arduino15/packages/adafruit/tools/arm-none-eabi-gcc/9-2019q4/bin/../lib/gcc/arm-none-eabi/9.2.1/thumb/v7e-m+fp/hard/crtbegin.o
LOAD c:/users/21404/appdata/local/arduino15/packages/adafruit/tools/arm-none-eabi-gcc/9-2019q4/bin/../lib/gcc/arm-none-eabi/9.2.1/../../../../arm-none-eabi/lib/thumb/v7e-m+fp/hard/crt0.o
LOAD C:\Users\21404\AppData\Local\Temp\arduino\sketches\864071F1E2A0CEB8C128ECCFB649BBD3\sketch\sensor_master.ino.cpp.o
LOAD C:\Users\21404\AppData\Local\Temp\arduino\sketches\864071F1E2A0CEB8C128ECCFB649BBD3\libraries\SPI\SPI.cpp.o
LOAD C:\Users\21404\AppData\Local\Temp\arduino\sketches\864071F1E2A0CEB8C128ECCFB649BBD3\libraries\SPI\SPI_nrf52832.cpp.o
LOAD C:\Users\21404\AppData\Local\Temp\arduino\sketches\864071F1E2A0CEB8C128ECCFB649BBD3\libraries\Adafruit_TinyUSB_Arduino\arduino\Adafruit_TinyUSB_API.cpp.o
LOAD C:\Users\21404\AppData\Local\Temp\arduino\sketches\864071F1E2A0CEB8C128ECCFB649BBD3\libraries\Adafruit_TinyUSB_Arduino\arduino\Adafruit_USBD_CDC.cpp.o
LOAD C:\Users\21404\AppData\Local\Temp\arduino\sketches\864071F1E2A0CEB8C128ECCFB649BBD3\libraries\Adafruit_TinyUSB_Arduino\arduino\Adafruit_USBD_Device.cpp.o
LOAD C:\Users\21404\AppData\Local\Temp\arduino\sketches\864071F1E2A0CEB8C128ECCFB649BBD3\libraries\Adafruit_TinyUSB_Arduino\arduino\Adafruit_USBD_Interface.cpp.o
LOAD C:\Users\21404\AppData\Local\Temp\arduino\sketches\864071F1E2A0CEB8C128ECCFB649BBD3\libraries\Adafruit_TinyUSB_Arduino\arduino\Adafruit_USBH_Host.cpp.o
LOAD C:\Users\21404\AppData\Local\Temp\arduino\sketches\864071F1E2A0CEB8C128ECCFB649BBD3\libraries\Adafruit_TinyUSB_Arduino\arduino\cdc\Adafruit_USBH_CDC.cpp.o
LOAD C:\Users\21404\AppData\Local\Temp\arduino\sketches\864071F1E2A0CEB8C128ECCFB649BBD3\libraries\Adafruit_TinyUSB_Arduino\arduino\hid\Adafruit_USBD_HID.cpp.o
LOAD C:\Users\21404\AppData\Local\Temp\arduino\sketches\864071F1E2A0CEB8C128ECCFB649BBD3\libraries\Adafruit_TinyUSB_Arduino\arduino\midi\Adafruit_USBD_MIDI.cpp.o
LOAD C:\Users\21404\AppData\Local\Temp\arduino\sketches\864071F1E2A0CEB8C128ECCFB649BBD3\libraries\Adafruit_TinyUSB_Arduino\arduino\msc\Adafruit_USBD_MSC.cpp.o
LOAD C:\Users\21404\AppData\Local\Temp\arduino\sketches\864071F1E2A0CEB8C128ECCFB649BBD3\libraries\Adafruit_TinyUSB_Arduino\arduino\msc\Adafruit_USBH_MSC.cpp.o
LOAD C:\Users\21404\AppData\Local\Temp\arduino\sketches\864071F1E2A0CEB8C128ECCFB649BBD3\libraries\Adafruit_TinyUSB_Arduino\arduino\ports\esp32\Adafruit_TinyUSB_esp32.cpp.o
LOAD C:\Users\21404\AppData\Local\Temp\arduino\sketches\864071F1E2A0CEB8C128ECCFB649BBD3\libraries\Adafruit_TinyUSB_Arduino\arduino\ports\nrf\Adafruit_TinyUSB_nrf.cpp.o
LOAD C:\Users\21404\AppData\Local\Temp\arduino\sketches\864071F1E2A0CEB8C128ECCFB649BBD3\libraries\Adafruit_TinyUSB_Arduino\arduino\ports\rp2040\Adafruit_TinyUSB_rp2040.cpp.o
LOAD C:\Users\21404\AppData\Local\Temp\arduino\sketches\864071F1E2A0CEB8C128ECCFB649BBD3\libraries\Adafruit_TinyUSB_Arduino\arduino\ports\samd\Adafruit_TinyUSB_samd.cpp.o
LOAD C:\Users\21404\AppData\Local\Temp\arduino\sketches\864071F1E2A0CEB8C128ECCFB649BBD3\libraries\Adafruit_TinyUSB_Arduino\arduino\video\Adafruit_USBD_Video.cpp.o
LOAD C:\Users\21404\AppData\Local\Temp\arduino\sketches\864071F1E2A0CEB8C128ECCFB649BBD3\libraries\Adafruit_TinyUSB_Arduino\arduino\webusb\Adafruit_USBD_WebUSB.cpp.o
LOAD C:\Users\21404\AppData\Local\Temp\arduino\sketches\864071F1E2A0CEB8C128ECCFB649BBD3\libraries\Adafruit_TinyUSB_Arduino\class\audio\audio_device.c.o
LOAD C:\Users\21404\AppData\Local\Temp\arduino\sketches\864071F1E2A0CEB8C128ECCFB649BBD3\libraries\Adafruit_TinyUSB_Arduino\class\bth\bth_device.c.o
LOAD C:\Users\21404\AppData\Local\Temp\arduino\sketches\864071F1E2A0CEB8C128ECCFB649BBD3\libraries\Adafruit_TinyUSB_Arduino\class\cdc\cdc_device.c.o
LOAD C:\Users\21404\AppData\Local\Temp\arduino\sketches\864071F1E2A0CEB8C128ECCFB649BBD3\libraries\Adafruit_TinyUSB_Arduino\class\cdc\cdc_host.c.o
LOAD C:\Users\21404\AppData\Local\Temp\arduino\sketches\864071F1E2A0CEB8C128ECCFB649BBD3\libraries\Adafruit_TinyUSB_Arduino\class\dfu\dfu_device.c.o
LOAD C:\Users\21404\AppData\Local\Temp\arduino\sketches\864071F1E2A0CEB8C128ECCFB649BBD3\libraries\Adafruit_TinyUSB_Arduino\class\dfu\dfu_rt_device.c.o
LOAD C:\Users\21404\AppData\Local\Temp\arduino\sketches\864071F1E2A0CEB8C128ECCFB649BBD3\libraries\Adafruit_TinyUSB_Arduino\class\hid\hid_device.c.o
LOAD C:\Users\21404\AppData\Local\Temp\arduino\sketches\864071F1E2A0CEB8C128ECCFB649BBD3\libraries\Adafruit_TinyUSB_Arduino\class\hid\hid_host.c.o
LOAD C:\Users\21404\AppData\Local\Temp\arduino\sketches\864071F1E2A0CEB8C128ECCFB649BBD3\libraries\Adafruit_TinyUSB_Arduino\class\midi\midi_device.c.o
LOAD C:\Users\21404\AppData\Local\Temp\arduino\sketches\864071F1E2A0CEB8C128ECCFB649BBD3\libraries\Adafruit_TinyUSB_Arduino\class\msc\msc_device.c.o
LOAD C:\Users\21404\AppData\Local\Temp\arduino\sketches\864071F1E2A0CEB8C128ECCFB649BBD3\libraries\Adafruit_TinyUSB_Arduino\class\msc\msc_host.c.o
LOAD C:\Users\21404\AppData\Local\Temp\arduino\sketches\864071F1E2A0CEB8C128ECCFB649BBD3\libraries\Adafruit_TinyUSB_Arduino\class\net\ecm_rndis_device.c.o
LOAD C:\Users\21404\AppData\Local\Temp\arduino\sketches\864071F1E2A0CEB8C128ECCFB649BBD3\libraries\Adafruit_TinyUSB_Arduino\class\net\ncm_device.c.o
LOAD C:\Users\21404\AppData\Local\Temp\arduino\sketches\864071F1E2A0CEB8C128ECCFB649BBD3\libraries\Adafruit_TinyUSB_Arduino\class\usbtmc\usbtmc_device.c.o
LOAD C:\Users\21404\AppData\Local\Temp\arduino\sketches\864071F1E2A0CEB8C128ECCFB649BBD3\libraries\Adafruit_TinyUSB_Arduino\class\vendor\vendor_device.c.o
LOAD C:\Users\21404\AppData\Local\Temp\arduino\sketches\864071F1E2A0CEB8C128ECCFB649BBD3\libraries\Adafruit_TinyUSB_Arduino\class\video\video_device.c.o
LOAD C:\Users\21404\AppData\Local\Temp\arduino\sketches\864071F1E2A0CEB8C128ECCFB649BBD3\libraries\Adafruit_TinyUSB_Arduino\common\tusb_fifo.c.o
LOAD C:\Users\21404\AppData\Local\Temp\arduino\sketches\864071F1E2A0CEB8C128ECCFB649BBD3\libraries\Adafruit_TinyUSB_Arduino\device\usbd.c.o
LOAD C:\Users\21404\AppData\Local\Temp\arduino\sketches\864071F1E2A0CEB8C128ECCFB649BBD3\libraries\Adafruit_TinyUSB_Arduino\device\usbd_control.c.o
LOAD C:\Users\21404\AppData\Local\Temp\arduino\sketches\864071F1E2A0CEB8C128ECCFB649BBD3\libraries\Adafruit_TinyUSB_Arduino\host\hub.c.o
LOAD C:\Users\21404\AppData\Local\Temp\arduino\sketches\864071F1E2A0CEB8C128ECCFB649BBD3\libraries\Adafruit_TinyUSB_Arduino\host\usbh.c.o
LOAD C:\Users\21404\AppData\Local\Temp\arduino\sketches\864071F1E2A0CEB8C128ECCFB649BBD3\libraries\Adafruit_TinyUSB_Arduino\portable\analog\max3421\hcd_max3421.c.o
LOAD C:\Users\21404\AppData\Local\Temp\arduino\sketches\864071F1E2A0CEB8C128ECCFB649BBD3\libraries\Adafruit_TinyUSB_Arduino\portable\microchip\samd\dcd_samd.c.o
LOAD C:\Users\21404\AppData\Local\Temp\arduino\sketches\864071F1E2A0CEB8C128ECCFB649BBD3\libraries\Adafruit_TinyUSB_Arduino\portable\nordic\nrf5x\dcd_nrf5x.c.o
LOAD C:\Users\21404\AppData\Local\Temp\arduino\sketches\864071F1E2A0CEB8C128ECCFB649BBD3\libraries\Adafruit_TinyUSB_Arduino\portable\raspberrypi\pio_usb\dcd_pio_usb.c.o
LOAD C:\Users\21404\AppData\Local\Temp\arduino\sketches\864071F1E2A0CEB8C128ECCFB649BBD3\libraries\Adafruit_TinyUSB_Arduino\portable\raspberrypi\pio_usb\hcd_pio_usb.c.o
LOAD C:\Users\21404\AppData\Local\Temp\arduino\sketches\864071F1E2A0CEB8C128ECCFB649BBD3\libraries\Adafruit_TinyUSB_Arduino\portable\raspberrypi\rp2040\dcd_rp2040.c.o
LOAD C:\Users\21404\AppData\Local\Temp\arduino\sketches\864071F1E2A0CEB8C128ECCFB649BBD3\libraries\Adafruit_TinyUSB_Arduino\portable\raspberrypi\rp2040\hcd_rp2040.c.o
LOAD C:\Users\21404\AppData\Local\Temp\arduino\sketches\864071F1E2A0CEB8C128ECCFB649BBD3\libraries\Adafruit_TinyUSB_Arduino\portable\raspberrypi\rp2040\rp2040_usb.c.o
LOAD C:\Users\21404\AppData\Local\Temp\arduino\sketches\864071F1E2A0CEB8C128ECCFB649BBD3\libraries\Adafruit_TinyUSB_Arduino\portable\synopsys\dwc2\dcd_dwc2.c.o
LOAD C:\Users\21404\AppData\Local\Temp\arduino\sketches\864071F1E2A0CEB8C128ECCFB649BBD3\libraries\Adafruit_TinyUSB_Arduino\tusb.c.o
LOAD C:\Users\21404\AppData\Local\Temp\arduino\sketches\864071F1E2A0CEB8C128ECCFB649BBD3\core\variant.cpp.o
START GROUP
LOAD C:\Users\21404\AppData\Local\Arduino15\packages\adafruit\tools\CMSIS\5.7.0/CMSIS/DSP/Lib/GCC/\libarm_cortexM4lf_math.a
LOAD c:/users/21404/appdata/local/arduino15/packages/adafruit/tools/arm-none-eabi-gcc/9-2019q4/bin/../lib/gcc/arm-none-eabi/9.2.1/../../../../arm-none-eabi/lib/thumb/v7e-m+fp/hard\libm.a
LOAD C:\Users\21404\AppData\Local\Temp\arduino\sketches\864071F1E2A0CEB8C128ECCFB649BBD3/..\..\cores\907f208da1f5405b94dae7409b9f731e\core.a
END GROUP
START GROUP
LOAD c:/users/21404/appdata/local/arduino15/packages/adafruit/tools/arm-none-eabi-gcc/9-2019q4/bin/../lib/gcc/arm-none-eabi/9.2.1/thumb/v7e-m+fp/hard\libgcc.a
LOAD c:/users/21404/appdata/local/arduino15/packages/adafruit/tools/arm-none-eabi-gcc/9-2019q4/bin/../lib/gcc/arm-none-eabi/9.2.1/../../../../arm-none-eabi/lib/thumb/v7e-m+fp/hard\libc_nano.a
END GROUP
START GROUP
LOAD c:/users/21404/appdata/local/arduino15/packages/adafruit/tools/arm-none-eabi-gcc/9-2019q4/bin/../lib/gcc/arm-none-eabi/9.2.1/thumb/v7e-m+fp/hard\libgcc.a
LOAD c:/users/21404/appdata/local/arduino15/packages/adafruit/tools/arm-none-eabi-gcc/9-2019q4/bin/../lib/gcc/arm-none-eabi/9.2.1/../../../../arm-none-eabi/lib/thumb/v7e-m+fp/hard\libc_nano.a
LOAD c:/users/21404/appdata/local/arduino15/packages/adafruit/tools/arm-none-eabi-gcc/9-2019q4/bin/../lib/gcc/arm-none-eabi/9.2.1/../../../../arm-none-eabi/lib/thumb/v7e-m+fp/hard\libnosys.a
END GROUP
START GROUP
LOAD c:/users/21404/appdata/local/arduino15/packages/adafruit/tools/arm-none-eabi-gcc/9-2019q4/bin/../lib/gcc/arm-none-eabi/9.2.1/thumb/v7e-m+fp/hard\libgcc.a
LOAD c:/users/21404/appdata/local/arduino15/packages/adafruit/tools/arm-none-eabi-gcc/9-2019q4/bin/../lib/gcc/arm-none-eabi/9.2.1/../../../../arm-none-eabi/lib/thumb/v7e-m+fp/hard\libc_nano.a
LOAD c:/users/21404/appdata/local/arduino15/packages/adafruit/tools/arm-none-eabi-gcc/9-2019q4/bin/../lib/gcc/arm-none-eabi/9.2.1/../../../../arm-none-eabi/lib/thumb/v7e-m+fp/hard\libnosys.a
END GROUP
LOAD c:/users/21404/appdata/local/arduino15/packages/adafruit/tools/arm-none-eabi-gcc/9-2019q4/bin/../lib/gcc/arm-none-eabi/9.2.1/thumb/v7e-m+fp/hard/crtend.o
LOAD c:/users/21404/appdata/local/arduino15/packages/adafruit/tools/arm-none-eabi-gcc/9-2019q4/bin/../lib/gcc/arm-none-eabi/9.2.1/thumb/v7e-m+fp/hard/crtn.o
START GROUP
LOAD c:/users/21404/appdata/local/arduino15/packages/adafruit/tools/arm-none-eabi-gcc/9-2019q4/bin/../lib/gcc/arm-none-eabi/9.2.1/thumb/v7e-m+fp/hard\libgcc.a
LOAD c:/users/21404/appdata/local/arduino15/packages/adafruit/tools/arm-none-eabi-gcc/9-2019q4/bin/../lib/gcc/arm-none-eabi/9.2.1/../../../../arm-none-eabi/lib/thumb/v7e-m+fp/hard\libc.a
LOAD c:/users/21404/appdata/local/arduino15/packages/adafruit/tools/arm-none-eabi-gcc/9-2019q4/bin/../lib/gcc/arm-none-eabi/9.2.1/../../../../arm-none-eabi/lib/thumb/v7e-m+fp/hard\libnosys.a
END GROUP

.igot.plt       0x200037ec        0x0 load address 0x0002d720
 .igot.plt      0x200037ec        0x0 c:/users/21404/appdata/local/arduino15/packages/adafruit/tools/arm-none-eabi-gcc/9-2019q4/bin/../lib/gcc/arm-none-eabi/9.2.1/thumb/v7e-m+fp/hard/crtfastmath.o
                0x200037ec                . = ALIGN (0x4)

.svc_data       0x200037ec        0x0
                [!provide]                PROVIDE (__start_svc_data = .)
 *(.svc_data)
                [!provide]                PROVIDE (__stop_svc_data = .)

.fs_data        0x200037ec        0x0
                [!provide]                PROVIDE (__start_fs_data = .)
 *(.fs_data)
                [!provide]                PROVIDE (__stop_fs_data = .)

.bss            0x200037ec      0xbe0 load address 0x0002d720
                0x200037ec                . = ALIGN (0x4)
                0x200037ec                __bss_start__ = .
 *(.bss*)
 .bss           0x200037ec       0x1c c:/users/21404/appdata/local/arduino15/packages/adafruit/tools/arm-none-eabi-gcc/9-2019q4/bin/../lib/gcc/arm-none-eabi/9.2.1/thumb/v7e-m+fp/hard/crtbegin.o
 .bss.endTime   0x20003808       0x10 C:\Users\21404\AppData\Local\Temp\arduino\sketches\864071F1E2A0CEB8C128ECCFB649BBD3\sketch\sensor_master.ino.cpp.o
                0x20003808                endTime
 .bss.lastPollTime
                0x20003818       0x10 C:\Users\21404\AppData\Local\Temp\arduino\sketches\864071F1E2A0CEB8C128ECCFB649BBD3\sketch\sensor_master.ino.cpp.o
                0x20003818                lastPollTime
 .bss.nanCounter
                0x20003828       0x10 C:\Users\21404\AppData\Local\Temp\arduino\sketches\864071F1E2A0CEB8C128ECCFB649BBD3\sketch\sensor_master.ino.cpp.o
                0x20003828                nanCounter
 .bss.pollingActive
                0x20003838        0x4 C:\Users\21404\AppData\Local\Temp\arduino\sketches\864071F1E2A0CEB8C128ECCFB649BBD3\sketch\sensor_master.ino.cpp.o
                0x20003838                pollingActive
 .bss.receivedBuffer
                0x2000383c       0x40 C:\Users\21404\AppData\Local\Temp\arduino\sketches\864071F1E2A0CEB8C128ECCFB649BBD3\sketch\sensor_master.ino.cpp.o
                0x2000383c                receivedBuffer
 .bss.receivedData
                0x2000387c       0x38 C:\Users\21404\AppData\Local\Temp\arduino\sketches\864071F1E2A0CEB8C128ECCFB649BBD3\sketch\sensor_master.ino.cpp.o
                0x2000387c                receivedData
 .bss.sampleCounter
                0x200038b4       0x10 C:\Users\21404\AppData\Local\Temp\arduino\sketches\864071F1E2A0CEB8C128ECCFB649BBD3\sketch\sensor_master.ino.cpp.o
                0x200038b4                sampleCounter
 .bss.startTime
                0x200038c4       0x10 C:\Users\21404\AppData\Local\Temp\arduino\sketches\864071F1E2A0CEB8C128ECCFB649BBD3\sketch\sensor_master.ino.cpp.o
                0x200038c4                startTime
 .bss.SPI       0x200038d4       0x14 C:\Users\21404\AppData\Local\Temp\arduino\sketches\864071F1E2A0CEB8C128ECCFB649BBD3\libraries\SPI\SPI_nrf52832.cpp.o
                0x200038d4                SPI
 .bss._ZL20DEFAULT_SPI_SETTINGS
                0x200038e8        0x8 C:\Users\21404\AppData\Local\Temp\arduino\sketches\864071F1E2A0CEB8C128ECCFB649BBD3\libraries\SPI\SPI_nrf52832.cpp.o
 .bss.SerialTinyUSB
                0x200038f0       0x18 C:\Users\21404\AppData\Local\Temp\arduino\sketches\864071F1E2A0CEB8C128ECCFB649BBD3\libraries\Adafruit_TinyUSB_Arduino\arduino\Adafruit_USBD_CDC.cpp.o
                0x200038f0                SerialTinyUSB
 .bss.Serial    0x20003908       0xa8 C:\Users\21404\AppData\Local\Temp\arduino\sketches\864071F1E2A0CEB8C128ECCFB649BBD3/..\..\cores\907f208da1f5405b94dae7409b9f731e\core.a(Uart.cpp.o)
                0x20003908                Serial
 .bss.pxCurrentTCB
                0x200039b0        0x4 C:\Users\21404\AppData\Local\Temp\arduino\sketches\864071F1E2A0CEB8C128ECCFB649BBD3/..\..\cores\907f208da1f5405b94dae7409b9f731e\core.a(tasks.c.o)
                0x200039b0                pxCurrentTCB
 .bss.pxDelayedTaskList
                0x200039b4        0x4 C:\Users\21404\AppData\Local\Temp\arduino\sketches\864071F1E2A0CEB8C128ECCFB649BBD3/..\..\cores\907f208da1f5405b94dae7409b9f731e\core.a(tasks.c.o)
 .bss.pxOverflowDelayedTaskList
                0x200039b8        0x4 C:\Users\21404\AppData\Local\Temp\arduino\sketches\864071F1E2A0CEB8C128ECCFB649BBD3/..\..\cores\907f208da1f5405b94dae7409b9f731e\core.a(tasks.c.o)
 .bss.pxReadyTasksLists
                0x200039bc       0x64 C:\Users\21404\AppData\Local\Temp\arduino\sketches\864071F1E2A0CEB8C128ECCFB649BBD3/..\..\cores\907f208da1f5405b94dae7409b9f731e\core.a(tasks.c.o)
 .bss.uxCurrentNumberOfTasks